Component: ARM Compiler 5.06 update 7 (build 960) Tool: armlink [4d3601]

==============================================================================

Section Cross References

    system_stm32f10x.o(i.SetSysClock) refers to system_stm32f10x.o(i.SetSysClockTo72) for SetSysClockTo72
    system_stm32f10x.o(i.SystemCoreClockUpdate) refers to system_stm32f10x.o(.data) for SystemCoreClock
    system_stm32f10x.o(i.SystemInit) refers to system_stm32f10x.o(i.SetSysClock) for SetSysClock
    startup_stm32f10x_hd.o(STACK) refers (Special) to heapauxi.o(.text) for __use_two_region_memory
    startup_stm32f10x_hd.o(HEAP) refers (Special) to heapauxi.o(.text) for __use_two_region_memory
    startup_stm32f10x_hd.o(RESET) refers (Special) to heapauxi.o(.text) for __use_two_region_memory
    startup_stm32f10x_hd.o(RESET) refers to startup_stm32f10x_hd.o(STACK) for __initial_sp
    startup_stm32f10x_hd.o(RESET) refers to startup_stm32f10x_hd.o(.text) for Reset_Handler
    startup_stm32f10x_hd.o(RESET) refers to pid_control.o(i.TIM6_IRQHandler) for TIM6_IRQHandler
    startup_stm32f10x_hd.o(.text) refers (Special) to heapauxi.o(.text) for __use_two_region_memory
    startup_stm32f10x_hd.o(.text) refers to system_stm32f10x.o(i.SystemInit) for SystemInit
    startup_stm32f10x_hd.o(.text) refers to __main.o(!!!main) for __main
    startup_stm32f10x_hd.o(.text) refers to startup_stm32f10x_hd.o(HEAP) for Heap_Mem
    startup_stm32f10x_hd.o(.text) refers to startup_stm32f10x_hd.o(STACK) for Stack_Mem
    stm32f10x_adc.o(i.ADC_DeInit) refers to stm32f10x_rcc.o(i.RCC_APB2PeriphResetCmd) for RCC_APB2PeriphResetCmd
    stm32f10x_bkp.o(i.BKP_DeInit) refers to stm32f10x_rcc.o(i.RCC_BackupResetCmd) for RCC_BackupResetCmd
    stm32f10x_can.o(i.CAN_DeInit) refers to stm32f10x_rcc.o(i.RCC_APB1PeriphResetCmd) for RCC_APB1PeriphResetCmd
    stm32f10x_can.o(i.CAN_GetITStatus) refers to stm32f10x_can.o(i.CheckITStatus) for CheckITStatus
    stm32f10x_cec.o(i.CEC_DeInit) refers to stm32f10x_rcc.o(i.RCC_APB1PeriphResetCmd) for RCC_APB1PeriphResetCmd
    stm32f10x_dac.o(i.DAC_DeInit) refers to stm32f10x_rcc.o(i.RCC_APB1PeriphResetCmd) for RCC_APB1PeriphResetCmd
    stm32f10x_flash.o(i.FLASH_EnableWriteProtection) refers to stm32f10x_flash.o(i.FLASH_WaitForLastOperation) for FLASH_WaitForLastOperation
    stm32f10x_flash.o(i.FLASH_EraseAllBank1Pages) refers to stm32f10x_flash.o(i.FLASH_WaitForLastBank1Operation) for FLASH_WaitForLastBank1Operation
    stm32f10x_flash.o(i.FLASH_EraseAllPages) refers to stm32f10x_flash.o(i.FLASH_WaitForLastOperation) for FLASH_WaitForLastOperation
    stm32f10x_flash.o(i.FLASH_EraseOptionBytes) refers to stm32f10x_flash.o(i.FLASH_GetReadOutProtectionStatus) for FLASH_GetReadOutProtectionStatus
    stm32f10x_flash.o(i.FLASH_EraseOptionBytes) refers to stm32f10x_flash.o(i.FLASH_WaitForLastOperation) for FLASH_WaitForLastOperation
    stm32f10x_flash.o(i.FLASH_ErasePage) refers to stm32f10x_flash.o(i.FLASH_WaitForLastOperation) for FLASH_WaitForLastOperation
    stm32f10x_flash.o(i.FLASH_ProgramHalfWord) refers to stm32f10x_flash.o(i.FLASH_WaitForLastOperation) for FLASH_WaitForLastOperation
    stm32f10x_flash.o(i.FLASH_ProgramOptionByteData) refers to stm32f10x_flash.o(i.FLASH_WaitForLastOperation) for FLASH_WaitForLastOperation
    stm32f10x_flash.o(i.FLASH_ProgramWord) refers to stm32f10x_flash.o(i.FLASH_WaitForLastOperation) for FLASH_WaitForLastOperation
    stm32f10x_flash.o(i.FLASH_ReadOutProtection) refers to stm32f10x_flash.o(i.FLASH_WaitForLastOperation) for FLASH_WaitForLastOperation
    stm32f10x_flash.o(i.FLASH_UserOptionByteConfig) refers to stm32f10x_flash.o(i.FLASH_WaitForLastOperation) for FLASH_WaitForLastOperation
    stm32f10x_flash.o(i.FLASH_WaitForLastBank1Operation) refers to stm32f10x_flash.o(i.FLASH_GetBank1Status) for FLASH_GetBank1Status
    stm32f10x_flash.o(i.FLASH_WaitForLastOperation) refers to stm32f10x_flash.o(i.FLASH_GetBank1Status) for FLASH_GetBank1Status
    stm32f10x_gpio.o(i.GPIO_AFIODeInit) refers to stm32f10x_rcc.o(i.RCC_APB2PeriphResetCmd) for RCC_APB2PeriphResetCmd
    stm32f10x_gpio.o(i.GPIO_DeInit) refers to stm32f10x_rcc.o(i.RCC_APB2PeriphResetCmd) for RCC_APB2PeriphResetCmd
    stm32f10x_i2c.o(i.I2C_DeInit) refers to stm32f10x_rcc.o(i.RCC_APB1PeriphResetCmd) for RCC_APB1PeriphResetCmd
    stm32f10x_i2c.o(i.I2C_Init) refers to stm32f10x_rcc.o(i.RCC_GetClocksFreq) for RCC_GetClocksFreq
    stm32f10x_pwr.o(i.PWR_DeInit) refers to stm32f10x_rcc.o(i.RCC_APB1PeriphResetCmd) for RCC_APB1PeriphResetCmd
    stm32f10x_rcc.o(i.RCC_GetClocksFreq) refers to stm32f10x_rcc.o(.data) for APBAHBPrescTable
    stm32f10x_rcc.o(i.RCC_WaitForHSEStartUp) refers to stm32f10x_rcc.o(i.RCC_GetFlagStatus) for RCC_GetFlagStatus
    stm32f10x_rtc.o(i.RTC_SetAlarm) refers to stm32f10x_rtc.o(i.RTC_EnterConfigMode) for RTC_EnterConfigMode
    stm32f10x_rtc.o(i.RTC_SetAlarm) refers to stm32f10x_rtc.o(i.RTC_ExitConfigMode) for RTC_ExitConfigMode
[...]
    Removing stm32f10x_wwdg.o(i.WWDG_GetFlagStatus), (12 bytes).
    Removing stm32f10x_wwdg.o(i.WWDG_SetCounter), (16 bytes).
    Removing stm32f10x_wwdg.o(i.WWDG_SetPrescaler), (24 bytes).
    Removing stm32f10x_wwdg.o(i.WWDG_SetWindowValue), (40 bytes).
    Removing led.o(i.LED_Init), (92 bytes).
    Removing led.o(i.LED_OFF), (36 bytes).
    Removing led.o(i.LED_ON), (36 bytes).
    Removing oled.o(i.OLED_Pow), (20 bytes).
    Removing oled.o(i.OLED_ShowBinNum), (62 bytes).
    Removing oled.o(i.OLED_ShowChar), (116 bytes).
    Removing oled.o(i.OLED_ShowHexNum), (84 bytes).
    Removing oled.o(i.OLED_ShowNum), (68 bytes).
    Removing oled.o(i.OLED_ShowSignedNum), (102 bytes).
    Removing oled.o(i.OLED_ShowString), (40 bytes).
    Removing oled.o(.constdata), (1520 bytes).
    Removing encoder.o(i.Reset_All_Encoders), (52 bytes).
    Removing pid_control.o(i.Motor_Set_Target), (80 bytes).
    Removing pid_control.o(i.Motor_Set_Target_With_Speed), (104 bytes).
    Removing pid_control.o(i.Motor_Start_Control), (12 bytes).
    Removing pid_control.o(i.Motor_Stop_Control), (48 bytes).
    Removing pid_control.o(i.Stop_All_Motor), (48 bytes).
    Removing pid_control.o(i.TurnGo), (100 bytes).
    Removing sys.o(.emb_text), (16 bytes).
    Removing sys.o(i.Ex_NVIC_Config), (160 bytes).
    Removing sys.o(i.GPIO_AF_Set), (20 bytes).
    Removing sys.o(i.GPIO_Set), (408 bytes).
    Removing sys.o(i.MY_NVIC_Init), (120 bytes).
    Removing sys.o(i.MY_NVIC_PriorityGroupConfig), (40 bytes).
    Removing sys.o(i.MY_NVIC_SetVectorTable), (16 bytes).
    Removing sys.o(i.Stm32_Clock_Init), (152 bytes).
    Removing sys.o(i.Sys_Soft_Reset), (16 bytes).
    Removing sys.o(i.Sys_Standby), (76 bytes).
    Removing usart1.o(i.Usart1_Init), (120 bytes).
    Removing usart1.o(i.Usart1_ReceiveChar), (32 bytes).
    Removing usart1.o(i.Usart1_SendChar), (32 bytes).
    Removing usart1.o(i.Usart1_SendString), (22 bytes).
    Removing delay.o(i.delay_s), (24 bytes).
    Removing delay.o(i.delay_xms), (12 bytes).
    Removing usart3.o(i.USART3_ReceiveChar), (32 bytes).
    Removing usart3.o(i.USART3_SendChar), (32 bytes).
    Removing usart3.o(i.USART3_SendString), (22 bytes).
    Removing usart3.o(i.Usart3_Init), (128 bytes).
    Removing usart2.o(i.Usart2_Init), (124 bytes).
    Removing usart2.o(i.Usart2_ReceiveChar), (32 bytes).
    Removing usart2.o(i.Usart2_SendChar), (32 bytes).
    Removing usart2.o(i.Usart2_SendString), (22 bytes).
    Removing usart5.o(i.Usart5_ReceiveChar), (32 bytes).
    Removing usart5.o(i.Usart5_SendChar), (32 bytes).
    Removing usart5.o(i.Usart5_SendString), (22 bytes).
    Removing usart5.o(i.fputc), (28 bytes).
    Removing usart5.o(.data), (4 bytes).

490 unused section(s) (total 21694 bytes) removed from the image.

==============================================================================

Image Symbol Table

    Local Symbols

    Symbol Name                              Value     Ov Type        Size  Object(Section)

    ../clib/angel/boardlib.s                 0x00000000   Number         0  boardinit2.o ABSOLUTE
    ../clib/angel/boardlib.s                 0x00000000   Number         0  boardinit3.o ABSOLUTE
    ../clib/angel/boardlib.s                 0x00000000   Number         0  boardshut.o ABSOLUTE
    ../clib/angel/boardlib.s                 0x00000000   Number         0  boardinit1.o ABSOLUTE
    ../clib/angel/handlers.s                 0x00000000   Number         0  __scatter_copy.o ABSOLUTE
    ../clib/angel/handlers.s                 0x00000000   Number         0  __scatter_zi.o ABSOLUTE
    ../clib/angel/kernel.s                   0x00000000   Number         0  rtexit2.o ABSOLUTE
    ../clib/angel/kernel.s                   0x00000000   Number         0  rtexit.o ABSOLUTE
    ../clib/angel/kernel.s                   0x00000000   Number         0  __rtentry.o ABSOLUTE
    ../clib/angel/kernel.s                   0x00000000   Number         0  __rtentry2.o ABSOLUTE
    ../clib/angel/kernel.s                   0x00000000   Number         0  __rtentry4.o ABSOLUTE
    ../clib/angel/rt.s                       0x00000000   Number         0  rt_raise.o ABSOLUTE
    ../clib/angel/scatter.s                  0x00000000   Number         0  __scatter.o ABSOLUTE
    ../clib/angel/startup.s                  0x00000000   Number         0  __main.o ABSOLUTE
    ../clib/angel/sys.s                      0x00000000   Number         0  use_no_semi.o ABSOLUTE
    ../clib/angel/sys.s                      0x00000000   Number         0  libspace.o ABSOLUTE
    ../clib/angel/sys.s                      0x00000000   Number         0  use_no_semi_2.o ABSOLUTE
    ../clib/angel/sys.s                      0x00000000   Number         0  indicate_semi.o ABSOLUTE
    ../clib/angel/sys.s                      0x00000000   Number         0  sys_stackheap_outer.o ABSOLUTE
    ../clib/angel/sysapp.c                   0x00000000   Number         0  sys_wrch.o ABSOLUTE
    ../clib/angel/sysapp.c                   0x00000000   Number         0  sys_command.o ABSOLUTE
    ../clib/armsys.c                         0x00000000   Number         0  no_argv.o ABSOLUTE
    ../clib/armsys.c                         0x00000000   Number         0  _get_argv_nomalloc.o ABSOLUTE
    ../clib/armsys.c                         0x00000000   Number         0  argv_veneer.o ABSOLUTE
    ../clib/armsys.c                         0x00000000   Number         0  argv_veneer.o ABSOLUTE
    ../clib/heapalloc.c                      0x00000000   Number         0  hrguard.o ABSOLUTE
    ../clib/heapaux.c                        0x00000000   Number         0  heapauxi.o ABSOLUTE
    ../clib/libinit.s                        0x00000000   Number         0  libshutdown.o ABSOLUTE
    ../clib/libinit.s                        0x00000000   Number         0  libinit.o ABSOLUTE
    ../clib/libinit.s                        0x00000000   Number         0  libinit2.o ABSOLUTE
    ../clib/libinit.s                        0x00000000   Number         0  libshutdown2.o ABSOLUTE
    ../clib/signal.c                         0x00000000   Number         0  defsig_other.o ABSOLUTE
    ../clib/signal.c                         0x00000000   Number         0  defsig_segv_inner.o ABSOLUTE
    ../clib/signal.c                         0x00000000   Number         0  defsig_cppl_inner.o ABSOLUTE
    ../clib/signal.c                         0x00000000   Number         0  defsig_rtmem_inner.o ABSOLUTE
    ../clib/signal.c                         0x00000000   Number         0  defsig_pvfn_inner.o ABSOLUTE
    ../clib/signal.c                         0x00000000   Number         0  defsig_stak_inner.o ABSOLUTE
    ../clib/signal.c                         0x00000000   Number         0  defsig_rtred_inner.o ABSOLUTE
    ../clib/signal.c                         0x00000000   Number         0  defsig_fpe_inner.o ABSOLUTE
    ../clib/signal.c                         0x00000000   Number         0  defsig_general.o ABSOLUTE
    ../clib/signal.c                         0x00000000   Number         0  defsig_exit.o ABSOLUTE
    ../clib/signal.c                         0x00000000   Number         0  defsig_abrt_inner.o ABSOLUTE
    ../clib/signal.c                         0x00000000   Number         0  __raise.o ABSOLUTE
    ../clib/signal.c                         0x00000000   Number         0  defsig_rtmem_formal.o ABSOLUTE
    ../clib/signal.c                         0x00000000   Number         0  defsig_rtmem_outer.o ABSOLUTE
    ../clib/signal.s                         0x00000000   Number         0  defsig.o ABSOLUTE
    ../clib/stdlib.c                         0x00000000   Number         0  exit.o ABSOLUTE
    ../fplib/d2f.s                           0x00000000   Number         0  d2f.o ABSOLUTE
    ../fplib/daddsub.s                       0x00000000   Number         0  daddsub_clz.o ABSOLUTE
    ../fplib/dcmpi.s                         0x00000000   Number         0  dcmpi.o ABSOLUTE
    ../fplib/ddiv.s                          0x00000000   Number         0  ddiv.o ABSOLUTE
    ../fplib/dfixu.s                         0x00000000   Number         0  dfixu.o ABSOLUTE
    ../fplib/dflt.s                          0x00000000   Number         0  dflt_clz.o ABSOLUTE
    ../fplib/dleqf.s                         0x00000000   Number         0  dleqf.o ABSOLUTE
    ../fplib/dmul.s                          0x00000000   Number         0  dmul.o ABSOLUTE
    ../fplib/dnaninf.s                       0x00000000   Number         0  dnaninf.o ABSOLUTE
    ../fplib/dretinf.s                       0x00000000   Number         0  dretinf.o ABSOLUTE
    ../fplib/drleqf.s                        0x00000000   Number         0  drleqf.o ABSOLUTE
    ../fplib/f2d.s                           0x00000000   Number         0  f2d.o ABSOLUTE
    ../fplib/faddsub.s                       0x00000000   Number         0  faddsub_clz.o ABSOLUTE
    ../fplib/fcmpi.s                         0x00000000   Number         0  fcmpi.o ABSOLUTE
    ../fplib/ffix.s                          0x00000000   Number         0  ffix.o ABSOLUTE
    ../fplib/fflt.s                          0x00000000   Number         0  fflt_clz.o ABSOLUTE
    ../fplib/fleqf.s                         0x00000000   Number         0  fleqf.o ABSOLUTE
    ../fplib/fmul.s                          0x00000000   Number         0  fmul.o ABSOLUTE
    ../fplib/fnaninf.s                       0x00000000   Number         0  fnaninf.o ABSOLUTE
    ../fplib/fpinit.s                        0x00000000   Number         0  fpinit.o ABSOLUTE
    ../fplib/fretinf.s                       0x00000000   Number         0  fretinf.o ABSOLUTE
    ../fplib/frleqf.s                        0x00000000   Number         0  frleqf.o ABSOLUTE
    ../fplib/usenofp.s                       0x00000000   Number         0  usenofp.o ABSOLUTE
    ../mathlib/floor.c                       0x00000000   Number         0  floor.o ABSOLUTE
    Hardware\PCA9685.c                       0x00000000   Number         0  pca9685.o ABSOLUTE
    Hardware\TB6612.c                        0x00000000   Number         0  tb6612.o ABSOLUTE
    Hardware\encoder.c                       0x00000000   Number         0  encoder.o ABSOLUTE
    Hardware\led.c                           0x00000000   Number         0  led.o ABSOLUTE
    Hardware\oled.c                          0x00000000   Number         0  oled.o ABSOLUTE
    Hardware\pid_control.c                   0x00000000   Number         0  pid_control.o ABSOLUTE
    Library\misc.c                           0x00000000   Number         0  misc.o ABSOLUTE
    Library\stm32f10x_adc.c                  0x00000000   Number         0  stm32f10x_adc.o ABSOLUTE
    Library\stm32f10x_bkp.c                  0x00000000   Number         0  stm32f10x_bkp.o ABSOLUTE
    Library\stm32f10x_can.c                  0x00000000   Number         0  stm32f10x_can.o ABSOLUTE
    Library\stm32f10x_cec.c                  0x00000000   Number         0  stm32f10x_cec.o ABSOLUTE
    Library\stm32f10x_crc.c                  0x00000000   Number         0  stm32f10x_crc.o ABSOLUTE
    Library\stm32f10x_dac.c                  0x00000000   Number         0  stm32f10x_dac.o ABSOLUTE
    Library\stm32f10x_dbgmcu.c               0x00000000   Number         0  stm32f10x_dbgmcu.o ABSOLUTE
    Library\stm32f10x_dma.c                  0x00000000   Number         0  stm32f10x_dma.o ABSOLUTE
    Library\stm32f10x_exti.c                 0x00000000   Number         0  stm32f10x_exti.o ABSOLUTE
    Library\stm32f10x_flash.c                0x00000000   Number         0  stm32f10x_flash.o ABSOLUTE
    Library\stm32f10x_fsmc.c                 0x00000000   Number         0  stm32f10x_fsmc.o ABSOLUTE
    Library\stm32f10x_gpio.c                 0x00000000   Number         0  stm32f10x_gpio.o ABSOLUTE
    Library\stm32f10x_i2c.c                  0x00000000   Number         0  stm32f10x_i2c.o ABSOLUTE
    Library\stm32f10x_iwdg.c                 0x00000000   Number         0  stm32f10x_iwdg.o ABSOLUTE
    Library\stm32f10x_pwr.c                  0x00000000   Number         0  stm32f10x_pwr.o ABSOLUTE
    Library\stm32f10x_rcc.c                  0x00000000   Number         0  stm32f10x_rcc.o ABSOLUTE
    Library\stm32f10x_rtc.c                  0x00000000   Number         0  stm32f10x_rtc.o ABSOLUTE
    Library\stm32f10x_sdio.c                 0x00000000   Number         0  stm32f10x_sdio.o ABSOLUTE
    Library\stm32f10x_spi.c                  0x00000000   Number         0  stm32f10x_spi.o ABSOLUTE
    Library\stm32f10x_tim.c                  0x00000000   Number         0  stm32f10x_tim.o ABSOLUTE
    Library\stm32f10x_usart.c                0x00000000   Number         0  stm32f10x_usart.o ABSOLUTE
    Library\stm32f10x_wwdg.c                 0x00000000   Number         0  stm32f10x_wwdg.o ABSOLUTE
    Start\startup_stm32f10x_hd.s             0x00000000   Number         0  startup_stm32f10x_hd.o ABSOLUTE
    System\IIC.c                             0x00000000   Number         0  iic.o ABSOLUTE
    System\Usart1.c                          0x00000000   Number         0  usart1.o ABSOLUTE
    System\Usart2.c                          0x00000000   Number         0  usart2.o ABSOLUTE
    System\Usart3.c                          0x00000000   Number         0  usart3.o ABSOLUTE
    System\Usart5.c                          0x00000000   Number         0  usart5.o ABSOLUTE
    System\\sys.c                            0x00000000   Number         0  sys.o ABSOLUTE
    System\delay.c                           0x00000000   Number         0  delay.o ABSOLUTE
    System\sys.c                             0x00000000   Number         0  sys.o ABSOLUTE
    User\main.c                              0x00000000   Number         0  main.o ABSOLUTE
    dc.s                                     0x00000000   Number         0  dc.o ABSOLUTE
    start\\core_cm3.c                        0x00000000   Number         0  core_cm3.o ABSOLUTE
    start\core_cm3.c                         0x00000000   Number         0  core_cm3.o ABSOLUTE
    start\system_stm32f10x.c                 0x00000000   Number         0  system_stm32f10x.o ABSOLUTE
    RESET                                    0x08000000   Section      304  startup_stm32f10x_hd.o(RESET)
    !!!main                                  0x08000130   Section        8  __main.o(!!!main)
    !!!scatter                               0x08000138   Section       52  __scatter.o(!!!scatter)
    !!handler_copy                           0x0800016c   Section       26  __scatter_copy.o(!!handler_copy)
    !!handler_zi                             0x08000188   Section       28  __scatter_zi.o(!!handler_zi)
    .ARM.Collect$$libinit$$00000000          0x080001a4   Section        2  libinit.o(.ARM.Collect$$libinit$$00000000)
    .ARM.Collect$$libinit$$00000002          0x080001a6   Section        0  libinit2.o(.ARM.Collect$$libinit$$00000002)
    .ARM.Collect$$libinit$$00000004          0x080001a6   Section        0  libinit2.o(.ARM.Collect$$libinit$$00000004)
    .ARM.Collect$$libinit$$0000000A          0x080001a6   Section        0  libinit2.o(.ARM.Collect$$libinit$$0000000A)
    .ARM.Collect$$libinit$$0000000C          0x080001a6   Section        0  libinit2.o(.ARM.Collect$$libinit$$0000000C)
    .ARM.Collect$$libinit$$0000000E          0x080001a6   Section        0  libinit2.o(.ARM.Collect$$libinit$$0000000E)
    .ARM.Collect$$libinit$$00000011          0x080001a6   Section        0  libinit2.o(.ARM.Collect$$libinit$$00000011)
    .ARM.Collect$$libinit$$00000013          0x080001a6   Section        0  libinit2.o(.ARM.Collect$$libinit$$00000013)
    .ARM.Collect$$libinit$$00000015          0x080001a6   Section        0  libinit2.o(.ARM.Collect$$libinit$$00000015)
    .ARM.Collect$$libinit$$00000017          0x080001a6   Section        0  libinit2.o(.ARM.Collect$$libinit$$00000017)
    .ARM.Collect$$libinit$$00000019          0x080001a6   Section        0  libinit2.o(.ARM.Collect$$libinit$$00000019)
    .ARM.Collect$$libinit$$0000001B          0x080001a6   Section        0  libinit2.o(.ARM.Collect$$libinit$$0000001B)
    .ARM.Collect$$libinit$$0000001D          0x080001a6   Section        0  libinit2.o(.ARM.Collect$$libinit$$0000001D)
    .ARM.Collect$$libinit$$0000001F          0x080001a6   Section        0  libinit2.o(.ARM.Collect$$libinit$$0000001F)
    .ARM.Collect$$libinit$$00000021          0x080001a6   Section        0  libinit2.o(.ARM.Collect$$libinit$$00000021)
    .ARM.Collect$$libinit$$00000023          0x080001a6   Section        0  libinit2.o(.ARM.Collect$$libinit$$00000023)
    .ARM.Collect$$libinit$$00000025          0x080001a6   Section        0  libinit2.o(.ARM.Collect$$libinit$$00000025)
    .ARM.Collect$$libinit$$0000002C          0x080001a6   Section        0  libinit2.o(.ARM.Collect$$libinit$$0000002C)
    .ARM.Collect$$libinit$$0000002E          0x080001a6   Section        0  libinit2.o(.ARM.Collect$$libinit$$0000002E)
    .ARM.Collect$$libinit$$00000030          0x080001a6   Section        0  libinit2.o(.ARM.Collect$$libinit$$00000030)
    .ARM.Collect$$libinit$$00000032          0x080001a6   Section        0  libinit2.o(.ARM.Collect$$libinit$$00000032)
    .ARM.Collect$$libinit$$00000033          0x080001a6   Section        2  libinit2.o(.ARM.Collect$$libinit$$00000033)
    .ARM.Collect$$libshutdown$$00000000      0x080001a8   Section        2  libshutdown.o(.ARM.Collect$$libshutdown$$00000000)
    .ARM.Collect$$libshutdown$$00000002      0x080001aa   Section        0  libshutdown2.o(.ARM.Collect$$libshutdown$$00000002)
    .ARM.Collect$$libshutdown$$00000004      0x080001aa   Section        0  libshutdown2.o(.ARM.Collect$$libshutdown$$00000004)
    .ARM.Collect$$libshutdown$$00000006      0x080001aa   Section        0  libshutdown2.o(.ARM.Collect$$libshutdown$$00000006)
    .ARM.Collect$$libshutdown$$00000009      0x080001aa   Section        0  libshutdown2.o(.ARM.Collect$$libshutdown$$00000009)
    .ARM.Collect$$libshutdown$$0000000C      0x080001aa   Section        0  libshutdown2.o(.ARM.Collect$$libshutdown$$0000000C)
    .ARM.Collect$$libshutdown$$0000000E      0x080001aa   Section        0  libshutdown2.o(.ARM.Collect$$libshutdown$$0000000E)
    .ARM.Collect$$libshutdown$$00000011      0x080001aa   Section        0  libshutdown2.o(.ARM.Collect$$libshutdown$$00000011)
    .ARM.Collect$$libshutdown$$00000012      0x080001aa   Section        2  libshutdown2.o(.ARM.Collect$$libshutdown$$00000012)
    .ARM.Collect$$rtentry$$00000000          0x080001ac   Section        0  __rtentry.o(.ARM.Collect$$rtentry$$00000000)
    .ARM.Collect$$rtentry$$00000002          0x080001ac   Section        0  __rtentry2.o(.ARM.Collect$$rtentry$$00000002)
    .ARM.Collect$$rtentry$$00000004          0x080001ac   Section        6  __rtentry4.o(.ARM.Collect$$rtentry$$00000004)
    .ARM.Collect$$rtentry$$00000009          0x080001b2   Section        0  __rtentry2.o(.ARM.Collect$$rtentry$$00000009)
    .ARM.Collect$$rtentry$$0000000A          0x080001b2   Section        4  __rtentry2.o(.ARM.Collect$$rtentry$$0000000A)
    .ARM.Collect$$rtentry$$0000000C          0x080001b6   Section        0  __rtentry2.o(.ARM.Collect$$rtentry$$0000000C)
    .ARM.Collect$$rtentry$$0000000D          0x080001b6   Section        8  __rtentry2.o(.ARM.Collect$$rtentry$$0000000D)
    .ARM.Collect$$rtexit$$00000000           0x080001be   Section        2  rtexit.o(.ARM.Collect$$rtexit$$00000000)
    .ARM.Collect$$rtexit$$00000002           0x080001c0   Section        0  rtexit2.o(.ARM.Collect$$rtexit$$00000002)
    .ARM.Collect$$rtexit$$00000003           0x080001c0   Section        4  rtexit2.o(.ARM.Collect$$rtexit$$00000003)
    .ARM.Collect$$rtexit$$00000004           0x080001c4   Section        6  rtexit2.o(.ARM.Collect$$rtexit$$00000004)
    .text                                    0x080001cc   Section       64  startup_stm32f10x_hd.o(.text)
    .text                                    0x0800020c   Section        2  use_no_semi_2.o(.text)
    .text                                    0x0800020e   Section        0  heapauxi.o(.text)
    .text                                    0x08000214   Section        2  use_no_semi.o(.text)
    .text                                    0x08000216   Section       74  sys_stackheap_outer.o(.text)
    .text                                    0x08000260   Section        0  exit.o(.text)
    .text                                    0x08000274   Section        8  libspace.o(.text)
    i.Encoder1_Init                          0x0800027c   Section        0  encoder.o(i.Encoder1_Init)
    i.Encoder2_Init                          0x08000300   Section        0  encoder.o(i.Encoder2_Init)
    i.Encoder3_Init                          0x080003a0   Section        0  encoder.o(i.Encoder3_Init)
    i.Encoder4_Init                          0x0800041c   Section        0  encoder.o(i.Encoder4_Init)
    i.Encoder_Init                           0x08000498   Section        0  encoder.o(i.Encoder_Init)
    i.GPIO_Init                              0x080004ac   Section        0  stm32f10x_gpio.o(i.GPIO_Init)
    i.GPIO_PinRemapConfig                    0x080005c4   Section        0  stm32f10x_gpio.o(i.GPIO_PinRemapConfig)
    i.GPIO_ResetBits                         0x08000654   Section        0  stm32f10x_gpio.o(i.GPIO_ResetBits)
    i.GPIO_SetBits                           0x08000658   Section        0  stm32f10x_gpio.o(i.GPIO_SetBits)
    i.GPIO_WriteBit                          0x0800065c   Section        0  stm32f10x_gpio.o(i.GPIO_WriteBit)
    i.Get_Accumulated_Position               0x08000668   Section        0  pid_control.o(i.Get_Accumulated_Position)
    i.Get_Encoder_Count                      0x080006ac   Section        0  encoder.o(i.Get_Encoder_Count)
    i.Get_Motor_Speed                        0x080006fc   Section        0  pid_control.o(i.Get_Motor_Speed)
    i.Hardware_PWM_Init                      0x08000718   Section        0  tb6612.o(i.Hardware_PWM_Init)
    i.IIC_Ack                                0x08000824   Section        0  iic.o(i.IIC_Ack)
    i.IIC_Init                               0x08000874   Section        0  iic.o(i.IIC_Init)
    i.IIC_NAck                               0x080008b4   Section        0  iic.o(i.IIC_NAck)
    i.IIC_Read_Byte                          0x08000904   Section        0  iic.o(i.IIC_Read_Byte)
    i.IIC_Send_Byte                          0x08000974   Section        0  iic.o(i.IIC_Send_Byte)
    i.IIC_Start                              0x080009dc   Section        0  iic.o(i.IIC_Start)
    i.IIC_Stop                               0x08000a28   Section        0  iic.o(i.IIC_Stop)
    i.IIC_Wait_Ack                           0x08000a74   Section        0  iic.o(i.IIC_Wait_Ack)
    i.Incremental_PID                        0x08000ad8   Section        0  pid_control.o(i.Incremental_PID)
    i.MOTOR_Init                             0x08000bc0   Section        0  tb6612.o(i.MOTOR_Init)
    i.Motor_Cascade_PID_Init                 0x08000bd0   Section        0  pid_control.o(i.Motor_Cascade_PID_Init)
    i.Motor_Direction_Init                   0x08000c08   Section        0  tb6612.o(i.Motor_Direction_Init)
    i.Motor_SetDirection                     0x08000c74   Section        0  tb6612.o(i.Motor_SetDirection)
    i.Motor_SetPWM                           0x08000d98   Section        0  tb6612.o(i.Motor_SetPWM)
    i.Move_stop                              0x08000df0   Section        0  tb6612.o(i.Move_stop)
    i.NVIC_Init                              0x08000e34   Section        0  misc.o(i.NVIC_Init)
    i.OLED_Clear                             0x08000ea4   Section        0  oled.o(i.OLED_Clear)
    i.OLED_I2C_Init                          0x08000ed0   Section        0  oled.o(i.OLED_I2C_Init)
    i.OLED_I2C_SendByte                      0x08000f1c   Section        0  oled.o(i.OLED_I2C_SendByte)
    i.OLED_I2C_Start                         0x08000f74   Section        0  oled.o(i.OLED_I2C_Start)
    i.OLED_I2C_Stop                          0x08000fa4   Section        0  oled.o(i.OLED_I2C_Stop)
    i.OLED_Init                              0x08000fcc   Section        0  oled.o(i.OLED_Init)
    i.OLED_SetCursor                         0x0800107a   Section        0  oled.o(i.OLED_SetCursor)
    i.OLED_WriteCommand                      0x0800109c   Section        0  oled.o(i.OLED_WriteCommand)
    i.OLED_WriteData                         0x080010bc   Section        0  oled.o(i.OLED_WriteData)
    i.PCA9685_Init                           0x080010dc   Section        0  pca9685.o(i.PCA9685_Init)
    i.PCA9685_read                           0x080010f8   Section        0  pca9685.o(i.PCA9685_read)
    i.PCA9685_write                          0x08001132   Section        0  pca9685.o(i.PCA9685_write)
    i.PID_Control_Init                       0x08001160   Section        0  pid_control.o(i.PID_Control_Init)
    i.Position_PID                           0x080011c0   Section        0  pid_control.o(i.Position_PID)
    i.RCC_APB1PeriphClockCmd                 0x080012b0   Section        0  stm32f10x_rcc.o(i.RCC_APB1PeriphClockCmd)
    i.RCC_APB2PeriphClockCmd                 0x080012d0   Section        0  stm32f10x_rcc.o(i.RCC_APB2PeriphClockCmd)
    i.RCC_GetClocksFreq                      0x080012f0   Section        0  stm32f10x_rcc.o(i.RCC_GetClocksFreq)
    i.Reset_Accumulated_Position             0x080013c4   Section        0  pid_control.o(i.Reset_Accumulated_Position)
    i.Reset_Encoder                          0x080013e4   Section        0  encoder.o(i.Reset_Encoder)
    i.SetSysClock                            0x08001434   Section        0  system_stm32f10x.o(i.SetSysClock)
    SetSysClock                              0x08001435   Thumb Code     8  system_stm32f10x.o(i.SetSysClock)
    i.SetSysClockTo72                        0x0800143c   Section        0  system_stm32f10x.o(i.SetSysClockTo72)
    SetSysClockTo72                          0x0800143d   Thumb Code   214  system_stm32f10x.o(i.SetSysClockTo72)
    i.Set_Motor_PWM                          0x0800151c   Section        0  tb6612.o(i.Set_Motor_PWM)
    i.SystemInit                             0x0800157c   Section        0  system_stm32f10x.o(i.SystemInit)
    i.TIM6_IRQHandler                        0x080015dc   Section        0  pid_control.o(i.TIM6_IRQHandler)
    i.TIM_ClearITPendingBit                  0x080016f0   Section        0  stm32f10x_tim.o(i.TIM_ClearITPendingBit)
    i.TIM_Cmd                                0x080016f6   Section        0  stm32f10x_tim.o(i.TIM_Cmd)
    i.TIM_CtrlPWMOutputs                     0x0800170e   Section        0  stm32f10x_tim.o(i.TIM_CtrlPWMOutputs)
    i.TIM_EncoderInterfaceConfig             0x0800172c   Section        0  stm32f10x_tim.o(i.TIM_EncoderInterfaceConfig)
    i.TIM_GetCounter                         0x0800176e   Section        0  stm32f10x_tim.o(i.TIM_GetCounter)
    i.TIM_GetITStatus                        0x08001774   Section        0  stm32f10x_tim.o(i.TIM_GetITStatus)
    i.TIM_ITConfig                           0x08001796   Section        0  stm32f10x_tim.o(i.TIM_ITConfig)
    i.TIM_OC1Init                            0x080017a8   Section        0  stm32f10x_tim.o(i.TIM_OC1Init)
    i.TIM_OC1PreloadConfig                   0x08001840   Section        0  stm32f10x_tim.o(i.TIM_OC1PreloadConfig)
    i.TIM_OC2Init                            0x08001854   Section        0  stm32f10x_tim.o(i.TIM_OC2Init)
    i.TIM_OC2PreloadConfig                   0x080018f8   Section        0  stm32f10x_tim.o(i.TIM_OC2PreloadConfig)
    i.TIM_OC3Init                            0x08001914   Section        0  stm32f10x_tim.o(i.TIM_OC3Init)
    i.TIM_OC3PreloadConfig                   0x080019b4   Section        0  stm32f10x_tim.o(i.TIM_OC3PreloadConfig)
    i.TIM_OC4Init                            0x080019c8   Section        0  stm32f10x_tim.o(i.TIM_OC4Init)
    i.TIM_OC4PreloadConfig                   0x08001a44   Section        0  stm32f10x_tim.o(i.TIM_OC4PreloadConfig)
    i.TIM_SetCompare1                        0x08001a5e   Section        0  stm32f10x_tim.o(i.TIM_SetCompare1)
    i.TIM_SetCompare2                        0x08001a62   Section        0  stm32f10x_tim.o(i.TIM_SetCompare2)
    i.TIM_SetCompare3                        0x08001a66   Section        0  stm32f10x_tim.o(i.TIM_SetCompare3)
    i.TIM_SetCompare4                        0x08001a6a   Section        0  stm32f10x_tim.o(i.TIM_SetCompare4)
    i.TIM_SetCounter                         0x08001a70   Section        0  stm32f10x_tim.o(i.TIM_SetCounter)
    i.TIM_TimeBaseInit                       0x08001a74   Section        0  stm32f10x_tim.o(i.TIM_TimeBaseInit)
    i.USART_Cmd                              0x08001b18   Section        0  stm32f10x_usart.o(i.USART_Cmd)
    i.USART_Init                             0x08001b30   Section        0  stm32f10x_usart.o(i.USART_Init)
    i.Usart5_Init                            0x08001c08   Section        0  usart5.o(i.Usart5_Init)
    i.Xianfu                                 0x08001c88   Section        0  tb6612.o(i.Xianfu)
    i._sys_exit                              0x08001c98   Section        0  usart5.o(i._sys_exit)
    i.calculate_PWM                          0x08001c9c   Section        0  pca9685.o(i.calculate_PWM)
    i.crazyMe                                0x08001d00   Section        0  pca9685.o(i.crazyMe)
    i.delay_init                             0x08001d90   Section        0  delay.o(i.delay_init)
    i.delay_ms                               0x08001dc0   Section        0  delay.o(i.delay_ms)
    i.delay_us                               0x08001dd8   Section        0  delay.o(i.delay_us)
    i.floor                                  0x08001e14   Section        0  floor.o(i.floor)
    i.init                                   0x08001ef0   Section        0  main.o(i.init)
    i.main                                   0x08001f16   Section        0  main.o(i.main)
    i.setPWM                                 0x08001f30   Section        0  pca9685.o(i.setPWM)
    i.setPWMFreq                             0x08001f6c   Section        0  pca9685.o(i.setPWMFreq)
    x$fpl$dadd                               0x08002004   Section      336  daddsub_clz.o(x$fpl$dadd)
    _dadd1                                   0x08002015   Thumb Code     0  daddsub_clz.o(x$fpl$dadd)
    x$fpl$dcmpinf                            0x08002154   Section       24  dcmpi.o(x$fpl$dcmpinf)
    x$fpl$ddiv                               0x0800216c   Section      688  ddiv.o(x$fpl$ddiv)
    ddiv_entry                               0x08002173   Thumb Code     0  ddiv.o(x$fpl$ddiv)
    x$fpl$dfixu                              0x0800241c   Section       90  dfixu.o(x$fpl$dfixu)
    x$fpl$dflt                               0x08002476   Section       46  dflt_clz.o(x$fpl$dflt)
    x$fpl$dfltu                              0x080024a4   Section       38  dflt_clz.o(x$fpl$dfltu)
    x$fpl$dleqf                              0x080024cc   Section      120  dleqf.o(x$fpl$dleqf)
    x$fpl$dmul                               0x08002544   Section      340  dmul.o(x$fpl$dmul)
    x$fpl$dnaninf                            0x08002698   Section      156  dnaninf.o(x$fpl$dnaninf)
    x$fpl$dretinf                            0x08002734   Section       12  dretinf.o(x$fpl$dretinf)
    x$fpl$drleqf                             0x08002740   Section      108  drleqf.o(x$fpl$drleqf)
    x$fpl$drsb                               0x080027ac   Section       22  daddsub_clz.o(x$fpl$drsb)
    x$fpl$dsub                               0x080027c4   Section      468  daddsub_clz.o(x$fpl$dsub)
    _dsub1                                   0x080027d5   Thumb Code     0  daddsub_clz.o(x$fpl$dsub)
    x$fpl$fadd                               0x08002998   Section      196  faddsub_clz.o(x$fpl$fadd)
    _fadd1                                   0x080029a7   Thumb Code     0  faddsub_clz.o(x$fpl$fadd)
    x$fpl$fcmpinf                            0x08002a5c   Section       24  fcmpi.o(x$fpl$fcmpinf)
    x$fpl$ffix                               0x08002a74   Section       54  ffix.o(x$fpl$ffix)
    x$fpl$fflt                               0x08002aac   Section       48  fflt_clz.o(x$fpl$fflt)
    x$fpl$fleqf                              0x08002adc   Section      104  fleqf.o(x$fpl$fleqf)
    x$fpl$fmul                               0x08002b44   Section      258  fmul.o(x$fpl$fmul)
    x$fpl$fnaninf                            0x08002c46   Section      140  fnaninf.o(x$fpl$fnaninf)
    x$fpl$fretinf                            0x08002cd2   Section       10  fretinf.o(x$fpl$fretinf)
    x$fpl$frleqf                             0x08002cdc   Section       98  frleqf.o(x$fpl$frleqf)
    x$fpl$frsb                               0x08002d3e   Section       20  faddsub_clz.o(x$fpl$frsb)
    x$fpl$fsub                               0x08002d54   Section      234  faddsub_clz.o(x$fpl$fsub)
    _fsub1                                   0x08002d63   Thumb Code     0  faddsub_clz.o(x$fpl$fsub)
    x$fpl$usenofp                            0x08002e3e   Section        0  usenofp.o(x$fpl$usenofp)
    .data                                    0x20000000   Section       20  stm32f10x_rcc.o(.data)
    APBAHBPrescTable                         0x20000000   Data          16  stm32f10x_rcc.o(.data)
    ADCPrescTable                            0x20000010   Data           4  stm32f10x_rcc.o(.data)
    .data                                    0x20000014   Section       25  pid_control.o(.data)
    pid_control_enabled                      0x2000002c   Data           1  pid_control.o(.data)
    .data                                    0x2000002e   Section        4  delay.o(.data)
    fac_us                                   0x2000002e   Data           1  delay.o(.data)
    fac_ms                                   0x20000030   Data           2  delay.o(.data)
    .bss                                     0x20000034   Section      224  pid_control.o(.bss)
    motor_states                             0x20000034   Data          80  pid_control.o(.bss)
    Moto                                     0x20000084   Data          16  pid_control.o(.bss)
    Bias                                     0x20000094   Data          16  pid_control.o(.bss)
    Pwm                                      0x200000a4   Data          16  pid_control.o(.bss)
    Last_Bias                                0x200000b4   Data          16  pid_control.o(.bss)
    Integral_bias                            0x200000c4   Data          16  pid_control.o(.bss)
    Bias                                     0x200000d4   Data          16  pid_control.o(.bss)
    Pwm                                      0x200000e4   Data          16  pid_control.o(.bss)
    Last_bias                                0x200000f4   Data          16  pid_control.o(.bss)
    Prev_bias                                0x20000104   Data          16  pid_control.o(.bss)
    .bss                                     0x20000114   Section       96  libspace.o(.bss)
    HEAP                                     0x20000178   Section      512  startup_stm32f10x_hd.o(HEAP)
    Heap_Mem                                 0x20000178   Data         512  startup_stm32f10x_hd.o(HEAP)
    STACK                                    0x20000378   Section     1024  startup_stm32f10x_hd.o(STACK)
    Stack_Mem                                0x20000378   Data        1024  startup_stm32f10x_hd.o(STACK)
    __initial_sp                             0x20000778   Data           0  startup_stm32f10x_hd.o(STACK)

    Global Symbols

    Symbol Name                              Value     Ov Type        Size  Object(Section)

    BuildAttributes$$THM_ISAv4$P$D$K$B$S$PE$A:L22UL41UL21$X:L11$S22US41US21$IEEE1$IW$USESV6$~STKCKD$USESV7$~SHL$OTIME$ROPI$IEEEJ$EBA8$UX$STANDARDLIB$REQ8$PRES8$EABIv2 0x00000000   Number         0  anon$$obj.o ABSOLUTE
    __ARM_use_no_argv                        0x00000000   Number         0  main.o ABSOLUTE
    __ARM_exceptions_init                     - Undefined Weak Reference
    __alloca_initialize                       - Undefined Weak Reference
    __arm_fini_                               - Undefined Weak Reference
    __arm_preinit_                            - Undefined Weak Reference
    __cpp_initialize__aeabi_                  - Undefined Weak Reference
    __cxa_finalize                            - Undefined Weak Reference
    __rt_locale                               - Undefined Weak Reference
    __sigvec_lookup                           - Undefined Weak Reference
    _atexit_init                              - Undefined Weak Reference
    _call_atexit_fns                          - Undefined Weak Reference
    _clock_init                               - Undefined Weak Reference
    _fp_trap_init                             - Undefined Weak Reference
    _fp_trap_shutdown                         - Undefined Weak Reference
    _get_lc_collate                           - Undefined Weak Reference
    _get_lc_ctype                             - Undefined Weak Reference
    _get_lc_monetary                          - Undefined Weak Reference
    _get_lc_numeric                           - Undefined Weak Reference
    _get_lc_time                              - Undefined Weak Reference
    _getenv_init                              - Undefined Weak Reference
    _handle_redirection                       - Undefined Weak Reference
    _init_alloc                               - Undefined Weak Reference
    _init_user_alloc                          - Undefined Weak Reference
    _initio                                   - Undefined Weak Reference
    _rand_init                                - Undefined Weak Reference
    _signal_finish                            - Undefined Weak Reference
    _signal_init                              - Undefined Weak Reference
    _terminate_alloc                          - Undefined Weak Reference
    _terminate_user_alloc                     - Undefined Weak Reference
    _terminateio                              - Undefined Weak Reference
    __Vectors_Size                           0x00000130   Number         0  startup_stm32f10x_hd.o ABSOLUTE
    __Vectors                                0x08000000   Data           4  startup_stm32f10x_hd.o(RESET)
    __Vectors_End                            0x08000130   Data           0  startup_stm32f10x_hd.o(RESET)
    __main                                   0x08000131   Thumb Code     8  __main.o(!!!main)
    __scatterload                            0x08000139   Thumb Code     0  __scatter.o(!!!scatter)
    __scatterload_rt2                        0x08000139   Thumb Code    44  __scatter.o(!!!scatter)
    __scatterload_rt2_thumb_only             0x08000139   Thumb Code     0  __scatter.o(!!!scatter)
    __scatterload_null                       0x08000147   Thumb Code     0  __scatter.o(!!!scatter)
    __scatterload_copy                       0x0800016d   Thumb Code    26  __scatter_copy.o(!!handler_copy)
    __scatterload_zeroinit                   0x08000189   Thumb Code    28  __scatter_zi.o(!!handler_zi)
    __rt_lib_init                            0x080001a5   Thumb Code     0  libinit.o(.ARM.Collect$$libinit$$00000000)
    __rt_lib_init_alloca_1                   0x080001a7   Thumb Code     0  libinit2.o(.ARM.Collect$$libinit$$0000002E)
    __rt_lib_init_argv_1                     0x080001a7   Thumb Code     0  libinit2.o(.ARM.Collect$$libinit$$0000002C)
    __rt_lib_init_atexit_1                   0x080001a7   Thumb Code     0  libinit2.o(.ARM.Collect$$libinit$$0000001B)
    __rt_lib_init_clock_1                    0x080001a7   Thumb Code     0  libinit2.o(.ARM.Collect$$libinit$$00000021)
    __rt_lib_init_cpp_1                      0x080001a7   Thumb Code     0  libinit2.o(.ARM.Collect$$libinit$$00000032)
    __rt_lib_init_exceptions_1               0x080001a7   Thumb Code     0  libinit2.o(.ARM.Collect$$libinit$$00000030)
    __rt_lib_init_fp_1                       0x080001a7   Thumb Code     0  libinit2.o(.ARM.Collect$$libinit$$00000002)
    __rt_lib_init_fp_trap_1                  0x080001a7   Thumb Code     0  libinit2.o(.ARM.Collect$$libinit$$0000001F)
    __rt_lib_init_getenv_1                   0x080001a7   Thumb Code     0  libinit2.o(.ARM.Collect$$libinit$$00000023)
    __rt_lib_init_heap_1                     0x080001a7   Thumb Code     0  libinit2.o(.ARM.Collect$$libinit$$0000000A)
    __rt_lib_init_lc_collate_1               0x080001a7   Thumb Code     0  libinit2.o(.ARM.Collect$$libinit$$00000011)
    __rt_lib_init_lc_ctype_1                 0x080001a7   Thumb Code     0  libinit2.o(.ARM.Collect$$libinit$$00000013)
    __rt_lib_init_lc_monetary_1              0x080001a7   Thumb Code     0  libinit2.o(.ARM.Collect$$libinit$$00000015)
    __rt_lib_init_lc_numeric_1               0x080001a7   Thumb Code     0  libinit2.o(.ARM.Collect$$libinit$$00000017)
    __rt_lib_init_lc_time_1                  0x080001a7   Thumb Code     0  libinit2.o(.ARM.Collect$$libinit$$00000019)
    __rt_lib_init_preinit_1                  0x080001a7   Thumb Code     0  libinit2.o(.ARM.Collect$$libinit$$00000004)
    __rt_lib_init_rand_1                     0x080001a7   Thumb Code     0  libinit2.o(.ARM.Collect$$libinit$$0000000E)
    __rt_lib_init_return                     0x080001a7   Thumb Code     0  libinit2.o(.ARM.Collect$$libinit$$00000033)
    __rt_lib_init_signal_1                   0x080001a7   Thumb Code     0  libinit2.o(.ARM.Collect$$libinit$$0000001D)
    __rt_lib_init_stdio_1                    0x080001a7   Thumb Code     0  libinit2.o(.ARM.Collect$$libinit$$00000025)
    __rt_lib_init_user_alloc_1               0x080001a7   Thumb Code     0  libinit2.o(.ARM.Collect$$libinit$$0000000C)
    __rt_lib_shutdown                        0x080001a9   Thumb Code     0  libshutdown.o(.ARM.Collect$$libshutdown$$00000000)
    __rt_lib_shutdown_cpp_1                  0x080001ab   Thumb Code     0  libshutdown2.o(.ARM.Collect$$libshutdown$$00000004)
    __rt_lib_shutdown_fini_1                 0x080001ab   Thumb Code     0  libshutdown2.o(.ARM.Collect$$libshutdown$$00000002)
    __rt_lib_shutdown_fp_trap_1              0x080001ab   Thumb Code     0  libshutdown2.o(.ARM.Collect$$libshutdown$$00000009)
    __rt_lib_shutdown_heap_1                 0x080001ab   Thumb Code     0  libshutdown2.o(.ARM.Collect$$libshutdown$$00000011)
    __rt_lib_shutdown_return                 0x080001ab   Thumb Code     0  libshutdown2.o(.ARM.Collect$$libshutdown$$00000012)
    __rt_lib_shutdown_signal_1               0x080001ab   Thumb Code     0  libshutdown2.o(.ARM.Collect$$libshutdown$$0000000C)
    __rt_lib_shutdown_stdio_1                0x080001ab   Thumb Code     0  libshutdown2.o(.ARM.Collect$$libshutdown$$00000006)
    __rt_lib_shutdown_user_alloc_1           0x080001ab   Thumb Code     0  libshutdown2.o(.ARM.Collect$$libshutdown$$0000000E)
    __rt_entry                               0x080001ad   Thumb Code     0  __rtentry.o(.ARM.Collect$$rtentry$$00000000)
    __rt_entry_presh_1                       0x080001ad   Thumb Code     0  __rtentry2.o(.ARM.Collect$$rtentry$$00000002)
    __rt_entry_sh                            0x080001ad   Thumb Code     0  __rtentry4.o(.ARM.Collect$$rtentry$$00000004)
    __rt_entry_li                            0x080001b3   Thumb Code     0  __rtentry2.o(.ARM.Collect$$rtentry$$0000000A)
    __rt_entry_postsh_1                      0x080001b3   Thumb Code     0  __rtentry2.o(.ARM.Collect$$rtentry$$00000009)
    __rt_entry_main                          0x080001b7   Thumb Code     0  __rtentry2.o(.ARM.Collect$$rtentry$$0000000D)
    __rt_entry_postli_1                      0x080001b7   Thumb Code     0  __rtentry2.o(.ARM.Collect$$rtentry$$0000000C)
    __rt_exit                                0x080001bf   Thumb Code     0  rtexit.o(.ARM.Collect$$rtexit$$00000000)
    __rt_exit_ls                             0x080001c1   Thumb Code     0  rtexit2.o(.ARM.Collect$$rtexit$$00000003)
    __rt_exit_prels_1                        0x080001c1   Thumb Code     0  rtexit2.o(.ARM.Collect$$rtexit$$00000002)
    __rt_exit_exit                           0x080001c5   Thumb Code     0  rtexit2.o(.ARM.Collect$$rtexit$$00000004)
    Reset_Handler                            0x080001cd   Thumb Code     8  startup_stm32f10x_hd.o(.text)
    NMI_Handler                              0x080001d5   Thumb Code     2  startup_stm32f10x_hd.o(.text)
    HardFault_Handler                        0x080001d7   Thumb Code     2  startup_stm32f10x_hd.o(.text)
    MemManage_Handler                        0x080001d9   Thumb Code     2  startup_stm32f10x_hd.o(.text)
    BusFault_Handler                         0x080001db   Thumb Code     2  startup_stm32f10x_hd.o(.text)
    UsageFault_Handler                       0x080001dd   Thumb Code     2  startup_stm32f10x_hd.o(.text)
    SVC_Handler                              0x080001df   Thumb Code     2  startup_stm32f10x_hd.o(.text)
    DebugMon_Handler                         0x080001e1   Thumb Code     2  startup_stm32f10x_hd.o(.text)
    PendSV_Handler                           0x080001e3   Thumb Code     2  startup_stm32f10x_hd.o(.text)
    SysTick_Handler                          0x080001e5   Thumb Code     2  startup_stm32f10x_hd.o(.text)
    ADC1_2_IRQHandler                        0x080001e7   Thumb Code     0  startup_stm32f10x_hd.o(.text)
    ADC3_IRQHandler                          0x080001e7   Thumb Code     0  startup_stm32f10x_hd.o(.text)
    CAN1_RX1_IRQHandler                      0x080001e7   Thumb Code     0  startup_stm32f10x_hd.o(.text)
    CAN1_SCE_IRQHandler                      0x080001e7   Thumb Code     0  startup_stm32f10x_hd.o(.text)
    DMA1_Channel1_IRQHandler                 0x080001e7   Thumb Code     0  startup_stm32f10x_hd.o(.text)
    DMA1_Channel2_IRQHandler                 0x080001e7   Thumb Code     0  startup_stm32f10x_hd.o(.text)
    DMA1_Channel3_IRQHandler                 0x080001e7   Thumb Code     0  startup_stm32f10x_hd.o(.text)
    DMA1_Channel4_IRQHandler                 0x080001e7   Thumb Code     0  startup_stm32f10x_hd.o(.text)
    DMA1_Channel5_IRQHandler                 0x080001e7   Thumb Code     0  startup_stm32f10x_hd.o(.text)
    DMA1_Channel6_IRQHandler                 0x080001e7   Thumb Code     0  startup_stm32f10x_hd.o(.text)
    DMA1_Channel7_IRQHandler                 0x080001e7   Thumb Code     0  startup_stm32f10x_hd.o(.text)
    DMA2_Channel1_IRQHandler                 0x080001e7   Thumb Code     0  startup_stm32f10x_hd.o(.text)
    DMA2_Channel2_IRQHandler                 0x080001e7   Thumb Code     0  startup_stm32f10x_hd.o(.text)
    DMA2_Channel3_IRQHandler                 0x080001e7   Thumb Code     0  startup_stm32f10x_hd.o(.text)
    DMA2_Channel4_5_IRQHandler               0x080001e7   Thumb Code     0  startup_stm32f10x_hd.o(.text)
    EXTI0_IRQHandler                         0x080001e7   Thumb Code     0  startup_stm32f10x_hd.o(.text)
    EXTI15_10_IRQHandler                     0x080001e7   Thumb Code     0  startup_stm32f10x_hd.o(.text)
    EXTI1_IRQHandler                         0x080001e7   Thumb Code     0  startup_stm32f10x_hd.o(.text)
    EXTI2_IRQHandler                         0x080001e7   Thumb Code     0  startup_stm32f10x_hd.o(.text)
    EXTI3_IRQHandler                         0x080001e7   Thumb Code     0  startup_stm32f10x_hd.o(.text)
    EXTI4_IRQHandler                         0x080001e7   Thumb Code     0  startup_stm32f10x_hd.o(.text)
    EXTI9_5_IRQHandler                       0x080001e7   Thumb Code     0  startup_stm32f10x_hd.o(.text)
    FLASH_IRQHandler                         0x080001e7   Thumb Code     0  startup_stm32f10x_hd.o(.text)
    FSMC_IRQHandler                          0x080001e7   Thumb Code     0  startup_stm32f10x_hd.o(.text)
    I2C1_ER_IRQHandler                       0x080001e7   Thumb Code     0  startup_stm32f10x_hd.o(.text)
    I2C1_EV_IRQHandler                       0x080001e7   Thumb Code     0  startup_stm32f10x_hd.o(.text)
    I2C2_ER_IRQHandler                       0x080001e7   Thumb Code     0  startup_stm32f10x_hd.o(.text)
    I2C2_EV_IRQHandler                       0x080001e7   Thumb Code     0  startup_stm32f10x_hd.o(.text)
    PVD_IRQHandler                           0x080001e7   Thumb Code     0  startup_stm32f10x_hd.o(.text)
    RCC_IRQHandler                           0x080001e7   Thumb Code     0  startup_stm32f10x_hd.o(.text)
    RTCAlarm_IRQHandler                      0x080001e7   Thumb Code     0  startup_stm32f10x_hd.o(.text)
    RTC_IRQHandler                           0x080001e7   Thumb Code     0  startup_stm32f10x_hd.o(.text)
    SDIO_IRQHandler                          0x080001e7   Thumb Code     0  startup_stm32f10x_hd.o(.text)
    SPI1_IRQHandler                          0x080001e7   Thumb Code     0  startup_stm32f10x_hd.o(.text)
    SPI2_IRQHandler                          0x080001e7   Thumb Code     0  startup_stm32f10x_hd.o(.text)
    SPI3_IRQHandler                          0x080001e7   Thumb Code     0  startup_stm32f10x_hd.o(.text)
    TAMPER_IRQHandler                        0x080001e7   Thumb Code     0  startup_stm32f10x_hd.o(.text)
    TIM1_BRK_IRQHandler                      0x080001e7   Thumb Code     0  startup_stm32f10x_hd.o(.text)
    TIM1_CC_IRQHandler                       0x080001e7   Thumb Code     0  startup_stm32f10x_hd.o(.text)
    TIM1_TRG_COM_IRQHandler                  0x080001e7   Thumb Code     0  startup_stm32f10x_hd.o(.text)
    TIM1_UP_IRQHandler                       0x080001e7   Thumb Code     0  startup_stm32f10x_hd.o(.text)
    TIM2_IRQHandler                          0x080001e7   Thumb Code     0  startup_stm32f10x_hd.o(.text)
    TIM3_IRQHandler                          0x080001e7   Thumb Code     0  startup_stm32f10x_hd.o(.text)
    TIM4_IRQHandler                          0x080001e7   Thumb Code     0  startup_stm32f10x_hd.o(.text)
    TIM5_IRQHandler                          0x080001e7   Thumb Code     0  startup_stm32f10x_hd.o(.text)
    TIM7_IRQHandler                          0x080001e7   Thumb Code     0  startup_stm32f10x_hd.o(.text)
    TIM8_BRK_IRQHandler                      0x080001e7   Thumb Code     0  startup_stm32f10x_hd.o(.text)
    TIM8_CC_IRQHandler                       0x080001e7   Thumb Code     0  startup_stm32f10x_hd.o(.text)
    TIM8_TRG_COM_IRQHandler                  0x080001e7   Thumb Code     0  startup_stm32f10x_hd.o(.text)
    TIM8_UP_IRQHandler                       0x080001e7   Thumb Code     0  startup_stm32f10x_hd.o(.text)
    UART4_IRQHandler                         0x080001e7   Thumb Code     0  startup_stm32f10x_hd.o(.text)
    UART5_IRQHandler                         0x080001e7   Thumb Code     0  startup_stm32f10x_hd.o(.text)
    USART1_IRQHandler                        0x080001e7   Thumb Code     0  startup_stm32f10x_hd.o(.text)
    USART2_IRQHandler                        0x080001e7   Thumb Code     0  startup_stm32f10x_hd.o(.text)
    USART3_IRQHandler                        0x080001e7   Thumb Code     0  startup_stm32f10x_hd.o(.text)
    USBWakeUp_IRQHandler                     0x080001e7   Thumb Code     0  startup_stm32f10x_hd.o(.text)
    USB_HP_CAN1_TX_IRQHandler                0x080001e7   Thumb Code     0  startup_stm32f10x_hd.o(.text)
    USB_LP_CAN1_RX0_IRQHandler               0x080001e7   Thumb Code     0  startup_stm32f10x_hd.o(.text)
    WWDG_IRQHandler                          0x080001e7   Thumb Code     0  startup_stm32f10x_hd.o(.text)
    __user_initial_stackheap                 0x080001e9   Thumb Code     0  startup_stm32f10x_hd.o(.text)
    __use_no_semihosting                     0x0800020d   Thumb Code     2  use_no_semi_2.o(.text)
    __use_two_region_memory                  0x0800020f   Thumb Code     2  heapauxi.o(.text)
    __rt_heap_escrow$2region                 0x08000211   Thumb Code     2  heapauxi.o(.text)
    __rt_heap_expand$2region                 0x08000213   Thumb Code     2  heapauxi.o(.text)
    __I$use$semihosting                      0x08000215   Thumb Code     0  use_no_semi.o(.text)
    __use_no_semihosting_swi                 0x08000215   Thumb Code     2  use_no_semi.o(.text)
    __user_setup_stackheap                   0x08000217   Thumb Code    74  sys_stackheap_outer.o(.text)
    exit                                     0x08000261   Thumb Code    18  exit.o(.text)
    __user_libspace                          0x08000275   Thumb Code     8  libspace.o(.text)
    __user_perproc_libspace                  0x08000275   Thumb Code     0  libspace.o(.text)
    __user_perthread_libspace                0x08000275   Thumb Code     0  libspace.o(.text)
    Encoder1_Init                            0x0800027d   Thumb Code   120  encoder.o(i.Encoder1_Init)
    Encoder2_Init                            0x08000301   Thumb Code   142  encoder.o(i.Encoder2_Init)
    Encoder3_Init                            0x080003a1   Thumb Code   112  encoder.o(i.Encoder3_Init)
    Encoder4_Init                            0x0800041d   Thumb Code   114  encoder.o(i.Encoder4_Init)
    Encoder_Init                             0x08000499   Thumb Code    20  encoder.o(i.Encoder_Init)
    GPIO_Init                                0x080004ad   Thumb Code   278  stm32f10x_gpio.o(i.GPIO_Init)
    GPIO_PinRemapConfig                      0x080005c5   Thumb Code   138  stm32f10x_gpio.o(i.GPIO_PinRemapConfig)
    GPIO_ResetBits                           0x08000655   Thumb Code     4  stm32f10x_gpio.o(i.GPIO_ResetBits)
    GPIO_SetBits                             0x08000659   Thumb Code     4  stm32f10x_gpio.o(i.GPIO_SetBits)
    GPIO_WriteBit                            0x0800065d   Thumb Code    10  stm32f10x_gpio.o(i.GPIO_WriteBit)
    Get_Accumulated_Position                 0x08000669   Thumb Code    58  pid_control.o(i.Get_Accumulated_Position)
    Get_Encoder_Count                        0x080006ad   Thumb Code    66  encoder.o(i.Get_Encoder_Count)
    Get_Motor_Speed                          0x080006fd   Thumb Code    24  pid_control.o(i.Get_Motor_Speed)
    Hardware_PWM_Init                        0x08000719   Thumb Code   250  tb6612.o(i.Hardware_PWM_Init)
    IIC_Ack                                  0x08000825   Thumb Code    66  iic.o(i.IIC_Ack)
    IIC_Init                                 0x08000875   Thumb Code    52  iic.o(i.IIC_Init)
    IIC_NAck                                 0x080008b5   Thumb Code    66  iic.o(i.IIC_NAck)
    IIC_Read_Byte                            0x08000905   Thumb Code    98  iic.o(i.IIC_Read_Byte)
    IIC_Send_Byte                            0x08000975   Thumb Code    90  iic.o(i.IIC_Send_Byte)
    IIC_Start                                0x080009dd   Thumb Code    64  iic.o(i.IIC_Start)
    IIC_Stop                                 0x08000a29   Thumb Code    62  iic.o(i.IIC_Stop)
    IIC_Wait_Ack                             0x08000a75   Thumb Code    86  iic.o(i.IIC_Wait_Ack)
    Incremental_PID                          0x08000ad9   Thumb Code   204  pid_control.o(i.Incremental_PID)
    MOTOR_Init                               0x08000bc1   Thumb Code    16  tb6612.o(i.MOTOR_Init)
    Motor_Cascade_PID_Init                   0x08000bd1   Thumb Code    48  pid_control.o(i.Motor_Cascade_PID_Init)
    Motor_Direction_Init                     0x08000c09   Thumb Code    94  tb6612.o(i.Motor_Direction_Init)
    Motor_SetDirection                       0x08000c75   Thumb Code   280  tb6612.o(i.Motor_SetDirection)
    Motor_SetPWM                             0x08000d99   Thumb Code    80  tb6612.o(i.Motor_SetPWM)
    Move_stop                                0x08000df1   Thumb Code    68  tb6612.o(i.Move_stop)
    NVIC_Init                                0x08000e35   Thumb Code   100  misc.o(i.NVIC_Init)
    OLED_Clear                               0x08000ea5   Thumb Code    42  oled.o(i.OLED_Clear)
    OLED_I2C_Init                            0x08000ed1   Thumb Code    72  oled.o(i.OLED_I2C_Init)
    OLED_I2C_SendByte                        0x08000f1d   Thumb Code    82  oled.o(i.OLED_I2C_SendByte)
    OLED_I2C_Start                           0x08000f75   Thumb Code    44  oled.o(i.OLED_I2C_Start)
    OLED_I2C_Stop                            0x08000fa5   Thumb Code    34  oled.o(i.OLED_I2C_Stop)
    OLED_Init                                0x08000fcd   Thumb Code   174  oled.o(i.OLED_Init)
    OLED_SetCursor                           0x0800107b   Thumb Code    34  oled.o(i.OLED_SetCursor)
    OLED_WriteCommand                        0x0800109d   Thumb Code    32  oled.o(i.OLED_WriteCommand)
    OLED_WriteData                           0x080010bd   Thumb Code    32  oled.o(i.OLED_WriteData)
    PCA9685_Init                             0x080010dd   Thumb Code    28  pca9685.o(i.PCA9685_Init)
    PCA9685_read                             0x080010f9   Thumb Code    58  pca9685.o(i.PCA9685_read)
    PCA9685_write                            0x08001133   Thumb Code    46  pca9685.o(i.PCA9685_write)
    PID_Control_Init                         0x08001161   Thumb Code    92  pid_control.o(i.PID_Control_Init)
    Position_PID                             0x080011c1   Thumb Code   202  pid_control.o(i.Position_PID)
    RCC_APB1PeriphClockCmd                   0x080012b1   Thumb Code    26  stm32f10x_rcc.o(i.RCC_APB1PeriphClockCmd)
    RCC_APB2PeriphClockCmd                   0x080012d1   Thumb Code    26  stm32f10x_rcc.o(i.RCC_APB2PeriphClockCmd)
    RCC_GetClocksFreq                        0x080012f1   Thumb Code   192  stm32f10x_rcc.o(i.RCC_GetClocksFreq)
    Reset_Accumulated_Position               0x080013c5   Thumb Code    28  pid_control.o(i.Reset_Accumulated_Position)
    Reset_Encoder                            0x080013e5   Thumb Code    68  encoder.o(i.Reset_Encoder)
    Set_Motor_PWM                            0x0800151d   Thumb Code    96  tb6612.o(i.Set_Motor_PWM)
    SystemInit                               0x0800157d   Thumb Code    78  system_stm32f10x.o(i.SystemInit)
    TIM6_IRQHandler                          0x080015dd   Thumb Code   258  pid_control.o(i.TIM6_IRQHandler)
    TIM_ClearITPendingBit                    0x080016f1   Thumb Code     6  stm32f10x_tim.o(i.TIM_ClearITPendingBit)
    TIM_Cmd                                  0x080016f7   Thumb Code    24  stm32f10x_tim.o(i.TIM_Cmd)
    TIM_CtrlPWMOutputs                       0x0800170f   Thumb Code    30  stm32f10x_tim.o(i.TIM_CtrlPWMOutputs)
    TIM_EncoderInterfaceConfig               0x0800172d   Thumb Code    66  stm32f10x_tim.o(i.TIM_EncoderInterfaceConfig)
    TIM_GetCounter                           0x0800176f   Thumb Code     6  stm32f10x_tim.o(i.TIM_GetCounter)
    TIM_GetITStatus                          0x08001775   Thumb Code    34  stm32f10x_tim.o(i.TIM_GetITStatus)
    TIM_ITConfig                             0x08001797   Thumb Code    18  stm32f10x_tim.o(i.TIM_ITConfig)
    TIM_OC1Init                              0x080017a9   Thumb Code   132  stm32f10x_tim.o(i.TIM_OC1Init)
    TIM_OC1PreloadConfig                     0x08001841   Thumb Code    18  stm32f10x_tim.o(i.TIM_OC1PreloadConfig)
    TIM_OC2Init                              0x08001855   Thumb Code   154  stm32f10x_tim.o(i.TIM_OC2Init)
    TIM_OC2PreloadConfig                     0x080018f9   Thumb Code    26  stm32f10x_tim.o(i.TIM_OC2PreloadConfig)
    TIM_OC3Init                              0x08001915   Thumb Code   150  stm32f10x_tim.o(i.TIM_OC3Init)
    TIM_OC3PreloadConfig                     0x080019b5   Thumb Code    18  stm32f10x_tim.o(i.TIM_OC3PreloadConfig)
    TIM_OC4Init                              0x080019c9   Thumb Code   114  stm32f10x_tim.o(i.TIM_OC4Init)
    TIM_OC4PreloadConfig                     0x08001a45   Thumb Code    26  stm32f10x_tim.o(i.TIM_OC4PreloadConfig)
    TIM_SetCompare1                          0x08001a5f   Thumb Code     4  stm32f10x_tim.o(i.TIM_SetCompare1)
    TIM_SetCompare2                          0x08001a63   Thumb Code     4  stm32f10x_tim.o(i.TIM_SetCompare2)
    TIM_SetCompare3                          0x08001a67   Thumb Code     4  stm32f10x_tim.o(i.TIM_SetCompare3)
    TIM_SetCompare4                          0x08001a6b   Thumb Code     6  stm32f10x_tim.o(i.TIM_SetCompare4)
    TIM_SetCounter                           0x08001a71   Thumb Code     4  stm32f10x_tim.o(i.TIM_SetCounter)
    TIM_TimeBaseInit                         0x08001a75   Thumb Code   122  stm32f10x_tim.o(i.TIM_TimeBaseInit)
    USART_Cmd                                0x08001b19   Thumb Code    24  stm32f10x_usart.o(i.USART_Cmd)
    USART_Init                               0x08001b31   Thumb Code   210  stm32f10x_usart.o(i.USART_Init)
    Usart5_Init                              0x08001c09   Thumb Code   114  usart5.o(i.Usart5_Init)
    Xianfu                                   0x08001c89   Thumb Code    16  tb6612.o(i.Xianfu)
    _sys_exit                                0x08001c99   Thumb Code     4  usart5.o(i._sys_exit)
    calculate_PWM                            0x08001c9d   Thumb Code    82  pca9685.o(i.calculate_PWM)
    crazyMe                                  0x08001d01   Thumb Code   144  pca9685.o(i.crazyMe)
    delay_init                               0x08001d91   Thumb Code    40  delay.o(i.delay_init)
    delay_ms                                 0x08001dc1   Thumb Code    24  delay.o(i.delay_ms)
    delay_us                                 0x08001dd9   Thumb Code    56  delay.o(i.delay_us)
    floor                                    0x08001e15   Thumb Code   204  floor.o(i.floor)
    init                                     0x08001ef1   Thumb Code    38  main.o(i.init)
    main                                     0x08001f17   Thumb Code    26  main.o(i.main)
    setPWM                                   0x08001f31   Thumb Code    58  pca9685.o(i.setPWM)
    setPWMFreq                               0x08001f6d   Thumb Code   134  pca9685.o(i.setPWMFreq)
    __aeabi_dadd                             0x08002005   Thumb Code     0  daddsub_clz.o(x$fpl$dadd)
    _dadd                                    0x08002005   Thumb Code   332  daddsub_clz.o(x$fpl$dadd)
    __fpl_dcmp_Inf                           0x08002155   Thumb Code    24  dcmpi.o(x$fpl$dcmpinf)
    __aeabi_ddiv                             0x0800216d   Thumb Code     0  ddiv.o(x$fpl$ddiv)
    _ddiv                                    0x0800216d   Thumb Code   552  ddiv.o(x$fpl$ddiv)
    __aeabi_d2uiz                            0x0800241d   Thumb Code     0  dfixu.o(x$fpl$dfixu)
    _dfixu                                   0x0800241d   Thumb Code    90  dfixu.o(x$fpl$dfixu)
    __aeabi_i2d                              0x08002477   Thumb Code     0  dflt_clz.o(x$fpl$dflt)
    _dflt                                    0x08002477   Thumb Code    46  dflt_clz.o(x$fpl$dflt)
    __aeabi_ui2d                             0x080024a5   Thumb Code     0  dflt_clz.o(x$fpl$dfltu)
    _dfltu                                   0x080024a5   Thumb Code    38  dflt_clz.o(x$fpl$dfltu)
    __aeabi_cdcmple                          0x080024cd   Thumb Code     0  dleqf.o(x$fpl$dleqf)
    _dcmple                                  0x080024cd   Thumb Code   120  dleqf.o(x$fpl$dleqf)
    __fpl_dcmple_InfNaN                      0x0800252f   Thumb Code     0  dleqf.o(x$fpl$dleqf)
    __aeabi_dmul                             0x08002545   Thumb Code     0  dmul.o(x$fpl$dmul)
    _dmul                                    0x08002545   Thumb Code   332  dmul.o(x$fpl$dmul)
    __fpl_dnaninf                            0x08002699   Thumb Code   156  dnaninf.o(x$fpl$dnaninf)
    __fpl_dretinf                            0x08002735   Thumb Code    12  dretinf.o(x$fpl$dretinf)
    __aeabi_cdrcmple                         0x08002741   Thumb Code     0  drleqf.o(x$fpl$drleqf)
    _drcmple                                 0x08002741   Thumb Code   108  drleqf.o(x$fpl$drleqf)
    __aeabi_drsub                            0x080027ad   Thumb Code     0  daddsub_clz.o(x$fpl$drsb)
    _drsb                                    0x080027ad   Thumb Code    22  daddsub_clz.o(x$fpl$drsb)
    __aeabi_dsub                             0x080027c5   Thumb Code     0  daddsub_clz.o(x$fpl$dsub)
    _dsub                                    0x080027c5   Thumb Code   464  daddsub_clz.o(x$fpl$dsub)
    __aeabi_fadd                             0x08002999   Thumb Code     0  faddsub_clz.o(x$fpl$fadd)
    _fadd                                    0x08002999   Thumb Code   196  faddsub_clz.o(x$fpl$fadd)
    __fpl_fcmp_Inf                           0x08002a5d   Thumb Code    24  fcmpi.o(x$fpl$fcmpinf)
    __aeabi_f2iz                             0x08002a75   Thumb Code     0  ffix.o(x$fpl$ffix)
    _ffix                                    0x08002a75   Thumb Code    54  ffix.o(x$fpl$ffix)
    __aeabi_i2f                              0x08002aad   Thumb Code     0  fflt_clz.o(x$fpl$fflt)
    _fflt                                    0x08002aad   Thumb Code    48  fflt_clz.o(x$fpl$fflt)
    __aeabi_cfcmple                          0x08002add   Thumb Code     0  fleqf.o(x$fpl$fleqf)
    _fcmple                                  0x08002add   Thumb Code   104  fleqf.o(x$fpl$fleqf)
    __fpl_fcmple_InfNaN                      0x08002b2f   Thumb Code     0  fleqf.o(x$fpl$fleqf)
    __aeabi_fmul                             0x08002b45   Thumb Code     0  fmul.o(x$fpl$fmul)
    _fmul                                    0x08002b45   Thumb Code   258  fmul.o(x$fpl$fmul)
    __fpl_fnaninf                            0x08002c47   Thumb Code   140  fnaninf.o(x$fpl$fnaninf)
    __fpl_fretinf                            0x08002cd3   Thumb Code    10  fretinf.o(x$fpl$fretinf)
    __aeabi_cfrcmple                         0x08002cdd   Thumb Code     0  frleqf.o(x$fpl$frleqf)
    _frcmple                                 0x08002cdd   Thumb Code    98  frleqf.o(x$fpl$frleqf)
    __aeabi_frsub                            0x08002d3f   Thumb Code     0  faddsub_clz.o(x$fpl$frsb)
    _frsb                                    0x08002d3f   Thumb Code    20  faddsub_clz.o(x$fpl$frsb)
    __aeabi_fsub                             0x08002d55   Thumb Code     0  faddsub_clz.o(x$fpl$fsub)
    _fsub                                    0x08002d55   Thumb Code   234  faddsub_clz.o(x$fpl$fsub)
    __I$use$fp                               0x08002e3e   Number         0  usenofp.o(x$fpl$usenofp)
    Region$$Table$$Base                      0x08002e40   Number         0  anon$$obj.o(Region$$Table)
    Region$$Table$$Limit                     0x08002e60   Number         0  anon$$obj.o(Region$$Table)
    Position_KP                              0x20000014   Data           4  pid_control.o(.data)
    Position_KI                              0x20000018   Data           4  pid_control.o(.data)
    Position_KD                              0x2000001c   Data           4  pid_control.o(.data)
    Incremental_KP                           0x20000020   Data           4  pid_control.o(.data)
    Incremental_KI                           0x20000024   Data           4  pid_control.o(.data)
    Incremental_KD                           0x20000028   Data           4  pid_control.o(.data)
    __libspace_start                         0x20000114   Data          96  libspace.o(.bss)
    __temporary_stack_top$libspace           0x20000174   Data           0  libspace.o(.bss)



==============================================================================

Memory Map of the image

  Image Entry point : 0x08000131

  Load Region LR_IROM1 (Base: 0x08000000, Size: 0x00002e94, Max: 0x00080000, ABSOLUTE)

    Execution Region ER_IROM1 (Exec base: 0x08000000, Load base: 0x08000000, Size: 0x00002e60, Max: 0x00080000, ABSOLUTE)

    Exec Addr    Load Addr    Size         Type   Attr      Idx    E Section Name        Object

    0x08000000   0x08000000   0x00000130   Data   RO          132    RESET               startup_stm32f10x_hd.o
    0x08000130   0x08000130   0x00000008   Code   RO         3980  * !!!main             c_w.l(__main.o)
    0x08000138   0x08000138   0x00000034   Code   RO         4206    !!!scatter          c_w.l(__scatter.o)
    0x0800016c   0x0800016c   0x0000001a   Code   RO         4208    !!handler_copy      c_w.l(__scatter_copy.o)
    0x08000186   0x08000186   0x00000002   PAD
    0x08000188   0x08000188   0x0000001c   Code   RO         4210    !!handler_zi        c_w.l(__scatter_zi.o)
    0x080001a4   0x080001a4   0x00000002   Code   RO         4076    .ARM.Collect$$libinit$$00000000  c_w.l(libinit.o)
    0x080001a6   0x080001a6   0x00000000   Code   RO         4085    .ARM.Collect$$libinit$$00000002  c_w.l(libinit2.o)
    0x080001a6   0x080001a6   0x00000000   Code   RO         4087    .ARM.Collect$$libinit$$00000004  c_w.l(libinit2.o)
    0x080001a6   0x080001a6   0x00000000   Code   RO         4090    .ARM.Collect$$libinit$$0000000A  c_w.l(libinit2.o)
    0x080001a6   0x080001a6   0x00000000   Code   RO         4092    .ARM.Collect$$libinit$$0000000C  c_w.l(libinit2.o)
    0x080001a6   0x080001a6   0x00000000   Code   RO         4094    .ARM.Collect$$libinit$$0000000E  c_w.l(libinit2.o)
    0x080001a6   0x080001a6   0x00000000   Code   RO         4097    .ARM.Collect$$libinit$$00000011  c_w.l(libinit2.o)
    0x080001a6   0x080001a6   0x00000000   Code   RO         4099    .ARM.Collect$$libinit$$00000013  c_w.l(libinit2.o)
    0x080001a6   0x080001a6   0x00000000   Code   RO         4101    .ARM.Collect$$libinit$$00000015  c_w.l(libinit2.o)
    0x080001a6   0x080001a6   0x00000000   Code   RO         4103    .ARM.Collect$$libinit$$00000017  c_w.l(libinit2.o)
    0x080001a6   0x080001a6   0x00000000   Code   RO         4105    .ARM.Collect$$libinit$$00000019  c_w.l(libinit2.o)
    0x080001a6   0x080001a6   0x00000000   Code   RO         4107    .ARM.Collect$$libinit$$0000001B  c_w.l(libinit2.o)
    0x080001a6   0x080001a6   0x00000000   Code   RO         4109    .ARM.Collect$$libinit$$0000001D  c_w.l(libinit2.o)
    0x080001a6   0x080001a6   0x00000000   Code   RO         4111    .ARM.Collect$$libinit$$0000001F  c_w.l(libinit2.o)
    0x080001a6   0x080001a6   0x00000000   Code   RO         4113    .ARM.Collect$$libinit$$00000021  c_w.l(libinit2.o)
    0x080001a6   0x080001a6   0x00000000   Code   RO         4115    .ARM.Collect$$libinit$$00000023  c_w.l(libinit2.o)
    0x080001a6   0x080001a6   0x00000000   Code   RO         4117    .ARM.Collect$$libinit$$00000025  c_w.l(libinit2.o)
    0x080001a6   0x080001a6   0x00000000   Code   RO         4121    .ARM.Collect$$libinit$$0000002C  c_w.l(libinit2.o)
    0x080001a6   0x080001a6   0x00000000   Code   RO         4123    .ARM.Collect$$libinit$$0000002E  c_w.l(libinit2.o)
    0x080001a6   0x080001a6   0x00000000   Code   RO         4125    .ARM.Collect$$libinit$$00000030  c_w.l(libinit2.o)
    0x080001a6   0x080001a6   0x00000000   Code   RO         4127    .ARM.Collect$$libinit$$00000032  c_w.l(libinit2.o)
    0x080001a6   0x080001a6   0x00000002   Code   RO         4128    .ARM.Collect$$libinit$$00000033  c_w.l(libinit2.o)
    0x080001a8   0x080001a8   0x00000002   Code   RO         4146    .ARM.Collect$$libshutdown$$00000000  c_w.l(libshutdown.o)
    0x080001aa   0x080001aa   0x00000000   Code   RO         4156    .ARM.Collect$$libshutdown$$00000002  c_w.l(libshutdown2.o)
    0x080001aa   0x080001aa   0x00000000   Code   RO         4158    .ARM.Collect$$libshutdown$$00000004  c_w.l(libshutdown2.o)
    0x080001aa   0x080001aa   0x00000000   Code   RO         4160    .ARM.Collect$$libshutdown$$00000006  c_w.l(libshutdown2.o)
    0x080001aa   0x080001aa   0x00000000   Code   RO         4163    .ARM.Collect$$libshutdown$$00000009  c_w.l(libshutdown2.o)
    0x080001aa   0x080001aa   0x00000000   Code   RO         4166    .ARM.Collect$$libshutdown$$0000000C  c_w.l(libshutdown2.o)
    0x080001aa   0x080001aa   0x00000000   Code   RO         4168    .ARM.Collect$$libshutdown$$0000000E  c_w.l(libshutdown2.o)
    0x080001aa   0x080001aa   0x00000000   Code   RO         4171    .ARM.Collect$$libshutdown$$00000011  c_w.l(libshutdown2.o)
    0x080001aa   0x080001aa   0x00000002   Code   RO         4172    .ARM.Collect$$libshutdown$$00000012  c_w.l(libshutdown2.o)
    0x080001ac   0x080001ac   0x00000000   Code   RO         4036    .ARM.Collect$$rtentry$$00000000  c_w.l(__rtentry.o)
    0x080001ac   0x080001ac   0x00000000   Code   RO         4051    .ARM.Collect$$rtentry$$00000002  c_w.l(__rtentry2.o)
    0x080001ac   0x080001ac   0x00000006   Code   RO         4063    .ARM.Collect$$rtentry$$00000004  c_w.l(__rtentry4.o)
    0x080001b2   0x080001b2   0x00000000   Code   RO         4053    .ARM.Collect$$rtentry$$00000009  c_w.l(__rtentry2.o)
    0x080001b2   0x080001b2   0x00000004   Code   RO         4054    .ARM.Collect$$rtentry$$0000000A  c_w.l(__rtentry2.o)
    0x080001b6   0x080001b6   0x00000000   Code   RO         4056    .ARM.Collect$$rtentry$$0000000C  c_w.l(__rtentry2.o)
    0x080001b6   0x080001b6   0x00000008   Code   RO         4057    .ARM.Collect$$rtentry$$0000000D  c_w.l(__rtentry2.o)
    0x080001be   0x080001be   0x00000002   Code   RO         4082    .ARM.Collect$$rtexit$$00000000  c_w.l(rtexit.o)
    0x080001c0   0x080001c0   0x00000000   Code   RO         4130    .ARM.Collect$$rtexit$$00000002  c_w.l(rtexit2.o)
    0x080001c0   0x080001c0   0x00000004   Code   RO         4131    .ARM.Collect$$rtexit$$00000003  c_w.l(rtexit2.o)
    0x080001c4   0x080001c4   0x00000006   Code   RO         4132    .ARM.Collect$$rtexit$$00000004  c_w.l(rtexit2.o)
    0x080001ca   0x080001ca   0x00000002   PAD
    0x080001cc   0x080001cc   0x00000040   Code   RO          133    .text               startup_stm32f10x_hd.o
    0x0800020c   0x0800020c   0x00000002   Code   RO         3976    .text               c_w.l(use_no_semi_2.o)
    0x0800020e   0x0800020e   0x00000006   Code   RO         3978    .text               c_w.l(heapauxi.o)
    0x08000214   0x08000214   0x00000002   Code   RO         4034    .text               c_w.l(use_no_semi.o)
    0x08000216   0x08000216   0x0000004a   Code   RO         4067    .text               c_w.l(sys_stackheap_outer.o)
    0x08000260   0x08000260   0x00000012   Code   RO         4069    .text               c_w.l(exit.o)
    0x08000272   0x08000272   0x00000002   PAD
    0x08000274   0x08000274   0x00000008   Code   RO         4079    .text               c_w.l(libspace.o)
    0x0800027c   0x0800027c   0x00000084   Code   RO         3464    i.Encoder1_Init     encoder.o
    0x08000300   0x08000300   0x000000a0   Code   RO         3465    i.Encoder2_Init     encoder.o
    0x080003a0   0x080003a0   0x0000007c   Code   RO         3466    i.Encoder3_Init     encoder.o
    0x0800041c   0x0800041c   0x0000007c   Code   RO         3467    i.Encoder4_Init     encoder.o
    0x08000498   0x08000498   0x00000014   Code   RO         3468    i.Encoder_Init      encoder.o
    0x080004ac   0x080004ac   0x00000116   Code   RO         1350    i.GPIO_Init         stm32f10x_gpio.o
    0x080005c2   0x080005c2   0x00000002   PAD
    0x080005c4   0x080005c4   0x00000090   Code   RO         1352    i.GPIO_PinRemapConfig  stm32f10x_gpio.o
    0x08000654   0x08000654   0x00000004   Code   RO         1357    i.GPIO_ResetBits    stm32f10x_gpio.o
    0x08000658   0x08000658   0x00000004   Code   RO         1358    i.GPIO_SetBits      stm32f10x_gpio.o
    0x0800065c   0x0800065c   0x0000000a   Code   RO         1361    i.GPIO_WriteBit     stm32f10x_gpio.o
    0x08000666   0x08000666   0x00000002   PAD
    0x08000668   0x08000668   0x00000044   Code   RO         3518    i.Get_Accumulated_Position  pid_control.o
    0x080006ac   0x080006ac   0x00000050   Code   RO         3469    i.Get_Encoder_Count  encoder.o
    0x080006fc   0x080006fc   0x0000001c   Code   RO         3519    i.Get_Motor_Speed   pid_control.o
    0x08000718   0x08000718   0x0000010c   Code   RO         3229    i.Hardware_PWM_Init  tb6612.o
    0x08000824   0x08000824   0x00000050   Code   RO         3881    i.IIC_Ack           iic.o
    0x08000874   0x08000874   0x00000040   Code   RO         3882    i.IIC_Init          iic.o
    0x080008b4   0x080008b4   0x00000050   Code   RO         3883    i.IIC_NAck          iic.o
    0x08000904   0x08000904   0x00000070   Code   RO         3884    i.IIC_Read_Byte     iic.o
    0x08000974   0x08000974   0x00000068   Code   RO         3885    i.IIC_Send_Byte     iic.o
    0x080009dc   0x080009dc   0x0000004c   Code   RO         3886    i.IIC_Start         iic.o
    0x08000a28   0x08000a28   0x0000004c   Code   RO         3887    i.IIC_Stop          iic.o
    0x08000a74   0x08000a74   0x00000064   Code   RO         3888    i.IIC_Wait_Ack      iic.o
    0x08000ad8   0x08000ad8   0x000000e8   Code   RO         3520    i.Incremental_PID   pid_control.o
    0x08000bc0   0x08000bc0   0x00000010   Code   RO         3230    i.MOTOR_Init        tb6612.o
    0x08000bd0   0x08000bd0   0x00000038   Code   RO         3521    i.Motor_Cascade_PID_Init  pid_control.o
    0x08000c08   0x08000c08   0x0000006c   Code   RO         3231    i.Motor_Direction_Init  tb6612.o
    0x08000c74   0x08000c74   0x00000124   Code   RO         3232    i.Motor_SetDirection  tb6612.o
    0x08000d98   0x08000d98   0x00000058   Code   RO         3233    i.Motor_SetPWM      tb6612.o
    0x08000df0   0x08000df0   0x00000044   Code   RO         3234    i.Move_stop         tb6612.o
    0x08000e34   0x08000e34   0x00000070   Code   RO          137    i.NVIC_Init         misc.o
    0x08000ea4   0x08000ea4   0x0000002a   Code   RO         3292    i.OLED_Clear        oled.o
    0x08000ece   0x08000ece   0x00000002   PAD
    0x08000ed0   0x08000ed0   0x0000004c   Code   RO         3293    i.OLED_I2C_Init     oled.o
    0x08000f1c   0x08000f1c   0x00000058   Code   RO         3294    i.OLED_I2C_SendByte  oled.o
    0x08000f74   0x08000f74   0x00000030   Code   RO         3295    i.OLED_I2C_Start    oled.o
    0x08000fa4   0x08000fa4   0x00000028   Code   RO         3296    i.OLED_I2C_Stop     oled.o
    0x08000fcc   0x08000fcc   0x000000ae   Code   RO         3297    i.OLED_Init         oled.o
    0x0800107a   0x0800107a   0x00000022   Code   RO         3299    i.OLED_SetCursor    oled.o
    0x0800109c   0x0800109c   0x00000020   Code   RO         3306    i.OLED_WriteCommand  oled.o
    0x080010bc   0x080010bc   0x00000020   Code   RO         3307    i.OLED_WriteData    oled.o
    0x080010dc   0x080010dc   0x0000001c   Code   RO         3400    i.PCA9685_Init      pca9685.o
    0x080010f8   0x080010f8   0x0000003a   Code   RO         3401    i.PCA9685_read      pca9685.o
    0x08001132   0x08001132   0x0000002e   Code   RO         3402    i.PCA9685_write     pca9685.o
    0x08001160   0x08001160   0x00000060   Code   RO         3526    i.PID_Control_Init  pid_control.o
    0x080011c0   0x080011c0   0x000000f0   Code   RO         3527    i.Position_PID      pid_control.o
    0x080012b0   0x080012b0   0x00000020   Code   RO         1778    i.RCC_APB1PeriphClockCmd  stm32f10x_rcc.o
    0x080012d0   0x080012d0   0x00000020   Code   RO         1780    i.RCC_APB2PeriphClockCmd  stm32f10x_rcc.o
    0x080012f0   0x080012f0   0x000000d4   Code   RO         1788    i.RCC_GetClocksFreq  stm32f10x_rcc.o
    0x080013c4   0x080013c4   0x00000020   Code   RO         3528    i.Reset_Accumulated_Position  pid_control.o
    0x080013e4   0x080013e4   0x00000050   Code   RO         3471    i.Reset_Encoder     encoder.o
    0x08001434   0x08001434   0x00000008   Code   RO            1    i.SetSysClock       system_stm32f10x.o
    0x0800143c   0x0800143c   0x000000e0   Code   RO            2    i.SetSysClockTo72   system_stm32f10x.o
    0x0800151c   0x0800151c   0x00000060   Code   RO         3235    i.Set_Motor_PWM     tb6612.o
    0x0800157c   0x0800157c   0x00000060   Code   RO            4    i.SystemInit        system_stm32f10x.o
    0x080015dc   0x080015dc   0x00000114   Code   RO         3530    i.TIM6_IRQHandler   pid_control.o
    0x080016f0   0x080016f0   0x00000006   Code   RO         2419    i.TIM_ClearITPendingBit  stm32f10x_tim.o
    0x080016f6   0x080016f6   0x00000018   Code   RO         2424    i.TIM_Cmd           stm32f10x_tim.o
    0x0800170e   0x0800170e   0x0000001e   Code   RO         2426    i.TIM_CtrlPWMOutputs  stm32f10x_tim.o
    0x0800172c   0x0800172c   0x00000042   Code   RO         2433    i.TIM_EncoderInterfaceConfig  stm32f10x_tim.o
    0x0800176e   0x0800176e   0x00000006   Code   RO         2443    i.TIM_GetCounter    stm32f10x_tim.o
    0x08001774   0x08001774   0x00000022   Code   RO         2445    i.TIM_GetITStatus   stm32f10x_tim.o
    0x08001796   0x08001796   0x00000012   Code   RO         2449    i.TIM_ITConfig      stm32f10x_tim.o
    0x080017a8   0x080017a8   0x00000098   Code   RO         2453    i.TIM_OC1Init       stm32f10x_tim.o
    0x08001840   0x08001840   0x00000012   Code   RO         2456    i.TIM_OC1PreloadConfig  stm32f10x_tim.o
    0x08001852   0x08001852   0x00000002   PAD
    0x08001854   0x08001854   0x000000a4   Code   RO         2458    i.TIM_OC2Init       stm32f10x_tim.o
    0x080018f8   0x080018f8   0x0000001a   Code   RO         2461    i.TIM_OC2PreloadConfig  stm32f10x_tim.o
    0x08001912   0x08001912   0x00000002   PAD
    0x08001914   0x08001914   0x000000a0   Code   RO         2463    i.TIM_OC3Init       stm32f10x_tim.o
    0x080019b4   0x080019b4   0x00000012   Code   RO         2466    i.TIM_OC3PreloadConfig  stm32f10x_tim.o
    0x080019c6   0x080019c6   0x00000002   PAD
    0x080019c8   0x080019c8   0x0000007c   Code   RO         2468    i.TIM_OC4Init       stm32f10x_tim.o
    0x08001a44   0x08001a44   0x0000001a   Code   RO         2470    i.TIM_OC4PreloadConfig  stm32f10x_tim.o
    0x08001a5e   0x08001a5e   0x00000004   Code   RO         2485    i.TIM_SetCompare1   stm32f10x_tim.o
    0x08001a62   0x08001a62   0x00000004   Code   RO         2486    i.TIM_SetCompare2   stm32f10x_tim.o
    0x08001a66   0x08001a66   0x00000004   Code   RO         2487    i.TIM_SetCompare3   stm32f10x_tim.o
    0x08001a6a   0x08001a6a   0x00000006   Code   RO         2488    i.TIM_SetCompare4   stm32f10x_tim.o
    0x08001a70   0x08001a70   0x00000004   Code   RO         2489    i.TIM_SetCounter    stm32f10x_tim.o
    0x08001a74   0x08001a74   0x000000a4   Code   RO         2495    i.TIM_TimeBaseInit  stm32f10x_tim.o
    0x08001b18   0x08001b18   0x00000018   Code   RO         2963    i.USART_Cmd         stm32f10x_usart.o
    0x08001b30   0x08001b30   0x000000d8   Code   RO         2970    i.USART_Init        stm32f10x_usart.o
    0x08001c08   0x08001c08   0x00000080   Code   RO         3829    i.Usart5_Init       usart5.o
    0x08001c88   0x08001c88   0x00000010   Code   RO         3236    i.Xianfu            tb6612.o
    0x08001c98   0x08001c98   0x00000004   Code   RO         3833    i._sys_exit         usart5.o
    0x08001c9c   0x08001c9c   0x00000064   Code   RO         3403    i.calculate_PWM     pca9685.o
    0x08001d00   0x08001d00   0x00000090   Code   RO         3404    i.crazyMe           pca9685.o
    0x08001d90   0x08001d90   0x00000030   Code   RO         3722    i.delay_init        delay.o
    0x08001dc0   0x08001dc0   0x00000018   Code   RO         3723    i.delay_ms          delay.o
    0x08001dd8   0x08001dd8   0x0000003c   Code   RO         3725    i.delay_us          delay.o
    0x08001e14   0x08001e14   0x000000dc   Code   RO         4031    i.floor             m_ws.l(floor.o)
    0x08001ef0   0x08001ef0   0x00000026   Code   RO         3938    i.init              main.o
    0x08001f16   0x08001f16   0x0000001a   Code   RO         3939    i.main              main.o
    0x08001f30   0x08001f30   0x0000003a   Code   RO         3405    i.setPWM            pca9685.o
    0x08001f6a   0x08001f6a   0x00000002   PAD
    0x08001f6c   0x08001f6c   0x00000098   Code   RO         3406    i.setPWMFreq        pca9685.o
    0x08002004   0x08002004   0x00000150   Code   RO         3984    x$fpl$dadd          fz_ws.l(daddsub_clz.o)
    0x08002154   0x08002154   0x00000018   Code   RO         4077    x$fpl$dcmpinf       fz_ws.l(dcmpi.o)
    0x0800216c   0x0800216c   0x000002b0   Code   RO         3991    x$fpl$ddiv          fz_ws.l(ddiv.o)
    0x0800241c   0x0800241c   0x0000005a   Code   RO         3994    x$fpl$dfixu         fz_ws.l(dfixu.o)
    0x08002476   0x08002476   0x0000002e   Code   RO         3999    x$fpl$dflt          fz_ws.l(dflt_clz.o)
    0x080024a4   0x080024a4   0x00000026   Code   RO         3998    x$fpl$dfltu         fz_ws.l(dflt_clz.o)
    0x080024ca   0x080024ca   0x00000002   PAD
    0x080024cc   0x080024cc   0x00000078   Code   RO         4065    x$fpl$dleqf         fz_ws.l(dleqf.o)
    0x08002544   0x08002544   0x00000154   Code   RO         4004    x$fpl$dmul          fz_ws.l(dmul.o)
    0x08002698   0x08002698   0x0000009c   Code   RO         4037    x$fpl$dnaninf       fz_ws.l(dnaninf.o)
    0x08002734   0x08002734   0x0000000c   Code   RO         4039    x$fpl$dretinf       fz_ws.l(dretinf.o)
    0x08002740   0x08002740   0x0000006c   Code   RO         4041    x$fpl$drleqf        fz_ws.l(drleqf.o)
    0x080027ac   0x080027ac   0x00000016   Code   RO         3985    x$fpl$drsb          fz_ws.l(daddsub_clz.o)
    0x080027c2   0x080027c2   0x00000002   PAD
    0x080027c4   0x080027c4   0x000001d4   Code   RO         3986    x$fpl$dsub          fz_ws.l(daddsub_clz.o)
    0x08002998   0x08002998   0x000000c4   Code   RO         4008    x$fpl$fadd          fz_ws.l(faddsub_clz.o)
    0x08002a5c   0x08002a5c   0x00000018   Code   RO         4043    x$fpl$fcmpinf       fz_ws.l(fcmpi.o)
    0x08002a74   0x08002a74   0x00000036   Code   RO         4014    x$fpl$ffix          fz_ws.l(ffix.o)
    0x08002aaa   0x08002aaa   0x00000002   PAD
    0x08002aac   0x08002aac   0x00000030   Code   RO         4019    x$fpl$fflt          fz_ws.l(fflt_clz.o)
    0x08002adc   0x08002adc   0x00000068   Code   RO         4024    x$fpl$fleqf         fz_ws.l(fleqf.o)
    0x08002b44   0x08002b44   0x00000102   Code   RO         4026    x$fpl$fmul          fz_ws.l(fmul.o)
    0x08002c46   0x08002c46   0x0000008c   Code   RO         4045    x$fpl$fnaninf       fz_ws.l(fnaninf.o)
    0x08002cd2   0x08002cd2   0x0000000a   Code   RO         4047    x$fpl$fretinf       fz_ws.l(fretinf.o)
    0x08002cdc   0x08002cdc   0x00000062   Code   RO         4028    x$fpl$frleqf        fz_ws.l(frleqf.o)
    0x08002d3e   0x08002d3e   0x00000014   Code   RO         4009    x$fpl$frsb          fz_ws.l(faddsub_clz.o)
    0x08002d52   0x08002d52   0x00000002   PAD
    0x08002d54   0x08002d54   0x000000ea   Code   RO         4010    x$fpl$fsub          fz_ws.l(faddsub_clz.o)
    0x08002e3e   0x08002e3e   0x00000000   Code   RO         4049    x$fpl$usenofp       fz_ws.l(usenofp.o)
    0x08002e3e   0x08002e3e   0x00000002   PAD
    0x08002e40   0x08002e40   0x00000020   Data   RO         4204    Region$$Table       anon$$obj.o


    Execution Region RW_IRAM1 (Exec base: 0x20000000, Load base: 0x08002e60, Size: 0x00000778, Max: 0x00010000, ABSOLUTE)

    Exec Addr    Load Addr    Size         Type   Attr      Idx    E Section Name        Object

    0x20000000   0x08002e60   0x00000014   Data   RW         1808    .data               stm32f10x_rcc.o
    0x20000014   0x08002e74   0x00000019   Data   RW         3533    .data               pid_control.o
    0x2000002d   0x08002e8d   0x00000001   PAD
    0x2000002e   0x08002e8e   0x00000004   Data   RW         3727    .data               delay.o
    0x20000032   0x08002e92   0x00000002   PAD
    0x20000034        -       0x000000e0   Zero   RW         3532    .bss                pid_control.o
    0x20000114        -       0x00000060   Zero   RW         4080    .bss                c_w.l(libspace.o)
    0x20000174   0x08002e92   0x00000004   PAD
    0x20000178        -       0x00000200   Zero   RW          131    HEAP                startup_stm32f10x_hd.o
    0x20000378        -       0x00000400   Zero   RW          130    STACK               startup_stm32f10x_hd.o


==============================================================================

Image component sizes


      Code (inc. data)   RO Data    RW Data    ZI Data      Debug   Object Name

         0          0          0          0          0         32   core_cm3.o
       132         12          0          4          0       1587   delay.o
       720         78          0          0          0       3699   encoder.o
       692        108          0          0          0       3938   iic.o
        64          0          0          0          0        846   main.o
       112         12          0          0          0     205628   misc.o
       566         20          0          0          0       4464   oled.o
       586         36          0          0          0       4030   pca9685.o
      1028        114          0         25        224       5904   pid_control.o
        64         26        304          0       1536        784   startup_stm32f10x_hd.o
         0          0          0          0          0       1648   stm32f10x_adc.o
       440          6          0          0          0      12482   stm32f10x_gpio.o
       276         32          0         20          0      12922   stm32f10x_rcc.o
      1058         92          0          0          0      32646   stm32f10x_tim.o
       240          6          0          0          0       8697   stm32f10x_usart.o
       328         28          0          0          0      49649   system_stm32f10x.o
       952         52          0          0          0       5349   tb6612.o
       132         14          0          0          0       1054   usart5.o

    ----------------------------------------------------------------------
      7404        636        336         52       1760     355359   Object Totals
         0          0         32          0          0          0   (incl. Generated)
        14          0          0          3          0          0   (incl. Padding)

    ----------------------------------------------------------------------

      Code (inc. data)   RO Data    RW Data    ZI Data      Debug   Library Member Name

         8          0          0          0          0         68   __main.o
         0          0          0          0          0          0   __rtentry.o
        12          0          0          0          0          0   __rtentry2.o
         6          0          0          0          0          0   __rtentry4.o
        52          8          0          0          0          0   __scatter.o
        26          0          0          0          0          0   __scatter_copy.o
        28          0          0          0          0          0   __scatter_zi.o
        18          0          0          0          0         80   exit.o
         6          0          0          0          0        152   heapauxi.o
         2          0          0          0          0          0   libinit.o
         2          0          0          0          0          0   libinit2.o
         2          0          0          0          0          0   libshutdown.o
         2          0          0          0          0          0   libshutdown2.o
         8          4          0          0         96         68   libspace.o
         2          0          0          0          0          0   rtexit.o
        10          0          0          0          0          0   rtexit2.o
        74          0          0          0          0         80   sys_stackheap_outer.o
         2          0          0          0          0         68   use_no_semi.o
         2          0          0          0          0         68   use_no_semi_2.o
       826         16          0          0          0        348   daddsub_clz.o
        24          0          0          0          0         68   dcmpi.o
       688        140          0          0          0        208   ddiv.o
        90          4          0          0          0         92   dfixu.o
        84          0          0          0          0        136   dflt_clz.o
       120          4          0          0          0         92   dleqf.o
       340         12          0          0          0        104   dmul.o
       156          4          0          0          0         92   dnaninf.o
        12          0          0          0          0         68   dretinf.o
       108          0          0          0          0         80   drleqf.o
       450          8          0          0          0        236   faddsub_clz.o
        24          0          0          0          0         68   fcmpi.o
        54          4          0          0          0         84   ffix.o
        48          0          0          0          0         68   fflt_clz.o
       104          4          0          0          0         84   fleqf.o
       258          4          0          0          0         84   fmul.o
       140          4          0          0          0         84   fnaninf.o
        10          0          0          0          0         68   fretinf.o
        98          0          0          0          0         68   frleqf.o
         0          0          0          0          0          0   usenofp.o
       220         16          0          0          0         84   floor.o

    ----------------------------------------------------------------------
      4132        232          0          0        100       2800   Library Totals
        16          0          0          0          4          0   (incl. Padding)

    ----------------------------------------------------------------------

      Code (inc. data)   RO Data    RW Data    ZI Data      Debug   Library Name

       262         12          0          0         96        584   c_w.l
      3634        204          0          0          0       2132   fz_ws.l
       220         16          0          0          0         84   m_ws.l

    ----------------------------------------------------------------------
      4132        232          0          0        100       2800   Library Totals

    ----------------------------------------------------------------------

==============================================================================


      Code (inc. data)   RO Data    RW Data    ZI Data      Debug   

     11536        868        336         52       1860     352279   Grand Totals
     11536        868        336         52       1860     352279   ELF Image Totals
     11536        868        336         52          0          0   ROM Totals

==============================================================================

    Total RO  Size (Code + RO Data)                11872 (  11.59kB)
    Total RW  Size (RW Data + ZI Data)              1912 (   1.87kB)
    Total ROM Size (Code + RO Data + RW Data)      11924 (  11.64kB)

==============================================================================

