Component: ARM Compiler 5.06 update 7 (build 960) Tool: armlink [4d3601]

==============================================================================

Section Cross References

    system_stm32f10x.o(i.SetSysClock) refers to system_stm32f10x.o(i.SetSysClockTo72) for SetSysClockTo72
    system_stm32f10x.o(i.SystemCoreClockUpdate) refers to system_stm32f10x.o(.data) for SystemCoreClock
    system_stm32f10x.o(i.SystemInit) refers to system_stm32f10x.o(i.SetSysClock) for SetSysClock
    startup_stm32f10x_hd.o(STACK) refers (Special) to heapauxi.o(.text) for __use_two_region_memory
    startup_stm32f10x_hd.o(HEAP) refers (Special) to heapauxi.o(.text) for __use_two_region_memory
    startup_stm32f10x_hd.o(RESET) refers (Special) to heapauxi.o(.text) for __use_two_region_memory
    startup_stm32f10x_hd.o(RESET) refers to startup_stm32f10x_hd.o(STACK) for __initial_sp
    startup_stm32f10x_hd.o(RESET) refers to startup_stm32f10x_hd.o(.text) for Reset_Handler
    startup_stm32f10x_hd.o(RESET) refers to usart2.o(i.USART2_IRQHandler) for USART2_IRQHandler
    startup_stm32f10x_hd.o(RESET) refers to usart5.o(i.UART5_IRQHandler) for UART5_IRQHandler
    startup_stm32f10x_hd.o(RESET) refers to pid_control.o(i.TIM6_IRQHandler) for TIM6_IRQHandler
    startup_stm32f10x_hd.o(.text) refers (Special) to heapauxi.o(.text) for __use_two_region_memory
    startup_stm32f10x_hd.o(.text) refers to system_stm32f10x.o(i.SystemInit) for SystemInit
    startup_stm32f10x_hd.o(.text) refers to __main.o(!!!main) for __main
    startup_stm32f10x_hd.o(.text) refers to startup_stm32f10x_hd.o(HEAP) for Heap_Mem
    startup_stm32f10x_hd.o(.text) refers to startup_stm32f10x_hd.o(STACK) for Stack_Mem
    stm32f10x_adc.o(i.ADC_DeInit) refers to stm32f10x_rcc.o(i.RCC_APB2PeriphResetCmd) for RCC_APB2PeriphResetCmd
    stm32f10x_bkp.o(i.BKP_DeInit) refers to stm32f10x_rcc.o(i.RCC_BackupResetCmd) for RCC_BackupResetCmd
    stm32f10x_can.o(i.CAN_DeInit) refers to stm32f10x_rcc.o(i.RCC_APB1PeriphResetCmd) for RCC_APB1PeriphResetCmd
    stm32f10x_can.o(i.CAN_GetITStatus) refers to stm32f10x_can.o(i.CheckITStatus) for CheckITStatus
    stm32f10x_cec.o(i.CEC_DeInit) refers to stm32f10x_rcc.o(i.RCC_APB1PeriphResetCmd) for RCC_APB1PeriphResetCmd
    stm32f10x_dac.o(i.DAC_DeInit) refers to stm32f10x_rcc.o(i.RCC_APB1PeriphResetCmd) for RCC_APB1PeriphResetCmd
    stm32f10x_flash.o(i.FLASH_EnableWriteProtection) refers to stm32f10x_flash.o(i.FLASH_WaitForLastOperation) for FLASH_WaitForLastOperation
    stm32f10x_flash.o(i.FLASH_EraseAllBank1Pages) refers to stm32f10x_flash.o(i.FLASH_WaitForLastBank1Operation) for FLASH_WaitForLastBank1Operation
    stm32f10x_flash.o(i.FLASH_EraseAllPages) refers to stm32f10x_flash.o(i.FLASH_WaitForLastOperation) for FLASH_WaitForLastOperation
    stm32f10x_flash.o(i.FLASH_EraseOptionBytes) refers to stm32f10x_flash.o(i.FLASH_GetReadOutProtectionStatus) for FLASH_GetReadOutProtectionStatus
    stm32f10x_flash.o(i.FLASH_EraseOptionBytes) refers to stm32f10x_flash.o(i.FLASH_WaitForLastOperation) for FLASH_WaitForLastOperation
    stm32f10x_flash.o(i.FLASH_ErasePage) refers to stm32f10x_flash.o(i.FLASH_WaitForLastOperation) for FLASH_WaitForLastOperation
    stm32f10x_flash.o(i.FLASH_ProgramHalfWord) refers to stm32f10x_flash.o(i.FLASH_WaitForLastOperation) for FLASH_WaitForLastOperation
    stm32f10x_flash.o(i.FLASH_ProgramOptionByteData) refers to stm32f10x_flash.o(i.FLASH_WaitForLastOperation) for FLASH_WaitForLastOperation
    stm32f10x_flash.o(i.FLASH_ProgramWord) refers to stm32f10x_flash.o(i.FLASH_WaitForLastOperation) for FLASH_WaitForLastOperation
    stm32f10x_flash.o(i.FLASH_ReadOutProtection) refers to stm32f10x_flash.o(i.FLASH_WaitForLastOperation) for FLASH_WaitForLastOperation
    stm32f10x_flash.o(i.FLASH_UserOptionByteConfig) refers to stm32f10x_flash.o(i.FLASH_WaitForLastOperation) for FLASH_WaitForLastOperation
    stm32f10x_flash.o(i.FLASH_WaitForLastBank1Operation) refers to stm32f10x_flash.o(i.FLASH_GetBank1Status) for FLASH_GetBank1Status
    stm32f10x_flash.o(i.FLASH_WaitForLastOperation) refers to stm32f10x_flash.o(i.FLASH_GetBank1Status) for FLASH_GetBank1Status
    stm32f10x_gpio.o(i.GPIO_AFIODeInit) refers to stm32f10x_rcc.o(i.RCC_APB2PeriphResetCmd) for RCC_APB2PeriphResetCmd
    stm32f10x_gpio.o(i.GPIO_DeInit) refers to stm32f10x_rcc.o(i.RCC_APB2PeriphResetCmd) for RCC_APB2PeriphResetCmd
    stm32f10x_i2c.o(i.I2C_DeInit) refers to stm32f10x_rcc.o(i.RCC_APB1PeriphResetCmd) for RCC_APB1PeriphResetCmd
    stm32f10x_i2c.o(i.I2C_Init) refers to stm32f10x_rcc.o(i.RCC_GetClocksFreq) for RCC_GetClocksFreq
    stm32f10x_pwr.o(i.PWR_DeInit) refers to stm32f10x_rcc.o(i.RCC_APB1PeriphResetCmd) for RCC_APB1PeriphResetCmd
    stm32f10x_rcc.o(i.RCC_GetClocksFreq) refers to stm32f10x_rcc.o(.data) for APBAHBPrescTable
    stm32f10x_rcc.o(i.RCC_WaitForHSEStartUp) refers to stm32f10x_rcc.o(i.RCC_GetFlagStatus) for RCC_GetFlagStatus
[...]
    ../fplib/feqf.s                          0x00000000   Number         0  feqf.o ABSOLUTE
    ../fplib/ffix.s                          0x00000000   Number         0  ffix.o ABSOLUTE
    ../fplib/fflt.s                          0x00000000   Number         0  fflt_clz.o ABSOLUTE
    ../fplib/fleqf.s                         0x00000000   Number         0  fleqf.o ABSOLUTE
    ../fplib/fmul.s                          0x00000000   Number         0  fmul.o ABSOLUTE
    ../fplib/fnaninf.s                       0x00000000   Number         0  fnaninf.o ABSOLUTE
    ../fplib/fpinit.s                        0x00000000   Number         0  fpinit.o ABSOLUTE
    ../fplib/fretinf.s                       0x00000000   Number         0  fretinf.o ABSOLUTE
    ../fplib/frleqf.s                        0x00000000   Number         0  frleqf.o ABSOLUTE
    ../fplib/usenofp.s                       0x00000000   Number         0  usenofp.o ABSOLUTE
    ../mathlib/floor.c                       0x00000000   Number         0  floor.o ABSOLUTE
    Hardware\PCA9685.c                       0x00000000   Number         0  pca9685.o ABSOLUTE
    Hardware\TB6612.c                        0x00000000   Number         0  tb6612.o ABSOLUTE
    Hardware\encoder.c                       0x00000000   Number         0  encoder.o ABSOLUTE
    Hardware\led.c                           0x00000000   Number         0  led.o ABSOLUTE
    Hardware\oled.c                          0x00000000   Number         0  oled.o ABSOLUTE
    Hardware\openmv_control.c                0x00000000   Number         0  openmv_control.o ABSOLUTE
    Hardware\pid_control.c                   0x00000000   Number         0  pid_control.o ABSOLUTE
    Library\misc.c                           0x00000000   Number         0  misc.o ABSOLUTE
    Library\stm32f10x_adc.c                  0x00000000   Number         0  stm32f10x_adc.o ABSOLUTE
    Library\stm32f10x_bkp.c                  0x00000000   Number         0  stm32f10x_bkp.o ABSOLUTE
    Library\stm32f10x_can.c                  0x00000000   Number         0  stm32f10x_can.o ABSOLUTE
    Library\stm32f10x_cec.c                  0x00000000   Number         0  stm32f10x_cec.o ABSOLUTE
    Library\stm32f10x_crc.c                  0x00000000   Number         0  stm32f10x_crc.o ABSOLUTE
    Library\stm32f10x_dac.c                  0x00000000   Number         0  stm32f10x_dac.o ABSOLUTE
    Library\stm32f10x_dbgmcu.c               0x00000000   Number         0  stm32f10x_dbgmcu.o ABSOLUTE
    Library\stm32f10x_dma.c                  0x00000000   Number         0  stm32f10x_dma.o ABSOLUTE
    Library\stm32f10x_exti.c                 0x00000000   Number         0  stm32f10x_exti.o ABSOLUTE
    Library\stm32f10x_flash.c                0x00000000   Number         0  stm32f10x_flash.o ABSOLUTE
    Library\stm32f10x_fsmc.c                 0x00000000   Number         0  stm32f10x_fsmc.o ABSOLUTE
    Library\stm32f10x_gpio.c                 0x00000000   Number         0  stm32f10x_gpio.o ABSOLUTE
    Library\stm32f10x_i2c.c                  0x00000000   Number         0  stm32f10x_i2c.o ABSOLUTE
    Library\stm32f10x_iwdg.c                 0x00000000   Number         0  stm32f10x_iwdg.o ABSOLUTE
    Library\stm32f10x_pwr.c                  0x00000000   Number         0  stm32f10x_pwr.o ABSOLUTE
    Library\stm32f10x_rcc.c                  0x00000000   Number         0  stm32f10x_rcc.o ABSOLUTE
    Library\stm32f10x_rtc.c                  0x00000000   Number         0  stm32f10x_rtc.o ABSOLUTE
    Library\stm32f10x_sdio.c                 0x00000000   Number         0  stm32f10x_sdio.o ABSOLUTE
    Library\stm32f10x_spi.c                  0x00000000   Number         0  stm32f10x_spi.o ABSOLUTE
    Library\stm32f10x_tim.c                  0x00000000   Number         0  stm32f10x_tim.o ABSOLUTE
    Library\stm32f10x_usart.c                0x00000000   Number         0  stm32f10x_usart.o ABSOLUTE
    Library\stm32f10x_wwdg.c                 0x00000000   Number         0  stm32f10x_wwdg.o ABSOLUTE
    Start\startup_stm32f10x_hd.s             0x00000000   Number         0  startup_stm32f10x_hd.o ABSOLUTE
    System\IIC.c                             0x00000000   Number         0  iic.o ABSOLUTE
    System\Usart1.c                          0x00000000   Number         0  usart1.o ABSOLUTE
    System\Usart2.c                          0x00000000   Number         0  usart2.o ABSOLUTE
    System\Usart3.c                          0x00000000   Number         0  usart3.o ABSOLUTE
    System\Usart5.c                          0x00000000   Number         0  usart5.o ABSOLUTE
    System\\sys.c                            0x00000000   Number         0  sys.o ABSOLUTE
    System\delay.c                           0x00000000   Number         0  delay.o ABSOLUTE
    System\sys.c                             0x00000000   Number         0  sys.o ABSOLUTE
    User\Task.c                              0x00000000   Number         0  task.o ABSOLUTE
    User\main.c                              0x00000000   Number         0  main.o ABSOLUTE
    dc.s                                     0x00000000   Number         0  dc.o ABSOLUTE
    start\\core_cm3.c                        0x00000000   Number         0  core_cm3.o ABSOLUTE
    start\core_cm3.c                         0x00000000   Number         0  core_cm3.o ABSOLUTE
    start\system_stm32f10x.c                 0x00000000   Number         0  system_stm32f10x.o ABSOLUTE
    RESET                                    0x08000000   Section      304  startup_stm32f10x_hd.o(RESET)
    !!!main                                  0x08000130   Section        8  __main.o(!!!main)
    !!!scatter                               0x08000138   Section       52  __scatter.o(!!!scatter)
    !!handler_copy                           0x0800016c   Section       26  __scatter_copy.o(!!handler_copy)
    !!handler_zi                             0x08000188   Section       28  __scatter_zi.o(!!handler_zi)
    .ARM.Collect$$libinit$$00000000          0x080001a4   Section        2  libinit.o(.ARM.Collect$$libinit$$00000000)
    .ARM.Collect$$libinit$$00000002          0x080001a6   Section        0  libinit2.o(.ARM.Collect$$libinit$$00000002)
    .ARM.Collect$$libinit$$00000004          0x080001a6   Section        0  libinit2.o(.ARM.Collect$$libinit$$00000004)
    .ARM.Collect$$libinit$$0000000A          0x080001a6   Section        0  libinit2.o(.ARM.Collect$$libinit$$0000000A)
    .ARM.Collect$$libinit$$0000000C          0x080001a6   Section        0  libinit2.o(.ARM.Collect$$libinit$$0000000C)
    .ARM.Collect$$libinit$$0000000E          0x080001a6   Section        0  libinit2.o(.ARM.Collect$$libinit$$0000000E)
    .ARM.Collect$$libinit$$00000011          0x080001a6   Section        0  libinit2.o(.ARM.Collect$$libinit$$00000011)
    .ARM.Collect$$libinit$$00000013          0x080001a6   Section        0  libinit2.o(.ARM.Collect$$libinit$$00000013)
    .ARM.Collect$$libinit$$00000015          0x080001a6   Section        0  libinit2.o(.ARM.Collect$$libinit$$00000015)
    .ARM.Collect$$libinit$$00000017          0x080001a6   Section        0  libinit2.o(.ARM.Collect$$libinit$$00000017)
    .ARM.Collect$$libinit$$00000019          0x080001a6   Section        0  libinit2.o(.ARM.Collect$$libinit$$00000019)
    .ARM.Collect$$libinit$$0000001B          0x080001a6   Section        0  libinit2.o(.ARM.Collect$$libinit$$0000001B)
    .ARM.Collect$$libinit$$0000001D          0x080001a6   Section        0  libinit2.o(.ARM.Collect$$libinit$$0000001D)
    .ARM.Collect$$libinit$$0000001F          0x080001a6   Section        0  libinit2.o(.ARM.Collect$$libinit$$0000001F)
    .ARM.Collect$$libinit$$00000021          0x080001a6   Section        0  libinit2.o(.ARM.Collect$$libinit$$00000021)
    .ARM.Collect$$libinit$$00000023          0x080001a6   Section        0  libinit2.o(.ARM.Collect$$libinit$$00000023)
    .ARM.Collect$$libinit$$00000025          0x080001a6   Section        0  libinit2.o(.ARM.Collect$$libinit$$00000025)
    .ARM.Collect$$libinit$$0000002C          0x080001a6   Section        0  libinit2.o(.ARM.Collect$$libinit$$0000002C)
    .ARM.Collect$$libinit$$0000002E          0x080001a6   Section        0  libinit2.o(.ARM.Collect$$libinit$$0000002E)
    .ARM.Collect$$libinit$$00000030          0x080001a6   Section        0  libinit2.o(.ARM.Collect$$libinit$$00000030)
    .ARM.Collect$$libinit$$00000032          0x080001a6   Section        0  libinit2.o(.ARM.Collect$$libinit$$00000032)
    .ARM.Collect$$libinit$$00000033          0x080001a6   Section        2  libinit2.o(.ARM.Collect$$libinit$$00000033)
    .ARM.Collect$$libshutdown$$00000000      0x080001a8   Section        2  libshutdown.o(.ARM.Collect$$libshutdown$$00000000)
    .ARM.Collect$$libshutdown$$00000002      0x080001aa   Section        0  libshutdown2.o(.ARM.Collect$$libshutdown$$00000002)
    .ARM.Collect$$libshutdown$$00000004      0x080001aa   Section        0  libshutdown2.o(.ARM.Collect$$libshutdown$$00000004)
    .ARM.Collect$$libshutdown$$00000006      0x080001aa   Section        0  libshutdown2.o(.ARM.Collect$$libshutdown$$00000006)
    .ARM.Collect$$libshutdown$$00000009      0x080001aa   Section        0  libshutdown2.o(.ARM.Collect$$libshutdown$$00000009)
    .ARM.Collect$$libshutdown$$0000000C      0x080001aa   Section        0  libshutdown2.o(.ARM.Collect$$libshutdown$$0000000C)
    .ARM.Collect$$libshutdown$$0000000E      0x080001aa   Section        0  libshutdown2.o(.ARM.Collect$$libshutdown$$0000000E)
    .ARM.Collect$$libshutdown$$00000011      0x080001aa   Section        0  libshutdown2.o(.ARM.Collect$$libshutdown$$00000011)
    .ARM.Collect$$libshutdown$$00000012      0x080001aa   Section        2  libshutdown2.o(.ARM.Collect$$libshutdown$$00000012)
    .ARM.Collect$$rtentry$$00000000          0x080001ac   Section        0  __rtentry.o(.ARM.Collect$$rtentry$$00000000)
    .ARM.Collect$$rtentry$$00000002          0x080001ac   Section        0  __rtentry2.o(.ARM.Collect$$rtentry$$00000002)
    .ARM.Collect$$rtentry$$00000004          0x080001ac   Section        6  __rtentry4.o(.ARM.Collect$$rtentry$$00000004)
    .ARM.Collect$$rtentry$$00000009          0x080001b2   Section        0  __rtentry2.o(.ARM.Collect$$rtentry$$00000009)
    .ARM.Collect$$rtentry$$0000000A          0x080001b2   Section        4  __rtentry2.o(.ARM.Collect$$rtentry$$0000000A)
    .ARM.Collect$$rtentry$$0000000C          0x080001b6   Section        0  __rtentry2.o(.ARM.Collect$$rtentry$$0000000C)
    .ARM.Collect$$rtentry$$0000000D          0x080001b6   Section        8  __rtentry2.o(.ARM.Collect$$rtentry$$0000000D)
    .ARM.Collect$$rtexit$$00000000           0x080001be   Section        2  rtexit.o(.ARM.Collect$$rtexit$$00000000)
    .ARM.Collect$$rtexit$$00000002           0x080001c0   Section        0  rtexit2.o(.ARM.Collect$$rtexit$$00000002)
    .ARM.Collect$$rtexit$$00000003           0x080001c0   Section        4  rtexit2.o(.ARM.Collect$$rtexit$$00000003)
    .ARM.Collect$$rtexit$$00000004           0x080001c4   Section        6  rtexit2.o(.ARM.Collect$$rtexit$$00000004)
    .text                                    0x080001cc   Section       64  startup_stm32f10x_hd.o(.text)
    .text                                    0x0800020c   Section        2  use_no_semi_2.o(.text)
    .text                                    0x0800020e   Section        0  heapauxi.o(.text)
    .text                                    0x08000214   Section        2  use_no_semi.o(.text)
    .text                                    0x08000216   Section       74  sys_stackheap_outer.o(.text)
    .text                                    0x08000260   Section        0  exit.o(.text)
    .text                                    0x08000274   Section        8  libspace.o(.text)
    i.Encoder1_Init                          0x0800027c   Section        0  encoder.o(i.Encoder1_Init)
    i.Encoder2_Init                          0x08000300   Section        0  encoder.o(i.Encoder2_Init)
    i.Encoder3_Init                          0x080003a0   Section        0  encoder.o(i.Encoder3_Init)
    i.Encoder4_Init                          0x0800041c   Section        0  encoder.o(i.Encoder4_Init)
    i.Encoder_Init                           0x08000498   Section        0  encoder.o(i.Encoder_Init)
    i.GPIO_Init                              0x080004ac   Section        0  stm32f10x_gpio.o(i.GPIO_Init)
    i.GPIO_PinRemapConfig                    0x080005c4   Section        0  stm32f10x_gpio.o(i.GPIO_PinRemapConfig)
    i.GPIO_ResetBits                         0x08000654   Section        0  stm32f10x_gpio.o(i.GPIO_ResetBits)
    i.GPIO_SetBits                           0x08000658   Section        0  stm32f10x_gpio.o(i.GPIO_SetBits)
    i.GPIO_WriteBit                          0x0800065c   Section        0  stm32f10x_gpio.o(i.GPIO_WriteBit)
    i.Get_Accumulated_Position               0x08000668   Section        0  pid_control.o(i.Get_Accumulated_Position)
    i.Get_Encoder_Count                      0x080006cc   Section        0  encoder.o(i.Get_Encoder_Count)
    i.Get_Motor_Speed                        0x0800071c   Section        0  pid_control.o(i.Get_Motor_Speed)
    i.Hardware_PWM_Init                      0x08000738   Section        0  tb6612.o(i.Hardware_PWM_Init)
    i.IIC_Ack                                0x08000844   Section        0  iic.o(i.IIC_Ack)
    i.IIC_Init                               0x08000894   Section        0  iic.o(i.IIC_Init)
    i.IIC_NAck                               0x080008d4   Section        0  iic.o(i.IIC_NAck)
    i.IIC_Read_Byte                          0x08000924   Section        0  iic.o(i.IIC_Read_Byte)
    i.IIC_Send_Byte                          0x08000994   Section        0  iic.o(i.IIC_Send_Byte)
    i.IIC_Start                              0x080009fc   Section        0  iic.o(i.IIC_Start)
    i.IIC_Stop                               0x08000a48   Section        0  iic.o(i.IIC_Stop)
    i.IIC_Wait_Ack                           0x08000a94   Section        0  iic.o(i.IIC_Wait_Ack)
    i.LED_Init                               0x08000af8   Section        0  led.o(i.LED_Init)
    i.LED_ON                                 0x08000b70   Section        0  led.o(i.LED_ON)
    i.Limit_Value                            0x08000bac   Section        0  pid_control.o(i.Limit_Value)
    i.MOTOR_Init                             0x08000bd8   Section        0  tb6612.o(i.MOTOR_Init)
    i.MY_NVIC_PriorityGroupConfig            0x08000be8   Section        0  sys.o(i.MY_NVIC_PriorityGroupConfig)
    i.MY_NVIC_SetVectorTable                 0x08000c10   Section        0  sys.o(i.MY_NVIC_SetVectorTable)
    i.Motor_Direction_Init                   0x08000c20   Section        0  tb6612.o(i.Motor_Direction_Init)
    i.Motor_SetDirection                     0x08000c8c   Section        0  tb6612.o(i.Motor_SetDirection)
    i.Motor_SetPWM                           0x08000db0   Section        0  tb6612.o(i.Motor_SetPWM)
    i.Move_stop                              0x08000e08   Section        0  tb6612.o(i.Move_stop)
    i.NVIC_Init                              0x08000e4c   Section        0  misc.o(i.NVIC_Init)
    i.OLED_Clear                             0x08000ebc   Section        0  oled.o(i.OLED_Clear)
    i.OLED_I2C_Init                          0x08000ee8   Section        0  oled.o(i.OLED_I2C_Init)
    i.OLED_I2C_SendByte                      0x08000f34   Section        0  oled.o(i.OLED_I2C_SendByte)
    i.OLED_I2C_Start                         0x08000f8c   Section        0  oled.o(i.OLED_I2C_Start)
    i.OLED_I2C_Stop                          0x08000fbc   Section        0  oled.o(i.OLED_I2C_Stop)
    i.OLED_Init                              0x08000fe4   Section        0  oled.o(i.OLED_Init)
    i.OLED_SetCursor                         0x08001092   Section        0  oled.o(i.OLED_SetCursor)
    i.OLED_WriteCommand                      0x080010b4   Section        0  oled.o(i.OLED_WriteCommand)
    i.OLED_WriteData                         0x080010d4   Section        0  oled.o(i.OLED_WriteData)
    i.OpenMV_Control_Init                    0x080010f4   Section        0  openmv_control.o(i.OpenMV_Control_Init)
    i.OpenMV_Process_Data                    0x08001160   Section        0  openmv_control.o(i.OpenMV_Process_Data)
    i.OpenMV_Send_Color_Recorded             0x08001234   Section        0  openmv_control.o(i.OpenMV_Send_Color_Recorded)
    i.PCA9685_Init                           0x0800125c   Section        0  pca9685.o(i.PCA9685_Init)
    i.PCA9685_read                           0x08001278   Section        0  pca9685.o(i.PCA9685_read)
    i.PCA9685_write                          0x080012b2   Section        0  pca9685.o(i.PCA9685_write)
    i.PID_Control_Init                       0x080012e0   Section        0  pid_control.o(i.PID_Control_Init)
    i.Position_PID_RPM                       0x08001380   Section        0  pid_control.o(i.Position_PID_RPM)
    i.RCC_APB1PeriphClockCmd                 0x0800145c   Section        0  stm32f10x_rcc.o(i.RCC_APB1PeriphClockCmd)
    i.RCC_APB2PeriphClockCmd                 0x0800147c   Section        0  stm32f10x_rcc.o(i.RCC_APB2PeriphClockCmd)
    i.RCC_GetClocksFreq                      0x0800149c   Section        0  stm32f10x_rcc.o(i.RCC_GetClocksFreq)
    i.Reset_Encoder                          0x08001570   Section        0  encoder.o(i.Reset_Encoder)
    i.Reset_Motor_State                      0x080015c0   Section        0  pid_control.o(i.Reset_Motor_State)
    i.SetSysClock                            0x080015fc   Section        0  system_stm32f10x.o(i.SetSysClock)
    SetSysClock                              0x080015fd   Thumb Code     8  system_stm32f10x.o(i.SetSysClock)
    i.SetSysClockTo72                        0x08001604   Section        0  system_stm32f10x.o(i.SetSysClockTo72)
    SetSysClockTo72                          0x08001605   Thumb Code   214  system_stm32f10x.o(i.SetSysClockTo72)
    i.Set_Motor_PWM                          0x080016e4   Section        0  tb6612.o(i.Set_Motor_PWM)
    i.Speed_PID_Calculate                    0x08001744   Section        0  pid_control.o(i.Speed_PID_Calculate)
    i.Stm32_Clock_Init                       0x08001820   Section        0  sys.o(i.Stm32_Clock_Init)
    i.SystemInit                             0x080018b8   Section        0  system_stm32f10x.o(i.SystemInit)
    i.TIM6_IRQHandler                        0x08001918   Section        0  pid_control.o(i.TIM6_IRQHandler)
    i.TIM_ClearITPendingBit                  0x08001a38   Section        0  stm32f10x_tim.o(i.TIM_ClearITPendingBit)
    i.TIM_Cmd                                0x08001a3e   Section        0  stm32f10x_tim.o(i.TIM_Cmd)
    i.TIM_CtrlPWMOutputs                     0x08001a56   Section        0  stm32f10x_tim.o(i.TIM_CtrlPWMOutputs)
    i.TIM_EncoderInterfaceConfig             0x08001a74   Section        0  stm32f10x_tim.o(i.TIM_EncoderInterfaceConfig)
    i.TIM_GetCounter                         0x08001ab6   Section        0  stm32f10x_tim.o(i.TIM_GetCounter)
    i.TIM_GetITStatus                        0x08001abc   Section        0  stm32f10x_tim.o(i.TIM_GetITStatus)
    i.TIM_ITConfig                           0x08001ade   Section        0  stm32f10x_tim.o(i.TIM_ITConfig)
    i.TIM_OC1Init                            0x08001af0   Section        0  stm32f10x_tim.o(i.TIM_OC1Init)
    i.TIM_OC1PreloadConfig                   0x08001b88   Section        0  stm32f10x_tim.o(i.TIM_OC1PreloadConfig)
    i.TIM_OC2Init                            0x08001b9c   Section        0  stm32f10x_tim.o(i.TIM_OC2Init)
    i.TIM_OC2PreloadConfig                   0x08001c40   Section        0  stm32f10x_tim.o(i.TIM_OC2PreloadConfig)
    i.TIM_OC3Init                            0x08001c5c   Section        0  stm32f10x_tim.o(i.TIM_OC3Init)
    i.TIM_OC3PreloadConfig                   0x08001cfc   Section        0  stm32f10x_tim.o(i.TIM_OC3PreloadConfig)
    i.TIM_OC4Init                            0x08001d10   Section        0  stm32f10x_tim.o(i.TIM_OC4Init)
    i.TIM_OC4PreloadConfig                   0x08001d8c   Section        0  stm32f10x_tim.o(i.TIM_OC4PreloadConfig)
    i.TIM_SetCompare1                        0x08001da6   Section        0  stm32f10x_tim.o(i.TIM_SetCompare1)
    i.TIM_SetCompare2                        0x08001daa   Section        0  stm32f10x_tim.o(i.TIM_SetCompare2)
    i.TIM_SetCompare3                        0x08001dae   Section        0  stm32f10x_tim.o(i.TIM_SetCompare3)
    i.TIM_SetCompare4                        0x08001db2   Section        0  stm32f10x_tim.o(i.TIM_SetCompare4)
    i.TIM_SetCounter                         0x08001db8   Section        0  stm32f10x_tim.o(i.TIM_SetCounter)
    i.TIM_TimeBaseInit                       0x08001dbc   Section        0  stm32f10x_tim.o(i.TIM_TimeBaseInit)
    i.UART5_IRQHandler                       0x08001e60   Section        0  usart5.o(i.UART5_IRQHandler)
    i.USART2_IRQHandler                      0x08001e88   Section        0  usart2.o(i.USART2_IRQHandler)
    i.USART_ClearITPendingBit                0x08001eb8   Section        0  stm32f10x_usart.o(i.USART_ClearITPendingBit)
    i.USART_Cmd                              0x08001ed6   Section        0  stm32f10x_usart.o(i.USART_Cmd)
    i.USART_GetFlagStatus                    0x08001eee   Section        0  stm32f10x_usart.o(i.USART_GetFlagStatus)
    i.USART_GetITStatus                      0x08001f08   Section        0  stm32f10x_usart.o(i.USART_GetITStatus)
    i.USART_ITConfig                         0x08001f5c   Section        0  stm32f10x_usart.o(i.USART_ITConfig)
    i.USART_Init                             0x08001fa8   Section        0  stm32f10x_usart.o(i.USART_Init)
    i.USART_ReceiveData                      0x08002080   Section        0  stm32f10x_usart.o(i.USART_ReceiveData)
    i.USART_SendData                         0x0800208a   Section        0  stm32f10x_usart.o(i.USART_SendData)
    i.Usart2_Init                            0x08002094   Section        0  usart2.o(i.Usart2_Init)
    i.Usart2_SendChar                        0x08002138   Section        0  usart2.o(i.Usart2_SendChar)
    i.Usart5_Init                            0x08002158   Section        0  usart5.o(i.Usart5_Init)
    i._sys_exit                              0x08002200   Section        0  usart5.o(i._sys_exit)
    i.calculate_PWM                          0x08002204   Section        0  pca9685.o(i.calculate_PWM)
    i.crazyMe                                0x08002268   Section        0  pca9685.o(i.crazyMe)
    i.delay_init                             0x080022f8   Section        0  delay.o(i.delay_init)
    i.delay_ms                               0x08002328   Section        0  delay.o(i.delay_ms)
    i.delay_us                               0x08002340   Section        0  delay.o(i.delay_us)
    i.floor                                  0x0800237c   Section        0  floor.o(i.floor)
    i.get_packet_length                      0x08002458   Section        0  usart2.o(i.get_packet_length)
    get_packet_length                        0x08002459   Thumb Code    34  usart2.o(i.get_packet_length)
    i.init                                   0x0800247a   Section        0  main.o(i.init)
    i.main                                   0x080024bc   Section        0  main.o(i.main)
    i.process_openmv_byte                    0x080024f8   Section        0  usart2.o(i.process_openmv_byte)
    process_openmv_byte                      0x080024f9   Thumb Code   122  usart2.o(i.process_openmv_byte)
    i.setPWM                                 0x08002578   Section        0  pca9685.o(i.setPWM)
    i.setPWMFreq                             0x080025b4   Section        0  pca9685.o(i.setPWMFreq)
    x$fpl$dadd                               0x0800264c   Section      336  daddsub_clz.o(x$fpl$dadd)
    _dadd1                                   0x0800265d   Thumb Code     0  daddsub_clz.o(x$fpl$dadd)
    x$fpl$dcmpinf                            0x0800279c   Section       24  dcmpi.o(x$fpl$dcmpinf)
    x$fpl$ddiv                               0x080027b4   Section      688  ddiv.o(x$fpl$ddiv)
    ddiv_entry                               0x080027bb   Thumb Code     0  ddiv.o(x$fpl$ddiv)
    x$fpl$dfixu                              0x08002a64   Section       90  dfixu.o(x$fpl$dfixu)
    x$fpl$dflt                               0x08002abe   Section       46  dflt_clz.o(x$fpl$dflt)
    x$fpl$dfltu                              0x08002aec   Section       38  dflt_clz.o(x$fpl$dfltu)
    x$fpl$dleqf                              0x08002b14   Section      120  dleqf.o(x$fpl$dleqf)
    x$fpl$dmul                               0x08002b8c   Section      340  dmul.o(x$fpl$dmul)
    x$fpl$dnaninf                            0x08002ce0   Section      156  dnaninf.o(x$fpl$dnaninf)
    x$fpl$dretinf                            0x08002d7c   Section       12  dretinf.o(x$fpl$dretinf)
    x$fpl$drleqf                             0x08002d88   Section      108  drleqf.o(x$fpl$drleqf)
    x$fpl$drsb                               0x08002df4   Section       22  daddsub_clz.o(x$fpl$drsb)
    x$fpl$dsub                               0x08002e0c   Section      468  daddsub_clz.o(x$fpl$dsub)
    _dsub1                                   0x08002e1d   Thumb Code     0  daddsub_clz.o(x$fpl$dsub)
    x$fpl$fadd                               0x08002fe0   Section      196  faddsub_clz.o(x$fpl$fadd)
    _fadd1                                   0x08002fef   Thumb Code     0  faddsub_clz.o(x$fpl$fadd)
    x$fpl$fcmpinf                            0x080030a4   Section       24  fcmpi.o(x$fpl$fcmpinf)
    x$fpl$fdiv                               0x080030bc   Section      388  fdiv.o(x$fpl$fdiv)
    _fdiv1                                   0x080030bd   Thumb Code     0  fdiv.o(x$fpl$fdiv)
    x$fpl$feqf                               0x08003240   Section      104  feqf.o(x$fpl$feqf)
    x$fpl$ffix                               0x080032a8   Section       54  ffix.o(x$fpl$ffix)
    x$fpl$fflt                               0x080032e0   Section       48  fflt_clz.o(x$fpl$fflt)
    x$fpl$fleqf                              0x08003310   Section      104  fleqf.o(x$fpl$fleqf)
    x$fpl$fmul                               0x08003378   Section      258  fmul.o(x$fpl$fmul)
    x$fpl$fnaninf                            0x0800347a   Section      140  fnaninf.o(x$fpl$fnaninf)
    x$fpl$fretinf                            0x08003506   Section       10  fretinf.o(x$fpl$fretinf)
    x$fpl$frleqf                             0x08003510   Section       98  frleqf.o(x$fpl$frleqf)
    x$fpl$frsb                               0x08003572   Section       20  faddsub_clz.o(x$fpl$frsb)
    x$fpl$fsub                               0x08003588   Section      234  faddsub_clz.o(x$fpl$fsub)
    _fsub1                                   0x08003597   Thumb Code     0  faddsub_clz.o(x$fpl$fsub)
    x$fpl$usenofp                            0x08003672   Section        0  usenofp.o(x$fpl$usenofp)
    .data                                    0x20000000   Section       20  stm32f10x_rcc.o(.data)
    APBAHBPrescTable                         0x20000000   Data          16  stm32f10x_rcc.o(.data)
    ADCPrescTable                            0x20000010   Data           4  stm32f10x_rcc.o(.data)
    .data                                    0x20000014   Section       36  pid_control.o(.data)
    .data                                    0x20000038   Section       24  openmv_control.o(.data)
    pid_output                               0x20000038   Data           1  openmv_control.o(.data)
    cross_count                              0x2000003c   Data           4  openmv_control.o(.data)
    turn_count                               0x20000040   Data           4  openmv_control.o(.data)
    current_mode                             0x20000044   Data           1  openmv_control.o(.data)
    flag_status                              0x20000045   Data           1  openmv_control.o(.data)
    detected_color                           0x20000046   Data           1  openmv_control.o(.data)
    color_array                              0x20000047   Data           5  openmv_control.o(.data)
    color_count                              0x2000004c   Data           1  openmv_control.o(.data)
    color_detect_pending                     0x2000004d   Data           1  openmv_control.o(.data)
    color_detect_result                      0x2000004e   Data           1  openmv_control.o(.data)
    color_detect_complete                    0x2000004f   Data           1  openmv_control.o(.data)
    .data                                    0x20000050   Section        4  delay.o(.data)
    fac_us                                   0x20000050   Data           1  delay.o(.data)
    fac_ms                                   0x20000052   Data           2  delay.o(.data)
    .bss                                     0x20000054   Section      176  pid_control.o(.bss)
    motor_states                             0x20000054   Data          96  pid_control.o(.bss)
    bias                                     0x200000b4   Data          16  pid_control.o(.bss)
    integral                                 0x200000c4   Data          16  pid_control.o(.bss)
    last_bias                                0x200000d4   Data          16  pid_control.o(.bss)
    integral                                 0x200000e4   Data          16  pid_control.o(.bss)
    last_error                               0x200000f4   Data          16  pid_control.o(.bss)
    .bss                                     0x20000104   Section       11  usart2.o(.bss)
    packet_parser                            0x20000104   Data          11  usart2.o(.bss)
    .bss                                     0x20000110   Section       96  libspace.o(.bss)
    HEAP                                     0x20000170   Section      512  startup_stm32f10x_hd.o(HEAP)
    Heap_Mem                                 0x20000170   Data         512  startup_stm32f10x_hd.o(HEAP)
    STACK                                    0x20000370   Section     1024  startup_stm32f10x_hd.o(STACK)
    Stack_Mem                                0x20000370   Data        1024  startup_stm32f10x_hd.o(STACK)
    __initial_sp                             0x20000770   Data           0  startup_stm32f10x_hd.o(STACK)

    Global Symbols

    Symbol Name                              Value     Ov Type        Size  Object(Section)

    BuildAttributes$$THM_ISAv4$P$D$K$B$S$PE$A:L22UL41UL21$X:L11$S22US41US21$IEEE1$IW$USESV6$~STKCKD$USESV7$~SHL$OTIME$ROPI$IEEEJ$EBA8$UX$STANDARDLIB$REQ8$PRES8$EABIv2 0x00000000   Number         0  anon$$obj.o ABSOLUTE
    __ARM_use_no_argv                        0x00000000   Number         0  main.o ABSOLUTE
    __ARM_exceptions_init                     - Undefined Weak Reference
    __alloca_initialize                       - Undefined Weak Reference
    __arm_fini_                               - Undefined Weak Reference
    __arm_preinit_                            - Undefined Weak Reference
    __cpp_initialize__aeabi_                  - Undefined Weak Reference
    __cxa_finalize                            - Undefined Weak Reference
    __rt_locale                               - Undefined Weak Reference
    __sigvec_lookup                           - Undefined Weak Reference
    _atexit_init                              - Undefined Weak Reference
    _call_atexit_fns                          - Undefined Weak Reference
    _clock_init                               - Undefined Weak Reference
    _fp_trap_init                             - Undefined Weak Reference
    _fp_trap_shutdown                         - Undefined Weak Reference
    _get_lc_collate                           - Undefined Weak Reference
    _get_lc_ctype                             - Undefined Weak Reference
    _get_lc_monetary                          - Undefined Weak Reference
    _get_lc_numeric                           - Undefined Weak Reference
    _get_lc_time                              - Undefined Weak Reference
    _getenv_init                              - Undefined Weak Reference
    _handle_redirection                       - Undefined Weak Reference
    _init_alloc                               - Undefined Weak Reference
    _init_user_alloc                          - Undefined Weak Reference
    _initio                                   - Undefined Weak Reference
    _rand_init                                - Undefined Weak Reference
    _signal_finish                            - Undefined Weak Reference
    _signal_init                              - Undefined Weak Reference
    _terminate_alloc                          - Undefined Weak Reference
    _terminate_user_alloc                     - Undefined Weak Reference
    _terminateio                              - Undefined Weak Reference
    __Vectors_Size                           0x00000130   Number         0  startup_stm32f10x_hd.o ABSOLUTE
    __Vectors                                0x08000000   Data           4  startup_stm32f10x_hd.o(RESET)
    __Vectors_End                            0x08000130   Data           0  startup_stm32f10x_hd.o(RESET)
    __main                                   0x08000131   Thumb Code     8  __main.o(!!!main)
    __scatterload                            0x08000139   Thumb Code     0  __scatter.o(!!!scatter)
    __scatterload_rt2                        0x08000139   Thumb Code    44  __scatter.o(!!!scatter)
    __scatterload_rt2_thumb_only             0x08000139   Thumb Code     0  __scatter.o(!!!scatter)
    __scatterload_null                       0x08000147   Thumb Code     0  __scatter.o(!!!scatter)
    __scatterload_copy                       0x0800016d   Thumb Code    26  __scatter_copy.o(!!handler_copy)
    __scatterload_zeroinit                   0x08000189   Thumb Code    28  __scatter_zi.o(!!handler_zi)
    __rt_lib_init                            0x080001a5   Thumb Code     0  libinit.o(.ARM.Collect$$libinit$$00000000)
    __rt_lib_init_alloca_1                   0x080001a7   Thumb Code     0  libinit2.o(.ARM.Collect$$libinit$$0000002E)
    __rt_lib_init_argv_1                     0x080001a7   Thumb Code     0  libinit2.o(.ARM.Collect$$libinit$$0000002C)
    __rt_lib_init_atexit_1                   0x080001a7   Thumb Code     0  libinit2.o(.ARM.Collect$$libinit$$0000001B)
    __rt_lib_init_clock_1                    0x080001a7   Thumb Code     0  libinit2.o(.ARM.Collect$$libinit$$00000021)
    __rt_lib_init_cpp_1                      0x080001a7   Thumb Code     0  libinit2.o(.ARM.Collect$$libinit$$00000032)
    __rt_lib_init_exceptions_1               0x080001a7   Thumb Code     0  libinit2.o(.ARM.Collect$$libinit$$00000030)
    __rt_lib_init_fp_1                       0x080001a7   Thumb Code     0  libinit2.o(.ARM.Collect$$libinit$$00000002)
    __rt_lib_init_fp_trap_1                  0x080001a7   Thumb Code     0  libinit2.o(.ARM.Collect$$libinit$$0000001F)
    __rt_lib_init_getenv_1                   0x080001a7   Thumb Code     0  libinit2.o(.ARM.Collect$$libinit$$00000023)
    __rt_lib_init_heap_1                     0x080001a7   Thumb Code     0  libinit2.o(.ARM.Collect$$libinit$$0000000A)
    __rt_lib_init_lc_collate_1               0x080001a7   Thumb Code     0  libinit2.o(.ARM.Collect$$libinit$$00000011)
    __rt_lib_init_lc_ctype_1                 0x080001a7   Thumb Code     0  libinit2.o(.ARM.Collect$$libinit$$00000013)
    __rt_lib_init_lc_monetary_1              0x080001a7   Thumb Code     0  libinit2.o(.ARM.Collect$$libinit$$00000015)
    __rt_lib_init_lc_numeric_1               0x080001a7   Thumb Code     0  libinit2.o(.ARM.Collect$$libinit$$00000017)
    __rt_lib_init_lc_time_1                  0x080001a7   Thumb Code     0  libinit2.o(.ARM.Collect$$libinit$$00000019)
    __rt_lib_init_preinit_1                  0x080001a7   Thumb Code     0  libinit2.o(.ARM.Collect$$libinit$$00000004)
    __rt_lib_init_rand_1                     0x080001a7   Thumb Code     0  libinit2.o(.ARM.Collect$$libinit$$0000000E)
    __rt_lib_init_return                     0x080001a7   Thumb Code     0  libinit2.o(.ARM.Collect$$libinit$$00000033)
    __rt_lib_init_signal_1                   0x080001a7   Thumb Code     0  libinit2.o(.ARM.Collect$$libinit$$0000001D)
    __rt_lib_init_stdio_1                    0x080001a7   Thumb Code     0  libinit2.o(.ARM.Collect$$libinit$$00000025)
    __rt_lib_init_user_alloc_1               0x080001a7   Thumb Code     0  libinit2.o(.ARM.Collect$$libinit$$0000000C)
    __rt_lib_shutdown                        0x080001a9   Thumb Code     0  libshutdown.o(.ARM.Collect$$libshutdown$$00000000)
    __rt_lib_shutdown_cpp_1                  0x080001ab   Thumb Code     0  libshutdown2.o(.ARM.Collect$$libshutdown$$00000004)
    __rt_lib_shutdown_fini_1                 0x080001ab   Thumb Code     0  libshutdown2.o(.ARM.Collect$$libshutdown$$00000002)
    __rt_lib_shutdown_fp_trap_1              0x080001ab   Thumb Code     0  libshutdown2.o(.ARM.Collect$$libshutdown$$00000009)
    __rt_lib_shutdown_heap_1                 0x080001ab   Thumb Code     0  libshutdown2.o(.ARM.Collect$$libshutdown$$00000011)
    __rt_lib_shutdown_return                 0x080001ab   Thumb Code     0  libshutdown2.o(.ARM.Collect$$libshutdown$$00000012)
    __rt_lib_shutdown_signal_1               0x080001ab   Thumb Code     0  libshutdown2.o(.ARM.Collect$$libshutdown$$0000000C)
    __rt_lib_shutdown_stdio_1                0x080001ab   Thumb Code     0  libshutdown2.o(.ARM.Collect$$libshutdown$$00000006)
    __rt_lib_shutdown_user_alloc_1           0x080001ab   Thumb Code     0  libshutdown2.o(.ARM.Collect$$libshutdown$$0000000E)
    __rt_entry                               0x080001ad   Thumb Code     0  __rtentry.o(.ARM.Collect$$rtentry$$00000000)
    __rt_entry_presh_1                       0x080001ad   Thumb Code     0  __rtentry2.o(.ARM.Collect$$rtentry$$00000002)
    __rt_entry_sh                            0x080001ad   Thumb Code     0  __rtentry4.o(.ARM.Collect$$rtentry$$00000004)
    __rt_entry_li                            0x080001b3   Thumb Code     0  __rtentry2.o(.ARM.Collect$$rtentry$$0000000A)
    __rt_entry_postsh_1                      0x080001b3   Thumb Code     0  __rtentry2.o(.ARM.Collect$$rtentry$$00000009)
    __rt_entry_main                          0x080001b7   Thumb Code     0  __rtentry2.o(.ARM.Collect$$rtentry$$0000000D)
    __rt_entry_postli_1                      0x080001b7   Thumb Code     0  __rtentry2.o(.ARM.Collect$$rtentry$$0000000C)
    __rt_exit                                0x080001bf   Thumb Code     0  rtexit.o(.ARM.Collect$$rtexit$$00000000)
    __rt_exit_ls                             0x080001c1   Thumb Code     0  rtexit2.o(.ARM.Collect$$rtexit$$00000003)
    __rt_exit_prels_1                        0x080001c1   Thumb Code     0  rtexit2.o(.ARM.Collect$$rtexit$$00000002)
    __rt_exit_exit                           0x080001c5   Thumb Code     0  rtexit2.o(.ARM.Collect$$rtexit$$00000004)
    Reset_Handler                            0x080001cd   Thumb Code     8  startup_stm32f10x_hd.o(.text)
    NMI_Handler                              0x080001d5   Thumb Code     2  startup_stm32f10x_hd.o(.text)
    HardFault_Handler                        0x080001d7   Thumb Code     2  startup_stm32f10x_hd.o(.text)
    MemManage_Handler                        0x080001d9   Thumb Code     2  startup_stm32f10x_hd.o(.text)
    BusFault_Handler                         0x080001db   Thumb Code     2  startup_stm32f10x_hd.o(.text)
    UsageFault_Handler                       0x080001dd   Thumb Code     2  startup_stm32f10x_hd.o(.text)
    SVC_Handler                              0x080001df   Thumb Code     2  startup_stm32f10x_hd.o(.text)
    DebugMon_Handler                         0x080001e1   Thumb Code     2  startup_stm32f10x_hd.o(.text)
    PendSV_Handler                           0x080001e3   Thumb Code     2  startup_stm32f10x_hd.o(.text)
    SysTick_Handler                          0x080001e5   Thumb Code     2  startup_stm32f10x_hd.o(.text)
    ADC1_2_IRQHandler                        0x080001e7   Thumb Code     0  startup_stm32f10x_hd.o(.text)
    ADC3_IRQHandler                          0x080001e7   Thumb Code     0  startup_stm32f10x_hd.o(.text)
    CAN1_RX1_IRQHandler                      0x080001e7   Thumb Code     0  startup_stm32f10x_hd.o(.text)
    CAN1_SCE_IRQHandler                      0x080001e7   Thumb Code     0  startup_stm32f10x_hd.o(.text)
    DMA1_Channel1_IRQHandler                 0x080001e7   Thumb Code     0  startup_stm32f10x_hd.o(.text)
    DMA1_Channel2_IRQHandler                 0x080001e7   Thumb Code     0  startup_stm32f10x_hd.o(.text)
    DMA1_Channel3_IRQHandler                 0x080001e7   Thumb Code     0  startup_stm32f10x_hd.o(.text)
    DMA1_Channel4_IRQHandler                 0x080001e7   Thumb Code     0  startup_stm32f10x_hd.o(.text)
    DMA1_Channel5_IRQHandler                 0x080001e7   Thumb Code     0  startup_stm32f10x_hd.o(.text)
    DMA1_Channel6_IRQHandler                 0x080001e7   Thumb Code     0  startup_stm32f10x_hd.o(.text)
    DMA1_Channel7_IRQHandler                 0x080001e7   Thumb Code     0  startup_stm32f10x_hd.o(.text)
    DMA2_Channel1_IRQHandler                 0x080001e7   Thumb Code     0  startup_stm32f10x_hd.o(.text)
    DMA2_Channel2_IRQHandler                 0x080001e7   Thumb Code     0  startup_stm32f10x_hd.o(.text)
    DMA2_Channel3_IRQHandler                 0x080001e7   Thumb Code     0  startup_stm32f10x_hd.o(.text)
    DMA2_Channel4_5_IRQHandler               0x080001e7   Thumb Code     0  startup_stm32f10x_hd.o(.text)
    EXTI0_IRQHandler                         0x080001e7   Thumb Code     0  startup_stm32f10x_hd.o(.text)
    EXTI15_10_IRQHandler                     0x080001e7   Thumb Code     0  startup_stm32f10x_hd.o(.text)
    EXTI1_IRQHandler                         0x080001e7   Thumb Code     0  startup_stm32f10x_hd.o(.text)
    EXTI2_IRQHandler                         0x080001e7   Thumb Code     0  startup_stm32f10x_hd.o(.text)
    EXTI3_IRQHandler                         0x080001e7   Thumb Code     0  startup_stm32f10x_hd.o(.text)
    EXTI4_IRQHandler                         0x080001e7   Thumb Code     0  startup_stm32f10x_hd.o(.text)
    EXTI9_5_IRQHandler                       0x080001e7   Thumb Code     0  startup_stm32f10x_hd.o(.text)
    FLASH_IRQHandler                         0x080001e7   Thumb Code     0  startup_stm32f10x_hd.o(.text)
    FSMC_IRQHandler                          0x080001e7   Thumb Code     0  startup_stm32f10x_hd.o(.text)
    I2C1_ER_IRQHandler                       0x080001e7   Thumb Code     0  startup_stm32f10x_hd.o(.text)
    I2C1_EV_IRQHandler                       0x080001e7   Thumb Code     0  startup_stm32f10x_hd.o(.text)
    I2C2_ER_IRQHandler                       0x080001e7   Thumb Code     0  startup_stm32f10x_hd.o(.text)
    I2C2_EV_IRQHandler                       0x080001e7   Thumb Code     0  startup_stm32f10x_hd.o(.text)
    PVD_IRQHandler                           0x080001e7   Thumb Code     0  startup_stm32f10x_hd.o(.text)
    RCC_IRQHandler                           0x080001e7   Thumb Code     0  startup_stm32f10x_hd.o(.text)
    RTCAlarm_IRQHandler                      0x080001e7   Thumb Code     0  startup_stm32f10x_hd.o(.text)
    RTC_IRQHandler                           0x080001e7   Thumb Code     0  startup_stm32f10x_hd.o(.text)
    SDIO_IRQHandler                          0x080001e7   Thumb Code     0  startup_stm32f10x_hd.o(.text)
    SPI1_IRQHandler                          0x080001e7   Thumb Code     0  startup_stm32f10x_hd.o(.text)
    SPI2_IRQHandler                          0x080001e7   Thumb Code     0  startup_stm32f10x_hd.o(.text)
    SPI3_IRQHandler                          0x080001e7   Thumb Code     0  startup_stm32f10x_hd.o(.text)
    TAMPER_IRQHandler                        0x080001e7   Thumb Code     0  startup_stm32f10x_hd.o(.text)
    TIM1_BRK_IRQHandler                      0x080001e7   Thumb Code     0  startup_stm32f10x_hd.o(.text)
    TIM1_CC_IRQHandler                       0x080001e7   Thumb Code     0  startup_stm32f10x_hd.o(.text)
    TIM1_TRG_COM_IRQHandler                  0x080001e7   Thumb Code     0  startup_stm32f10x_hd.o(.text)
    TIM1_UP_IRQHandler                       0x080001e7   Thumb Code     0  startup_stm32f10x_hd.o(.text)
    TIM2_IRQHandler                          0x080001e7   Thumb Code     0  startup_stm32f10x_hd.o(.text)
    TIM3_IRQHandler                          0x080001e7   Thumb Code     0  startup_stm32f10x_hd.o(.text)
    TIM4_IRQHandler                          0x080001e7   Thumb Code     0  startup_stm32f10x_hd.o(.text)
    TIM5_IRQHandler                          0x080001e7   Thumb Code     0  startup_stm32f10x_hd.o(.text)
    TIM7_IRQHandler                          0x080001e7   Thumb Code     0  startup_stm32f10x_hd.o(.text)
    TIM8_BRK_IRQHandler                      0x080001e7   Thumb Code     0  startup_stm32f10x_hd.o(.text)
    TIM8_CC_IRQHandler                       0x080001e7   Thumb Code     0  startup_stm32f10x_hd.o(.text)
    TIM8_TRG_COM_IRQHandler                  0x080001e7   Thumb Code     0  startup_stm32f10x_hd.o(.text)
    TIM8_UP_IRQHandler                       0x080001e7   Thumb Code     0  startup_stm32f10x_hd.o(.text)
    UART4_IRQHandler                         0x080001e7   Thumb Code     0  startup_stm32f10x_hd.o(.text)
    USART1_IRQHandler                        0x080001e7   Thumb Code     0  startup_stm32f10x_hd.o(.text)
    USART3_IRQHandler                        0x080001e7   Thumb Code     0  startup_stm32f10x_hd.o(.text)
    USBWakeUp_IRQHandler                     0x080001e7   Thumb Code     0  startup_stm32f10x_hd.o(.text)
    USB_HP_CAN1_TX_IRQHandler                0x080001e7   Thumb Code     0  startup_stm32f10x_hd.o(.text)
    USB_LP_CAN1_RX0_IRQHandler               0x080001e7   Thumb Code     0  startup_stm32f10x_hd.o(.text)
    WWDG_IRQHandler                          0x080001e7   Thumb Code     0  startup_stm32f10x_hd.o(.text)
    __user_initial_stackheap                 0x080001e9   Thumb Code     0  startup_stm32f10x_hd.o(.text)
    __use_no_semihosting                     0x0800020d   Thumb Code     2  use_no_semi_2.o(.text)
    __use_two_region_memory                  0x0800020f   Thumb Code     2  heapauxi.o(.text)
    __rt_heap_escrow$2region                 0x08000211   Thumb Code     2  heapauxi.o(.text)
    __rt_heap_expand$2region                 0x08000213   Thumb Code     2  heapauxi.o(.text)
    __I$use$semihosting                      0x08000215   Thumb Code     0  use_no_semi.o(.text)
    __use_no_semihosting_swi                 0x08000215   Thumb Code     2  use_no_semi.o(.text)
    __user_setup_stackheap                   0x08000217   Thumb Code    74  sys_stackheap_outer.o(.text)
    exit                                     0x08000261   Thumb Code    18  exit.o(.text)
    __user_libspace                          0x08000275   Thumb Code     8  libspace.o(.text)
    __user_perproc_libspace                  0x08000275   Thumb Code     0  libspace.o(.text)
    __user_perthread_libspace                0x08000275   Thumb Code     0  libspace.o(.text)
    Encoder1_Init                            0x0800027d   Thumb Code   120  encoder.o(i.Encoder1_Init)
    Encoder2_Init                            0x08000301   Thumb Code   142  encoder.o(i.Encoder2_Init)
    Encoder3_Init                            0x080003a1   Thumb Code   112  encoder.o(i.Encoder3_Init)
    Encoder4_Init                            0x0800041d   Thumb Code   114  encoder.o(i.Encoder4_Init)
    Encoder_Init                             0x08000499   Thumb Code    20  encoder.o(i.Encoder_Init)
    GPIO_Init                                0x080004ad   Thumb Code   278  stm32f10x_gpio.o(i.GPIO_Init)
    GPIO_PinRemapConfig                      0x080005c5   Thumb Code   138  stm32f10x_gpio.o(i.GPIO_PinRemapConfig)
    GPIO_ResetBits                           0x08000655   Thumb Code     4  stm32f10x_gpio.o(i.GPIO_ResetBits)
    GPIO_SetBits                             0x08000659   Thumb Code     4  stm32f10x_gpio.o(i.GPIO_SetBits)
    GPIO_WriteBit                            0x0800065d   Thumb Code    10  stm32f10x_gpio.o(i.GPIO_WriteBit)
    Get_Accumulated_Position                 0x08000669   Thumb Code    82  pid_control.o(i.Get_Accumulated_Position)
    Get_Encoder_Count                        0x080006cd   Thumb Code    66  encoder.o(i.Get_Encoder_Count)
    Get_Motor_Speed                          0x0800071d   Thumb Code    24  pid_control.o(i.Get_Motor_Speed)
    Hardware_PWM_Init                        0x08000739   Thumb Code   250  tb6612.o(i.Hardware_PWM_Init)
    IIC_Ack                                  0x08000845   Thumb Code    66  iic.o(i.IIC_Ack)
    IIC_Init                                 0x08000895   Thumb Code    52  iic.o(i.IIC_Init)
    IIC_NAck                                 0x080008d5   Thumb Code    66  iic.o(i.IIC_NAck)
    IIC_Read_Byte                            0x08000925   Thumb Code    98  iic.o(i.IIC_Read_Byte)
    IIC_Send_Byte                            0x08000995   Thumb Code    90  iic.o(i.IIC_Send_Byte)
    IIC_Start                                0x080009fd   Thumb Code    64  iic.o(i.IIC_Start)
    IIC_Stop                                 0x08000a49   Thumb Code    62  iic.o(i.IIC_Stop)
    IIC_Wait_Ack                             0x08000a95   Thumb Code    86  iic.o(i.IIC_Wait_Ack)
    LED_Init                                 0x08000af9   Thumb Code   108  led.o(i.LED_Init)
    LED_ON                                   0x08000b71   Thumb Code    46  led.o(i.LED_ON)
    Limit_Value                              0x08000bad   Thumb Code    44  pid_control.o(i.Limit_Value)
    MOTOR_Init                               0x08000bd9   Thumb Code    16  tb6612.o(i.MOTOR_Init)
    MY_NVIC_PriorityGroupConfig              0x08000be9   Thumb Code    32  sys.o(i.MY_NVIC_PriorityGroupConfig)
    MY_NVIC_SetVectorTable                   0x08000c11   Thumb Code    12  sys.o(i.MY_NVIC_SetVectorTable)
    Motor_Direction_Init                     0x08000c21   Thumb Code    94  tb6612.o(i.Motor_Direction_Init)
    Motor_SetDirection                       0x08000c8d   Thumb Code   280  tb6612.o(i.Motor_SetDirection)
    Motor_SetPWM                             0x08000db1   Thumb Code    80  tb6612.o(i.Motor_SetPWM)
    Move_stop                                0x08000e09   Thumb Code    68  tb6612.o(i.Move_stop)
    NVIC_Init                                0x08000e4d   Thumb Code   100  misc.o(i.NVIC_Init)
    OLED_Clear                               0x08000ebd   Thumb Code    42  oled.o(i.OLED_Clear)
    OLED_I2C_Init                            0x08000ee9   Thumb Code    72  oled.o(i.OLED_I2C_Init)
    OLED_I2C_SendByte                        0x08000f35   Thumb Code    82  oled.o(i.OLED_I2C_SendByte)
    OLED_I2C_Start                           0x08000f8d   Thumb Code    44  oled.o(i.OLED_I2C_Start)
    OLED_I2C_Stop                            0x08000fbd   Thumb Code    34  oled.o(i.OLED_I2C_Stop)
    OLED_Init                                0x08000fe5   Thumb Code   174  oled.o(i.OLED_Init)
    OLED_SetCursor                           0x08001093   Thumb Code    34  oled.o(i.OLED_SetCursor)
    OLED_WriteCommand                        0x080010b5   Thumb Code    32  oled.o(i.OLED_WriteCommand)
    OLED_WriteData                           0x080010d5   Thumb Code    32  oled.o(i.OLED_WriteData)
    OpenMV_Control_Init                      0x080010f5   Thumb Code    64  openmv_control.o(i.OpenMV_Control_Init)
    OpenMV_Process_Data                      0x08001161   Thumb Code   166  openmv_control.o(i.OpenMV_Process_Data)
    OpenMV_Send_Color_Recorded               0x08001235   Thumb Code    34  openmv_control.o(i.OpenMV_Send_Color_Recorded)
    PCA9685_Init                             0x0800125d   Thumb Code    28  pca9685.o(i.PCA9685_Init)
    PCA9685_read                             0x08001279   Thumb Code    58  pca9685.o(i.PCA9685_read)
    PCA9685_write                            0x080012b3   Thumb Code    46  pca9685.o(i.PCA9685_write)
    PID_Control_Init                         0x080012e1   Thumb Code   148  pid_control.o(i.PID_Control_Init)
    Position_PID_RPM                         0x08001381   Thumb Code   182  pid_control.o(i.Position_PID_RPM)
    RCC_APB1PeriphClockCmd                   0x0800145d   Thumb Code    26  stm32f10x_rcc.o(i.RCC_APB1PeriphClockCmd)
    RCC_APB2PeriphClockCmd                   0x0800147d   Thumb Code    26  stm32f10x_rcc.o(i.RCC_APB2PeriphClockCmd)
    RCC_GetClocksFreq                        0x0800149d   Thumb Code   192  stm32f10x_rcc.o(i.RCC_GetClocksFreq)
    Reset_Encoder                            0x08001571   Thumb Code    68  encoder.o(i.Reset_Encoder)
    Reset_Motor_State                        0x080015c1   Thumb Code    50  pid_control.o(i.Reset_Motor_State)
    Set_Motor_PWM                            0x080016e5   Thumb Code    96  tb6612.o(i.Set_Motor_PWM)
    Speed_PID_Calculate                      0x08001745   Thumb Code   204  pid_control.o(i.Speed_PID_Calculate)
    Stm32_Clock_Init                         0x08001821   Thumb Code   144  sys.o(i.Stm32_Clock_Init)
    SystemInit                               0x080018b9   Thumb Code    78  system_stm32f10x.o(i.SystemInit)
    TIM6_IRQHandler                          0x08001919   Thumb Code   254  pid_control.o(i.TIM6_IRQHandler)
    TIM_ClearITPendingBit                    0x08001a39   Thumb Code     6  stm32f10x_tim.o(i.TIM_ClearITPendingBit)
    TIM_Cmd                                  0x08001a3f   Thumb Code    24  stm32f10x_tim.o(i.TIM_Cmd)
    TIM_CtrlPWMOutputs                       0x08001a57   Thumb Code    30  stm32f10x_tim.o(i.TIM_CtrlPWMOutputs)
    TIM_EncoderInterfaceConfig               0x08001a75   Thumb Code    66  stm32f10x_tim.o(i.TIM_EncoderInterfaceConfig)
    TIM_GetCounter                           0x08001ab7   Thumb Code     6  stm32f10x_tim.o(i.TIM_GetCounter)
    TIM_GetITStatus                          0x08001abd   Thumb Code    34  stm32f10x_tim.o(i.TIM_GetITStatus)
    TIM_ITConfig                             0x08001adf   Thumb Code    18  stm32f10x_tim.o(i.TIM_ITConfig)
    TIM_OC1Init                              0x08001af1   Thumb Code   132  stm32f10x_tim.o(i.TIM_OC1Init)
    TIM_OC1PreloadConfig                     0x08001b89   Thumb Code    18  stm32f10x_tim.o(i.TIM_OC1PreloadConfig)
    TIM_OC2Init                              0x08001b9d   Thumb Code   154  stm32f10x_tim.o(i.TIM_OC2Init)
    TIM_OC2PreloadConfig                     0x08001c41   Thumb Code    26  stm32f10x_tim.o(i.TIM_OC2PreloadConfig)
    TIM_OC3Init                              0x08001c5d   Thumb Code   150  stm32f10x_tim.o(i.TIM_OC3Init)
    TIM_OC3PreloadConfig                     0x08001cfd   Thumb Code    18  stm32f10x_tim.o(i.TIM_OC3PreloadConfig)
    TIM_OC4Init                              0x08001d11   Thumb Code   114  stm32f10x_tim.o(i.TIM_OC4Init)
    TIM_OC4PreloadConfig                     0x08001d8d   Thumb Code    26  stm32f10x_tim.o(i.TIM_OC4PreloadConfig)
    TIM_SetCompare1                          0x08001da7   Thumb Code     4  stm32f10x_tim.o(i.TIM_SetCompare1)
    TIM_SetCompare2                          0x08001dab   Thumb Code     4  stm32f10x_tim.o(i.TIM_SetCompare2)
    TIM_SetCompare3                          0x08001daf   Thumb Code     4  stm32f10x_tim.o(i.TIM_SetCompare3)
    TIM_SetCompare4                          0x08001db3   Thumb Code     6  stm32f10x_tim.o(i.TIM_SetCompare4)
    TIM_SetCounter                           0x08001db9   Thumb Code     4  stm32f10x_tim.o(i.TIM_SetCounter)
    TIM_TimeBaseInit                         0x08001dbd   Thumb Code   122  stm32f10x_tim.o(i.TIM_TimeBaseInit)
    UART5_IRQHandler                         0x08001e61   Thumb Code    34  usart5.o(i.UART5_IRQHandler)
    USART2_IRQHandler                        0x08001e89   Thumb Code    42  usart2.o(i.USART2_IRQHandler)
    USART_ClearITPendingBit                  0x08001eb9   Thumb Code    30  stm32f10x_usart.o(i.USART_ClearITPendingBit)
    USART_Cmd                                0x08001ed7   Thumb Code    24  stm32f10x_usart.o(i.USART_Cmd)
    USART_GetFlagStatus                      0x08001eef   Thumb Code    26  stm32f10x_usart.o(i.USART_GetFlagStatus)
    USART_GetITStatus                        0x08001f09   Thumb Code    84  stm32f10x_usart.o(i.USART_GetITStatus)
    USART_ITConfig                           0x08001f5d   Thumb Code    74  stm32f10x_usart.o(i.USART_ITConfig)
    USART_Init                               0x08001fa9   Thumb Code   210  stm32f10x_usart.o(i.USART_Init)
    USART_ReceiveData                        0x08002081   Thumb Code    10  stm32f10x_usart.o(i.USART_ReceiveData)
    USART_SendData                           0x0800208b   Thumb Code     8  stm32f10x_usart.o(i.USART_SendData)
    Usart2_Init                              0x08002095   Thumb Code   154  usart2.o(i.Usart2_Init)
    Usart2_SendChar                          0x08002139   Thumb Code    28  usart2.o(i.Usart2_SendChar)
    Usart5_Init                              0x08002159   Thumb Code   154  usart5.o(i.Usart5_Init)
    _sys_exit                                0x08002201   Thumb Code     4  usart5.o(i._sys_exit)
    calculate_PWM                            0x08002205   Thumb Code    82  pca9685.o(i.calculate_PWM)
    crazyMe                                  0x08002269   Thumb Code   144  pca9685.o(i.crazyMe)
    delay_init                               0x080022f9   Thumb Code    40  delay.o(i.delay_init)
    delay_ms                                 0x08002329   Thumb Code    24  delay.o(i.delay_ms)
    delay_us                                 0x08002341   Thumb Code    56  delay.o(i.delay_us)
    floor                                    0x0800237d   Thumb Code   204  floor.o(i.floor)
    init                                     0x0800247b   Thumb Code    66  main.o(i.init)
    main                                     0x080024bd   Thumb Code    58  main.o(i.main)
    setPWM                                   0x08002579   Thumb Code    58  pca9685.o(i.setPWM)
    setPWMFreq                               0x080025b5   Thumb Code   134  pca9685.o(i.setPWMFreq)
    __aeabi_dadd                             0x0800264d   Thumb Code     0  daddsub_clz.o(x$fpl$dadd)
    _dadd                                    0x0800264d   Thumb Code   332  daddsub_clz.o(x$fpl$dadd)
    __fpl_dcmp_Inf                           0x0800279d   Thumb Code    24  dcmpi.o(x$fpl$dcmpinf)
    __aeabi_ddiv                             0x080027b5   Thumb Code     0  ddiv.o(x$fpl$ddiv)
    _ddiv                                    0x080027b5   Thumb Code   552  ddiv.o(x$fpl$ddiv)
    __aeabi_d2uiz                            0x08002a65   Thumb Code     0  dfixu.o(x$fpl$dfixu)
    _dfixu                                   0x08002a65   Thumb Code    90  dfixu.o(x$fpl$dfixu)
    __aeabi_i2d                              0x08002abf   Thumb Code     0  dflt_clz.o(x$fpl$dflt)
    _dflt                                    0x08002abf   Thumb Code    46  dflt_clz.o(x$fpl$dflt)
    __aeabi_ui2d                             0x08002aed   Thumb Code     0  dflt_clz.o(x$fpl$dfltu)
    _dfltu                                   0x08002aed   Thumb Code    38  dflt_clz.o(x$fpl$dfltu)
    __aeabi_cdcmple                          0x08002b15   Thumb Code     0  dleqf.o(x$fpl$dleqf)
    _dcmple                                  0x08002b15   Thumb Code   120  dleqf.o(x$fpl$dleqf)
    __fpl_dcmple_InfNaN                      0x08002b77   Thumb Code     0  dleqf.o(x$fpl$dleqf)
    __aeabi_dmul                             0x08002b8d   Thumb Code     0  dmul.o(x$fpl$dmul)
    _dmul                                    0x08002b8d   Thumb Code   332  dmul.o(x$fpl$dmul)
    __fpl_dnaninf                            0x08002ce1   Thumb Code   156  dnaninf.o(x$fpl$dnaninf)
    __fpl_dretinf                            0x08002d7d   Thumb Code    12  dretinf.o(x$fpl$dretinf)
    __aeabi_cdrcmple                         0x08002d89   Thumb Code     0  drleqf.o(x$fpl$drleqf)
    _drcmple                                 0x08002d89   Thumb Code   108  drleqf.o(x$fpl$drleqf)
    __aeabi_drsub                            0x08002df5   Thumb Code     0  daddsub_clz.o(x$fpl$drsb)
    _drsb                                    0x08002df5   Thumb Code    22  daddsub_clz.o(x$fpl$drsb)
    __aeabi_dsub                             0x08002e0d   Thumb Code     0  daddsub_clz.o(x$fpl$dsub)
    _dsub                                    0x08002e0d   Thumb Code   464  daddsub_clz.o(x$fpl$dsub)
    __aeabi_fadd                             0x08002fe1   Thumb Code     0  faddsub_clz.o(x$fpl$fadd)
    _fadd                                    0x08002fe1   Thumb Code   196  faddsub_clz.o(x$fpl$fadd)
    __fpl_fcmp_Inf                           0x080030a5   Thumb Code    24  fcmpi.o(x$fpl$fcmpinf)
    __aeabi_fdiv                             0x080030bd   Thumb Code     0  fdiv.o(x$fpl$fdiv)
    _fdiv                                    0x080030bd   Thumb Code   384  fdiv.o(x$fpl$fdiv)
    __aeabi_cfcmpeq                          0x08003241   Thumb Code     0  feqf.o(x$fpl$feqf)
    _fcmpeq                                  0x08003241   Thumb Code   104  feqf.o(x$fpl$feqf)
    __aeabi_f2iz                             0x080032a9   Thumb Code     0  ffix.o(x$fpl$ffix)
    _ffix                                    0x080032a9   Thumb Code    54  ffix.o(x$fpl$ffix)
    __aeabi_i2f                              0x080032e1   Thumb Code     0  fflt_clz.o(x$fpl$fflt)
    _fflt                                    0x080032e1   Thumb Code    48  fflt_clz.o(x$fpl$fflt)
    __aeabi_cfcmple                          0x08003311   Thumb Code     0  fleqf.o(x$fpl$fleqf)
    _fcmple                                  0x08003311   Thumb Code   104  fleqf.o(x$fpl$fleqf)
    __fpl_fcmple_InfNaN                      0x08003363   Thumb Code     0  fleqf.o(x$fpl$fleqf)
    __aeabi_fmul                             0x08003379   Thumb Code     0  fmul.o(x$fpl$fmul)
    _fmul                                    0x08003379   Thumb Code   258  fmul.o(x$fpl$fmul)
    __fpl_fnaninf                            0x0800347b   Thumb Code   140  fnaninf.o(x$fpl$fnaninf)
    __fpl_fretinf                            0x08003507   Thumb Code    10  fretinf.o(x$fpl$fretinf)
    __aeabi_cfrcmple                         0x08003511   Thumb Code     0  frleqf.o(x$fpl$frleqf)
    _frcmple                                 0x08003511   Thumb Code    98  frleqf.o(x$fpl$frleqf)
    __aeabi_frsub                            0x08003573   Thumb Code     0  faddsub_clz.o(x$fpl$frsb)
    _frsb                                    0x08003573   Thumb Code    20  faddsub_clz.o(x$fpl$frsb)
    __aeabi_fsub                             0x08003589   Thumb Code     0  faddsub_clz.o(x$fpl$fsub)
    _fsub                                    0x08003589   Thumb Code   234  faddsub_clz.o(x$fpl$fsub)
    __I$use$fp                               0x08003672   Number         0  usenofp.o(x$fpl$usenofp)
    Region$$Table$$Base                      0x08003674   Number         0  anon$$obj.o(Region$$Table)
    Region$$Table$$Limit                     0x08003694   Number         0  anon$$obj.o(Region$$Table)
    Position_KP                              0x20000014   Data           4  pid_control.o(.data)
    Position_KI                              0x20000018   Data           4  pid_control.o(.data)
    Position_KD                              0x2000001c   Data           4  pid_control.o(.data)
    Cascade_Speed_KP                         0x20000020   Data           4  pid_control.o(.data)
    Cascade_Speed_KI                         0x20000024   Data           4  pid_control.o(.data)
    Cascade_Speed_KD                         0x20000028   Data           4  pid_control.o(.data)
    Direct_Speed_KP                          0x2000002c   Data           4  pid_control.o(.data)
    Direct_Speed_KI                          0x20000030   Data           4  pid_control.o(.data)
    Direct_Speed_KD                          0x20000034   Data           4  pid_control.o(.data)
    __libspace_start                         0x20000110   Data          96  libspace.o(.bss)
    __temporary_stack_top$libspace           0x20000170   Data           0  libspace.o(.bss)



==============================================================================

Memory Map of the image

  Image Entry point : 0x08000131

  Load Region LR_IROM1 (Base: 0x08000000, Size: 0x000036e8, Max: 0x00080000, ABSOLUTE)

    Execution Region ER_IROM1 (Exec base: 0x08000000, Load base: 0x08000000, Size: 0x00003694, Max: 0x00080000, ABSOLUTE)

    Exec Addr    Load Addr    Size         Type   Attr      Idx    E Section Name        Object

    0x08000000   0x08000000   0x00000130   Data   RO          132    RESET               startup_stm32f10x_hd.o
    0x08000130   0x08000130   0x00000008   Code   RO         4152  * !!!main             c_w.l(__main.o)
    0x08000138   0x08000138   0x00000034   Code   RO         4380    !!!scatter          c_w.l(__scatter.o)
    0x0800016c   0x0800016c   0x0000001a   Code   RO         4382    !!handler_copy      c_w.l(__scatter_copy.o)
    0x08000186   0x08000186   0x00000002   PAD
    0x08000188   0x08000188   0x0000001c   Code   RO         4384    !!handler_zi        c_w.l(__scatter_zi.o)
    0x080001a4   0x080001a4   0x00000002   Code   RO         4250    .ARM.Collect$$libinit$$00000000  c_w.l(libinit.o)
    0x080001a6   0x080001a6   0x00000000   Code   RO         4259    .ARM.Collect$$libinit$$00000002  c_w.l(libinit2.o)
    0x080001a6   0x080001a6   0x00000000   Code   RO         4261    .ARM.Collect$$libinit$$00000004  c_w.l(libinit2.o)
    0x080001a6   0x080001a6   0x00000000   Code   RO         4264    .ARM.Collect$$libinit$$0000000A  c_w.l(libinit2.o)
    0x080001a6   0x080001a6   0x00000000   Code   RO         4266    .ARM.Collect$$libinit$$0000000C  c_w.l(libinit2.o)
    0x080001a6   0x080001a6   0x00000000   Code   RO         4268    .ARM.Collect$$libinit$$0000000E  c_w.l(libinit2.o)
    0x080001a6   0x080001a6   0x00000000   Code   RO         4271    .ARM.Collect$$libinit$$00000011  c_w.l(libinit2.o)
    0x080001a6   0x080001a6   0x00000000   Code   RO         4273    .ARM.Collect$$libinit$$00000013  c_w.l(libinit2.o)
    0x080001a6   0x080001a6   0x00000000   Code   RO         4275    .ARM.Collect$$libinit$$00000015  c_w.l(libinit2.o)
    0x080001a6   0x080001a6   0x00000000   Code   RO         4277    .ARM.Collect$$libinit$$00000017  c_w.l(libinit2.o)
    0x080001a6   0x080001a6   0x00000000   Code   RO         4279    .ARM.Collect$$libinit$$00000019  c_w.l(libinit2.o)
    0x080001a6   0x080001a6   0x00000000   Code   RO         4281    .ARM.Collect$$libinit$$0000001B  c_w.l(libinit2.o)
    0x080001a6   0x080001a6   0x00000000   Code   RO         4283    .ARM.Collect$$libinit$$0000001D  c_w.l(libinit2.o)
    0x080001a6   0x080001a6   0x00000000   Code   RO         4285    .ARM.Collect$$libinit$$0000001F  c_w.l(libinit2.o)
    0x080001a6   0x080001a6   0x00000000   Code   RO         4287    .ARM.Collect$$libinit$$00000021  c_w.l(libinit2.o)
    0x080001a6   0x080001a6   0x00000000   Code   RO         4289    .ARM.Collect$$libinit$$00000023  c_w.l(libinit2.o)
    0x080001a6   0x080001a6   0x00000000   Code   RO         4291    .ARM.Collect$$libinit$$00000025  c_w.l(libinit2.o)
    0x080001a6   0x080001a6   0x00000000   Code   RO         4295    .ARM.Collect$$libinit$$0000002C  c_w.l(libinit2.o)
    0x080001a6   0x080001a6   0x00000000   Code   RO         4297    .ARM.Collect$$libinit$$0000002E  c_w.l(libinit2.o)
    0x080001a6   0x080001a6   0x00000000   Code   RO         4299    .ARM.Collect$$libinit$$00000030  c_w.l(libinit2.o)
    0x080001a6   0x080001a6   0x00000000   Code   RO         4301    .ARM.Collect$$libinit$$00000032  c_w.l(libinit2.o)
    0x080001a6   0x080001a6   0x00000002   Code   RO         4302    .ARM.Collect$$libinit$$00000033  c_w.l(libinit2.o)
    0x080001a8   0x080001a8   0x00000002   Code   RO         4320    .ARM.Collect$$libshutdown$$00000000  c_w.l(libshutdown.o)
    0x080001aa   0x080001aa   0x00000000   Code   RO         4330    .ARM.Collect$$libshutdown$$00000002  c_w.l(libshutdown2.o)
    0x080001aa   0x080001aa   0x00000000   Code   RO         4332    .ARM.Collect$$libshutdown$$00000004  c_w.l(libshutdown2.o)
    0x080001aa   0x080001aa   0x00000000   Code   RO         4334    .ARM.Collect$$libshutdown$$00000006  c_w.l(libshutdown2.o)
    0x080001aa   0x080001aa   0x00000000   Code   RO         4337    .ARM.Collect$$libshutdown$$00000009  c_w.l(libshutdown2.o)
    0x080001aa   0x080001aa   0x00000000   Code   RO         4340    .ARM.Collect$$libshutdown$$0000000C  c_w.l(libshutdown2.o)
    0x080001aa   0x080001aa   0x00000000   Code   RO         4342    .ARM.Collect$$libshutdown$$0000000E  c_w.l(libshutdown2.o)
    0x080001aa   0x080001aa   0x00000000   Code   RO         4345    .ARM.Collect$$libshutdown$$00000011  c_w.l(libshutdown2.o)
    0x080001aa   0x080001aa   0x00000002   Code   RO         4346    .ARM.Collect$$libshutdown$$00000012  c_w.l(libshutdown2.o)
    0x080001ac   0x080001ac   0x00000000   Code   RO         4208    .ARM.Collect$$rtentry$$00000000  c_w.l(__rtentry.o)
    0x080001ac   0x080001ac   0x00000000   Code   RO         4225    .ARM.Collect$$rtentry$$00000002  c_w.l(__rtentry2.o)
    0x080001ac   0x080001ac   0x00000006   Code   RO         4237    .ARM.Collect$$rtentry$$00000004  c_w.l(__rtentry4.o)
    0x080001b2   0x080001b2   0x00000000   Code   RO         4227    .ARM.Collect$$rtentry$$00000009  c_w.l(__rtentry2.o)
    0x080001b2   0x080001b2   0x00000004   Code   RO         4228    .ARM.Collect$$rtentry$$0000000A  c_w.l(__rtentry2.o)
    0x080001b6   0x080001b6   0x00000000   Code   RO         4230    .ARM.Collect$$rtentry$$0000000C  c_w.l(__rtentry2.o)
    0x080001b6   0x080001b6   0x00000008   Code   RO         4231    .ARM.Collect$$rtentry$$0000000D  c_w.l(__rtentry2.o)
    0x080001be   0x080001be   0x00000002   Code   RO         4256    .ARM.Collect$$rtexit$$00000000  c_w.l(rtexit.o)
    0x080001c0   0x080001c0   0x00000000   Code   RO         4304    .ARM.Collect$$rtexit$$00000002  c_w.l(rtexit2.o)
    0x080001c0   0x080001c0   0x00000004   Code   RO         4305    .ARM.Collect$$rtexit$$00000003  c_w.l(rtexit2.o)
    0x080001c4   0x080001c4   0x00000006   Code   RO         4306    .ARM.Collect$$rtexit$$00000004  c_w.l(rtexit2.o)
    0x080001ca   0x080001ca   0x00000002   PAD
    0x080001cc   0x080001cc   0x00000040   Code   RO          133    .text               startup_stm32f10x_hd.o
    0x0800020c   0x0800020c   0x00000002   Code   RO         4148    .text               c_w.l(use_no_semi_2.o)
    0x0800020e   0x0800020e   0x00000006   Code   RO         4150    .text               c_w.l(heapauxi.o)
    0x08000214   0x08000214   0x00000002   Code   RO         4206    .text               c_w.l(use_no_semi.o)
    0x08000216   0x08000216   0x0000004a   Code   RO         4241    .text               c_w.l(sys_stackheap_outer.o)
    0x08000260   0x08000260   0x00000012   Code   RO         4243    .text               c_w.l(exit.o)
    0x08000272   0x08000272   0x00000002   PAD
    0x08000274   0x08000274   0x00000008   Code   RO         4253    .text               c_w.l(libspace.o)
    0x0800027c   0x0800027c   0x00000084   Code   RO         3464    i.Encoder1_Init     encoder.o
    0x08000300   0x08000300   0x000000a0   Code   RO         3465    i.Encoder2_Init     encoder.o
    0x080003a0   0x080003a0   0x0000007c   Code   RO         3466    i.Encoder3_Init     encoder.o
    0x0800041c   0x0800041c   0x0000007c   Code   RO         3467    i.Encoder4_Init     encoder.o
    0x08000498   0x08000498   0x00000014   Code   RO         3468    i.Encoder_Init      encoder.o
    0x080004ac   0x080004ac   0x00000116   Code   RO         1350    i.GPIO_Init         stm32f10x_gpio.o
    0x080005c2   0x080005c2   0x00000002   PAD
    0x080005c4   0x080005c4   0x00000090   Code   RO         1352    i.GPIO_PinRemapConfig  stm32f10x_gpio.o
    0x08000654   0x08000654   0x00000004   Code   RO         1357    i.GPIO_ResetBits    stm32f10x_gpio.o
    0x08000658   0x08000658   0x00000004   Code   RO         1358    i.GPIO_SetBits      stm32f10x_gpio.o
    0x0800065c   0x0800065c   0x0000000a   Code   RO         1361    i.GPIO_WriteBit     stm32f10x_gpio.o
    0x08000666   0x08000666   0x00000002   PAD
    0x08000668   0x08000668   0x00000064   Code   RO         3518    i.Get_Accumulated_Position  pid_control.o
    0x080006cc   0x080006cc   0x00000050   Code   RO         3469    i.Get_Encoder_Count  encoder.o
    0x0800071c   0x0800071c   0x0000001c   Code   RO         3519    i.Get_Motor_Speed   pid_control.o
    0x08000738   0x08000738   0x0000010c   Code   RO         3229    i.Hardware_PWM_Init  tb6612.o
    0x08000844   0x08000844   0x00000050   Code   RO         4006    i.IIC_Ack           iic.o
    0x08000894   0x08000894   0x00000040   Code   RO         4007    i.IIC_Init          iic.o
    0x080008d4   0x080008d4   0x00000050   Code   RO         4008    i.IIC_NAck          iic.o
    0x08000924   0x08000924   0x00000070   Code   RO         4009    i.IIC_Read_Byte     iic.o
    0x08000994   0x08000994   0x00000068   Code   RO         4010    i.IIC_Send_Byte     iic.o
    0x080009fc   0x080009fc   0x0000004c   Code   RO         4011    i.IIC_Start         iic.o
    0x08000a48   0x08000a48   0x0000004c   Code   RO         4012    i.IIC_Stop          iic.o
    0x08000a94   0x08000a94   0x00000064   Code   RO         4013    i.IIC_Wait_Ack      iic.o
    0x08000af8   0x08000af8   0x00000078   Code   RO         3199    i.LED_Init          led.o
    0x08000b70   0x08000b70   0x0000003c   Code   RO         3201    i.LED_ON            led.o
    0x08000bac   0x08000bac   0x0000002c   Code   RO         3520    i.Limit_Value       pid_control.o
    0x08000bd8   0x08000bd8   0x00000010   Code   RO         3230    i.MOTOR_Init        tb6612.o
    0x08000be8   0x08000be8   0x00000028   Code   RO         3731    i.MY_NVIC_PriorityGroupConfig  sys.o
    0x08000c10   0x08000c10   0x00000010   Code   RO         3732    i.MY_NVIC_SetVectorTable  sys.o
    0x08000c20   0x08000c20   0x0000006c   Code   RO         3231    i.Motor_Direction_Init  tb6612.o
    0x08000c8c   0x08000c8c   0x00000124   Code   RO         3232    i.Motor_SetDirection  tb6612.o
    0x08000db0   0x08000db0   0x00000058   Code   RO         3233    i.Motor_SetPWM      tb6612.o
    0x08000e08   0x08000e08   0x00000044   Code   RO         3234    i.Move_stop         tb6612.o
    0x08000e4c   0x08000e4c   0x00000070   Code   RO          137    i.NVIC_Init         misc.o
    0x08000ebc   0x08000ebc   0x0000002a   Code   RO         3286    i.OLED_Clear        oled.o
    0x08000ee6   0x08000ee6   0x00000002   PAD
    0x08000ee8   0x08000ee8   0x0000004c   Code   RO         3287    i.OLED_I2C_Init     oled.o
    0x08000f34   0x08000f34   0x00000058   Code   RO         3288    i.OLED_I2C_SendByte  oled.o
    0x08000f8c   0x08000f8c   0x00000030   Code   RO         3289    i.OLED_I2C_Start    oled.o
    0x08000fbc   0x08000fbc   0x00000028   Code   RO         3290    i.OLED_I2C_Stop     oled.o
    0x08000fe4   0x08000fe4   0x000000ae   Code   RO         3291    i.OLED_Init         oled.o
    0x08001092   0x08001092   0x00000022   Code   RO         3293    i.OLED_SetCursor    oled.o
    0x080010b4   0x080010b4   0x00000020   Code   RO         3300    i.OLED_WriteCommand  oled.o
    0x080010d4   0x080010d4   0x00000020   Code   RO         3301    i.OLED_WriteData    oled.o
    0x080010f4   0x080010f4   0x0000006c   Code   RO         3631    i.OpenMV_Control_Init  openmv_control.o
    0x08001160   0x08001160   0x000000d4   Code   RO         3638    i.OpenMV_Process_Data  openmv_control.o
    0x08001234   0x08001234   0x00000028   Code   RO         3641    i.OpenMV_Send_Color_Recorded  openmv_control.o
    0x0800125c   0x0800125c   0x0000001c   Code   RO         3394    i.PCA9685_Init      pca9685.o
    0x08001278   0x08001278   0x0000003a   Code   RO         3395    i.PCA9685_read      pca9685.o
    0x080012b2   0x080012b2   0x0000002e   Code   RO         3396    i.PCA9685_write     pca9685.o
    0x080012e0   0x080012e0   0x000000a0   Code   RO         3523    i.PID_Control_Init  pid_control.o
    0x08001380   0x08001380   0x000000dc   Code   RO         3526    i.Position_PID_RPM  pid_control.o
    0x0800145c   0x0800145c   0x00000020   Code   RO         1778    i.RCC_APB1PeriphClockCmd  stm32f10x_rcc.o
    0x0800147c   0x0800147c   0x00000020   Code   RO         1780    i.RCC_APB2PeriphClockCmd  stm32f10x_rcc.o
    0x0800149c   0x0800149c   0x000000d4   Code   RO         1788    i.RCC_GetClocksFreq  stm32f10x_rcc.o
    0x08001570   0x08001570   0x00000050   Code   RO         3471    i.Reset_Encoder     encoder.o
    0x080015c0   0x080015c0   0x0000003c   Code   RO         3528    i.Reset_Motor_State  pid_control.o
    0x080015fc   0x080015fc   0x00000008   Code   RO            1    i.SetSysClock       system_stm32f10x.o
    0x08001604   0x08001604   0x000000e0   Code   RO            2    i.SetSysClockTo72   system_stm32f10x.o
    0x080016e4   0x080016e4   0x00000060   Code   RO         3235    i.Set_Motor_PWM     tb6612.o
    0x08001744   0x08001744   0x000000dc   Code   RO         3531    i.Speed_PID_Calculate  pid_control.o
    0x08001820   0x08001820   0x00000098   Code   RO         3733    i.Stm32_Clock_Init  sys.o
    0x080018b8   0x080018b8   0x00000060   Code   RO            4    i.SystemInit        system_stm32f10x.o
    0x08001918   0x08001918   0x00000120   Code   RO         3532    i.TIM6_IRQHandler   pid_control.o
    0x08001a38   0x08001a38   0x00000006   Code   RO         2419    i.TIM_ClearITPendingBit  stm32f10x_tim.o
    0x08001a3e   0x08001a3e   0x00000018   Code   RO         2424    i.TIM_Cmd           stm32f10x_tim.o
    0x08001a56   0x08001a56   0x0000001e   Code   RO         2426    i.TIM_CtrlPWMOutputs  stm32f10x_tim.o
    0x08001a74   0x08001a74   0x00000042   Code   RO         2433    i.TIM_EncoderInterfaceConfig  stm32f10x_tim.o
    0x08001ab6   0x08001ab6   0x00000006   Code   RO         2443    i.TIM_GetCounter    stm32f10x_tim.o
    0x08001abc   0x08001abc   0x00000022   Code   RO         2445    i.TIM_GetITStatus   stm32f10x_tim.o
    0x08001ade   0x08001ade   0x00000012   Code   RO         2449    i.TIM_ITConfig      stm32f10x_tim.o
    0x08001af0   0x08001af0   0x00000098   Code   RO         2453    i.TIM_OC1Init       stm32f10x_tim.o
    0x08001b88   0x08001b88   0x00000012   Code   RO         2456    i.TIM_OC1PreloadConfig  stm32f10x_tim.o
    0x08001b9a   0x08001b9a   0x00000002   PAD
    0x08001b9c   0x08001b9c   0x000000a4   Code   RO         2458    i.TIM_OC2Init       stm32f10x_tim.o
    0x08001c40   0x08001c40   0x0000001a   Code   RO         2461    i.TIM_OC2PreloadConfig  stm32f10x_tim.o
    0x08001c5a   0x08001c5a   0x00000002   PAD
    0x08001c5c   0x08001c5c   0x000000a0   Code   RO         2463    i.TIM_OC3Init       stm32f10x_tim.o
    0x08001cfc   0x08001cfc   0x00000012   Code   RO         2466    i.TIM_OC3PreloadConfig  stm32f10x_tim.o
    0x08001d0e   0x08001d0e   0x00000002   PAD
    0x08001d10   0x08001d10   0x0000007c   Code   RO         2468    i.TIM_OC4Init       stm32f10x_tim.o
    0x08001d8c   0x08001d8c   0x0000001a   Code   RO         2470    i.TIM_OC4PreloadConfig  stm32f10x_tim.o
    0x08001da6   0x08001da6   0x00000004   Code   RO         2485    i.TIM_SetCompare1   stm32f10x_tim.o
    0x08001daa   0x08001daa   0x00000004   Code   RO         2486    i.TIM_SetCompare2   stm32f10x_tim.o
    0x08001dae   0x08001dae   0x00000004   Code   RO         2487    i.TIM_SetCompare3   stm32f10x_tim.o
    0x08001db2   0x08001db2   0x00000006   Code   RO         2488    i.TIM_SetCompare4   stm32f10x_tim.o
    0x08001db8   0x08001db8   0x00000004   Code   RO         2489    i.TIM_SetCounter    stm32f10x_tim.o
    0x08001dbc   0x08001dbc   0x000000a4   Code   RO         2495    i.TIM_TimeBaseInit  stm32f10x_tim.o
    0x08001e60   0x08001e60   0x00000028   Code   RO         3948    i.UART5_IRQHandler  usart5.o
    0x08001e88   0x08001e88   0x00000030   Code   RO         3900    i.USART2_IRQHandler  usart2.o
    0x08001eb8   0x08001eb8   0x0000001e   Code   RO         2960    i.USART_ClearITPendingBit  stm32f10x_usart.o
    0x08001ed6   0x08001ed6   0x00000018   Code   RO         2963    i.USART_Cmd         stm32f10x_usart.o
    0x08001eee   0x08001eee   0x0000001a   Code   RO         2966    i.USART_GetFlagStatus  stm32f10x_usart.o
    0x08001f08   0x08001f08   0x00000054   Code   RO         2967    i.USART_GetITStatus  stm32f10x_usart.o
    0x08001f5c   0x08001f5c   0x0000004a   Code   RO         2969    i.USART_ITConfig    stm32f10x_usart.o
    0x08001fa6   0x08001fa6   0x00000002   PAD
    0x08001fa8   0x08001fa8   0x000000d8   Code   RO         2970    i.USART_Init        stm32f10x_usart.o
    0x08002080   0x08002080   0x0000000a   Code   RO         2977    i.USART_ReceiveData  stm32f10x_usart.o
    0x0800208a   0x0800208a   0x00000008   Code   RO         2980    i.USART_SendData    stm32f10x_usart.o
    0x08002092   0x08002092   0x00000002   PAD
    0x08002094   0x08002094   0x000000a4   Code   RO         3901    i.Usart2_Init       usart2.o
    0x08002138   0x08002138   0x00000020   Code   RO         3902    i.Usart2_SendChar   usart2.o
    0x08002158   0x08002158   0x000000a8   Code   RO         3949    i.Usart5_Init       usart5.o
    0x08002200   0x08002200   0x00000004   Code   RO         3953    i._sys_exit         usart5.o
    0x08002204   0x08002204   0x00000064   Code   RO         3397    i.calculate_PWM     pca9685.o
    0x08002268   0x08002268   0x00000090   Code   RO         3398    i.crazyMe           pca9685.o
    0x080022f8   0x080022f8   0x00000030   Code   RO         3826    i.delay_init        delay.o
    0x08002328   0x08002328   0x00000018   Code   RO         3827    i.delay_ms          delay.o
    0x08002340   0x08002340   0x0000003c   Code   RO         3829    i.delay_us          delay.o
    0x0800237c   0x0800237c   0x000000dc   Code   RO         4203    i.floor             m_ws.l(floor.o)
    0x08002458   0x08002458   0x00000022   Code   RO         3904    i.get_packet_length  usart2.o
    0x0800247a   0x0800247a   0x00000042   Code   RO         4063    i.init              main.o
    0x080024bc   0x080024bc   0x0000003a   Code   RO         4064    i.main              main.o
    0x080024f6   0x080024f6   0x00000002   PAD
    0x080024f8   0x080024f8   0x00000080   Code   RO         3905    i.process_openmv_byte  usart2.o
    0x08002578   0x08002578   0x0000003a   Code   RO         3400    i.setPWM            pca9685.o
    0x080025b2   0x080025b2   0x00000002   PAD
    0x080025b4   0x080025b4   0x00000098   Code   RO         3401    i.setPWMFreq        pca9685.o
    0x0800264c   0x0800264c   0x00000150   Code   RO         4154    x$fpl$dadd          fz_ws.l(daddsub_clz.o)
    0x0800279c   0x0800279c   0x00000018   Code   RO         4251    x$fpl$dcmpinf       fz_ws.l(dcmpi.o)
    0x080027b4   0x080027b4   0x000002b0   Code   RO         4161    x$fpl$ddiv          fz_ws.l(ddiv.o)
    0x08002a64   0x08002a64   0x0000005a   Code   RO         4164    x$fpl$dfixu         fz_ws.l(dfixu.o)
    0x08002abe   0x08002abe   0x0000002e   Code   RO         4169    x$fpl$dflt          fz_ws.l(dflt_clz.o)
    0x08002aec   0x08002aec   0x00000026   Code   RO         4168    x$fpl$dfltu         fz_ws.l(dflt_clz.o)
    0x08002b12   0x08002b12   0x00000002   PAD
    0x08002b14   0x08002b14   0x00000078   Code   RO         4239    x$fpl$dleqf         fz_ws.l(dleqf.o)
    0x08002b8c   0x08002b8c   0x00000154   Code   RO         4174    x$fpl$dmul          fz_ws.l(dmul.o)
    0x08002ce0   0x08002ce0   0x0000009c   Code   RO         4209    x$fpl$dnaninf       fz_ws.l(dnaninf.o)
    0x08002d7c   0x08002d7c   0x0000000c   Code   RO         4211    x$fpl$dretinf       fz_ws.l(dretinf.o)
    0x08002d88   0x08002d88   0x0000006c   Code   RO         4213    x$fpl$drleqf        fz_ws.l(drleqf.o)
    0x08002df4   0x08002df4   0x00000016   Code   RO         4155    x$fpl$drsb          fz_ws.l(daddsub_clz.o)
    0x08002e0a   0x08002e0a   0x00000002   PAD
    0x08002e0c   0x08002e0c   0x000001d4   Code   RO         4156    x$fpl$dsub          fz_ws.l(daddsub_clz.o)
    0x08002fe0   0x08002fe0   0x000000c4   Code   RO         4176    x$fpl$fadd          fz_ws.l(faddsub_clz.o)
    0x080030a4   0x080030a4   0x00000018   Code   RO         4215    x$fpl$fcmpinf       fz_ws.l(fcmpi.o)
    0x080030bc   0x080030bc   0x00000184   Code   RO         4183    x$fpl$fdiv          fz_ws.l(fdiv.o)
    0x08003240   0x08003240   0x00000068   Code   RO         4186    x$fpl$feqf          fz_ws.l(feqf.o)
    0x080032a8   0x080032a8   0x00000036   Code   RO         4188    x$fpl$ffix          fz_ws.l(ffix.o)
    0x080032de   0x080032de   0x00000002   PAD
    0x080032e0   0x080032e0   0x00000030   Code   RO         4193    x$fpl$fflt          fz_ws.l(fflt_clz.o)
    0x08003310   0x08003310   0x00000068   Code   RO         4217    x$fpl$fleqf         fz_ws.l(fleqf.o)
    0x08003378   0x08003378   0x00000102   Code   RO         4198    x$fpl$fmul          fz_ws.l(fmul.o)
    0x0800347a   0x0800347a   0x0000008c   Code   RO         4219    x$fpl$fnaninf       fz_ws.l(fnaninf.o)
    0x08003506   0x08003506   0x0000000a   Code   RO         4221    x$fpl$fretinf       fz_ws.l(fretinf.o)
    0x08003510   0x08003510   0x00000062   Code   RO         4200    x$fpl$frleqf        fz_ws.l(frleqf.o)
    0x08003572   0x08003572   0x00000014   Code   RO         4177    x$fpl$frsb          fz_ws.l(faddsub_clz.o)
    0x08003586   0x08003586   0x00000002   PAD
    0x08003588   0x08003588   0x000000ea   Code   RO         4178    x$fpl$fsub          fz_ws.l(faddsub_clz.o)
    0x08003672   0x08003672   0x00000000   Code   RO         4223    x$fpl$usenofp       fz_ws.l(usenofp.o)
    0x08003672   0x08003672   0x00000002   PAD
    0x08003674   0x08003674   0x00000020   Data   RO         4378    Region$$Table       anon$$obj.o


    Execution Region RW_IRAM1 (Exec base: 0x20000000, Load base: 0x08003694, Size: 0x00000770, Max: 0x00010000, ABSOLUTE)

    Exec Addr    Load Addr    Size         Type   Attr      Idx    E Section Name        Object

    0x20000000   0x08003694   0x00000014   Data   RW         1808    .data               stm32f10x_rcc.o
    0x20000014   0x080036a8   0x00000024   Data   RW         3534    .data               pid_control.o
    0x20000038   0x080036cc   0x00000018   Data   RW         3644    .data               openmv_control.o
    0x20000050   0x080036e4   0x00000004   Data   RW         3831    .data               delay.o
    0x20000054        -       0x000000b0   Zero   RW         3533    .bss                pid_control.o
    0x20000104        -       0x0000000b   Zero   RW         3906    .bss                usart2.o
    0x2000010f   0x080036e8   0x00000001   PAD
    0x20000110        -       0x00000060   Zero   RW         4254    .bss                c_w.l(libspace.o)
    0x20000170        -       0x00000200   Zero   RW          131    HEAP                startup_stm32f10x_hd.o
    0x20000370        -       0x00000400   Zero   RW          130    STACK               startup_stm32f10x_hd.o


==============================================================================

Image component sizes


      Code (inc. data)   RO Data    RW Data    ZI Data      Debug   Object Name

         0          0          0          0          0         32   core_cm3.o
       132         12          0          4          0       1607   delay.o
       720         78          0          0          0       3731   encoder.o
       692        108          0          0          0       3978   iic.o
       180         26          0          0          0       1004   led.o
       124          0          0          0          0        890   main.o
       112         12          0          0          0     205648   misc.o
       566         20          0          0          0       4508   oled.o
       360         96          0         24          0       2813   openmv_control.o
       586         36          0          0          0       4062   pca9685.o
      1120        132          0         36        176       7030   pid_control.o
        64         26        304          0       1536        788   startup_stm32f10x_hd.o
         0          0          0          0          0       1652   stm32f10x_adc.o
       440          6          0          0          0      12514   stm32f10x_gpio.o
       276         32          0         20          0      12950   stm32f10x_rcc.o
      1058         92          0          0          0      32782   stm32f10x_tim.o
       472          6          0          0          0      12431   stm32f10x_usart.o
       208         20          0          0          0       1618   sys.o
       328         28          0          0          0      49689   system_stm32f10x.o
       936         52          0          0          0       5080   tb6612.o
       406         26          0          0         11       3264   usart2.o
       212         20          0          0          0       1605   usart5.o

    ----------------------------------------------------------------------
      9012        828        336         84       1724     369676   Object Totals
         0          0         32          0          0          0   (incl. Generated)
        20          0          0          0          1          0   (incl. Padding)

    ----------------------------------------------------------------------

      Code (inc. data)   RO Data    RW Data    ZI Data      Debug   Library Member Name

         8          0          0          0          0         68   __main.o
         0          0          0          0          0          0   __rtentry.o
        12          0          0          0          0          0   __rtentry2.o
         6          0          0          0          0          0   __rtentry4.o
        52          8          0          0          0          0   __scatter.o
        26          0          0          0          0          0   __scatter_copy.o
        28          0          0          0          0          0   __scatter_zi.o
        18          0          0          0          0         80   exit.o
         6          0          0          0          0        152   heapauxi.o
         2          0          0          0          0          0   libinit.o
         2          0          0          0          0          0   libinit2.o
         2          0          0          0          0          0   libshutdown.o
         2          0          0          0          0          0   libshutdown2.o
         8          4          0          0         96         68   libspace.o
         2          0          0          0          0          0   rtexit.o
        10          0          0          0          0          0   rtexit2.o
        74          0          0          0          0         80   sys_stackheap_outer.o
         2          0          0          0          0         68   use_no_semi.o
         2          0          0          0          0         68   use_no_semi_2.o
       826         16          0          0          0        348   daddsub_clz.o
        24          0          0          0          0         68   dcmpi.o
       688        140          0          0          0        208   ddiv.o
        90          4          0          0          0         92   dfixu.o
        84          0          0          0          0        136   dflt_clz.o
       120          4          0          0          0         92   dleqf.o
       340         12          0          0          0        104   dmul.o
       156          4          0          0          0         92   dnaninf.o
        12          0          0          0          0         68   dretinf.o
       108          0          0          0          0         80   drleqf.o
       450          8          0          0          0        236   faddsub_clz.o
        24          0          0          0          0         68   fcmpi.o
       388         76          0          0          0         96   fdiv.o
       104          4          0          0          0         84   feqf.o
        54          4          0          0          0         84   ffix.o
        48          0          0          0          0         68   fflt_clz.o
       104          4          0          0          0         84   fleqf.o
       258          4          0          0          0         84   fmul.o
       140          4          0          0          0         84   fnaninf.o
        10          0          0          0          0         68   fretinf.o
        98          0          0          0          0         68   frleqf.o
         0          0          0          0          0          0   usenofp.o
       220         16          0          0          0         84   floor.o

    ----------------------------------------------------------------------
      4624        312          0          0         96       2980   Library Totals
        16          0          0          0          0          0   (incl. Padding)

    ----------------------------------------------------------------------

      Code (inc. data)   RO Data    RW Data    ZI Data      Debug   Library Name

       262         12          0          0         96        584   c_w.l
      4126        284          0          0          0       2312   fz_ws.l
       220         16          0          0          0         84   m_ws.l

    ----------------------------------------------------------------------
      4624        312          0          0         96       2980   Library Totals

    ----------------------------------------------------------------------

==============================================================================


      Code (inc. data)   RO Data    RW Data    ZI Data      Debug   

     13636       1140        336         84       1820     365684   Grand Totals
     13636       1140        336         84       1820     365684   ELF Image Totals
     13636       1140        336         84          0          0   ROM Totals

==============================================================================

    Total RO  Size (Code + RO Data)                13972 (  13.64kB)
    Total RW  Size (RW Data + ZI Data)              1904 (   1.86kB)
    Total ROM Size (Code + RO Data + RW Data)      14056 (  13.73kB)

==============================================================================

